Component: Arm Compiler for Embedded 6.22 Tool: armlink [5ee90200]

==============================================================================

Section Cross References

    startup_stm32g474xx.o(RESET) refers to startup_stm32g474xx.o(STACK) for __initial_sp
    startup_stm32g474xx.o(RESET) refers to startup_stm32g474xx.o(.text) for Reset_Handler
    startup_stm32g474xx.o(RESET) refers to stm32g4xx_it.o(.text.NMI_Handler) for NMI_Handler
    startup_stm32g474xx.o(RESET) refers to stm32g4xx_it.o(.text.HardFault_Handler) for HardFault_Handler
    startup_stm32g474xx.o(RESET) refers to stm32g4xx_it.o(.text.MemManage_Handler) for MemManage_Handler
    startup_stm32g474xx.o(RESET) refers to stm32g4xx_it.o(.text.BusFault_Handler) for BusFault_Handler
    startup_stm32g474xx.o(RESET) refers to stm32g4xx_it.o(.text.UsageFault_Handler) for UsageFault_Handler
    startup_stm32g474xx.o(RESET) refers to stm32g4xx_it.o(.text.SVC_Handler) for SVC_Handler
    startup_stm32g474xx.o(RESET) refers to stm32g4xx_it.o(.text.DebugMon_Handler) for DebugMon_Handler
    startup_stm32g474xx.o(RESET) refers to stm32g4xx_it.o(.text.PendSV_Handler) for PendSV_Handler
    startup_stm32g474xx.o(RESET) refers to stm32g4xx_it.o(.text.SysTick_Handler) for SysTick_Handler
    startup_stm32g474xx.o(RESET) refers to stm32g4xx_it.o(.text.EXTI4_IRQHandler) for EXTI4_IRQHandler
    startup_stm32g474xx.o(RESET) refers to stm32g4xx_it.o(.text.DMA1_Channel1_IRQHandler) for DMA1_Channel1_IRQHandler
    startup_stm32g474xx.o(RESET) refers to stm32g4xx_it.o(.text.DMA1_Channel2_IRQHandler) for DMA1_Channel2_IRQHandler
    startup_stm32g474xx.o(RESET) refers to stm32g4xx_it.o(.text.EXTI9_5_IRQHandler) for EXTI9_5_IRQHandler
    startup_stm32g474xx.o(RESET) refers to stm32g4xx_it.o(.text.USART1_IRQHandler) for USART1_IRQHandler
    startup_stm32g474xx.o(.text) refers to system_stm32g4xx.o(.text.SystemInit) for SystemInit
    startup_stm32g474xx.o(.text) refers to entry.o(.ARM.Collect$$$$00000000) for __main
    main.o(.ARM.exidx.text.HAL_GPIO_EXTI_Callback) refers to main.o(.text.HAL_GPIO_EXTI_Callback) for [Anonymous Symbol]
    main.o(.text.main) refers to stm32g4xx_hal.o(.text.HAL_Init) for HAL_Init
    main.o(.text.main) refers to main.o(.text.SystemClock_Config) for SystemClock_Config
    main.o(.text.main) refers to gpio.o(.text.MX_GPIO_Init) for MX_GPIO_Init
    main.o(.text.main) refers to dma.o(.text.MX_DMA_Init) for MX_DMA_Init
    main.o(.text.main) refers to usart.o(.text.MX_USART1_UART_Init) for MX_USART1_UART_Init
    main.o(.text.main) refers to usart.o(.bss.huart1) for huart1
    main.o(.text.main) refers to main.o(.data.UART_temp1) for UART_temp1
    main.o(.text.main) refers to stm32g4xx_hal_uart.o(.text.HAL_UART_Receive) for HAL_UART_Receive
    main.o(.text.main) refers to lcd.o(.text.LCD_Initial) for LCD_Initial
    main.o(.text.main) refers to lcd.o(.text.Lcd_ColorBox) for Lcd_ColorBox
    main.o(.text.main) refers to lcd.o(.text.BlockWrite) for BlockWrite
    main.o(.text.main) refers to stm32g4xx_hal.o(.text.HAL_Delay) for HAL_Delay
    main.o(.text.main) refers to main.o(.rodata.str1.1) for .L.str
    main.o(.text.main) refers to lcd.o(.text.LCD_PutString) for LCD_PutString
    main.o(.text.main) refers to stm32g4xx_hal_gpio.o(.text.HAL_GPIO_ReadPin) for HAL_GPIO_ReadPin
    main.o(.text.main) refers to main.o(.bss.mode) for mode
    main.o(.text.main) refers to led.o(.text.LED_ALL_OFF) for LED_ALL_OFF
    main.o(.text.main) refers to led.o(.text.LED_red_ON) for LED_red_ON
    main.o(.text.main) refers to stm32g4xx_hal_uart.o(.text.HAL_UART_Transmit) for HAL_UART_Transmit
    main.o(.text.main) refers to main.o(.bss.sendData) for sendData
    main.o(.text.main) refers to printfa.o(i.__0sprintf) for sprintf
    main.o(.text.main) refers to strlen.o(.text) for strlen
    main.o(.text.main) refers to led.o(.text.LED_green_ON) for LED_green_ON
    main.o(.text.main) refers to led.o(.text.LED_ALL_ON) for LED_ALL_ON
    main.o(.text.main) refers to memcpya.o(.text) for __aeabi_memcpy
    main.o(.text.main) refers to main.o(.bss.UART_temp2) for UART_temp2
    main.o(.text.main) refers to main.o(.bss.UART_temp3) for UART_temp3
    main.o(.text.main) refers to memcmp.o(.text) for memcmp
    main.o(.text.main) refers to main.o(.rodata.picA) for picA
    main.o(.text.main) refers to lcd.o(.text.LCD_Fill_Pic) for LCD_Fill_Pic
    main.o(.text.main) refers to main.o(.rodata.pic2) for pic2
    main.o(.text.main) refers to main.o(.rodata.pic0) for pic0
    main.o(.text.main) refers to main.o(.rodata.pic1) for pic1
    main.o(.text.main) refers to main.o(.rodata.pic7) for pic7
    main.o(.text.main) refers to main.o(.rodata.pic6) for pic6
    main.o(.text.main) refers to main.o(.rodata.piclfy) for piclfy
    main.o(.text.main) refers to main.o(.rodata.picB) for picB
    main.o(.text.main) refers to main.o(.rodata.picmxy) for picmxy
    main.o(.text.main) refers to main.o(.rodata.picC) for picC
[...]
    Removing stm32g4xx_hal_pwr.o(.text), (0 bytes).
    Removing stm32g4xx_hal_pwr.o(.text.HAL_PWR_DeInit), (26 bytes).
    Removing stm32g4xx_hal_pwr.o(.ARM.exidx.text.HAL_PWR_DeInit), (8 bytes).
    Removing stm32g4xx_hal_pwr.o(.text.HAL_PWR_EnableBkUpAccess), (18 bytes).
    Removing stm32g4xx_hal_pwr.o(.ARM.exidx.text.HAL_PWR_EnableBkUpAccess), (8 bytes).
    Removing stm32g4xx_hal_pwr.o(.text.HAL_PWR_DisableBkUpAccess), (18 bytes).
    Removing stm32g4xx_hal_pwr.o(.ARM.exidx.text.HAL_PWR_DisableBkUpAccess), (8 bytes).
    Removing stm32g4xx_hal_pwr.o(.text.HAL_PWR_ConfigPVD), (212 bytes).
    Removing stm32g4xx_hal_pwr.o(.ARM.exidx.text.HAL_PWR_ConfigPVD), (8 bytes).
    Removing stm32g4xx_hal_pwr.o(.text.HAL_PWR_EnablePVD), (18 bytes).
    Removing stm32g4xx_hal_pwr.o(.ARM.exidx.text.HAL_PWR_EnablePVD), (8 bytes).
    Removing stm32g4xx_hal_pwr.o(.text.HAL_PWR_DisablePVD), (18 bytes).
    Removing stm32g4xx_hal_pwr.o(.ARM.exidx.text.HAL_PWR_DisablePVD), (8 bytes).
    Removing stm32g4xx_hal_pwr.o(.text.HAL_PWR_EnableWakeUpPin), (56 bytes).
    Removing stm32g4xx_hal_pwr.o(.ARM.exidx.text.HAL_PWR_EnableWakeUpPin), (8 bytes).
    Removing stm32g4xx_hal_pwr.o(.text.HAL_PWR_DisableWakeUpPin), (32 bytes).
    Removing stm32g4xx_hal_pwr.o(.ARM.exidx.text.HAL_PWR_DisableWakeUpPin), (8 bytes).
    Removing stm32g4xx_hal_pwr.o(.text.HAL_PWR_EnterSLEEPMode), (116 bytes).
    Removing stm32g4xx_hal_pwr.o(.ARM.exidx.text.HAL_PWR_EnterSLEEPMode), (8 bytes).
    Removing stm32g4xx_hal_pwr.o(.text.HAL_PWR_EnterSTOPMode), (44 bytes).
    Removing stm32g4xx_hal_pwr.o(.ARM.exidx.text.HAL_PWR_EnterSTOPMode), (8 bytes).
    Removing stm32g4xx_hal_pwr.o(.text.HAL_PWR_EnterSTANDBYMode), (38 bytes).
    Removing stm32g4xx_hal_pwr.o(.ARM.exidx.text.HAL_PWR_EnterSTANDBYMode), (8 bytes).
    Removing stm32g4xx_hal_pwr.o(.text.HAL_PWR_EnableSleepOnExit), (18 bytes).
    Removing stm32g4xx_hal_pwr.o(.ARM.exidx.text.HAL_PWR_EnableSleepOnExit), (8 bytes).
    Removing stm32g4xx_hal_pwr.o(.text.HAL_PWR_DisableSleepOnExit), (18 bytes).
    Removing stm32g4xx_hal_pwr.o(.ARM.exidx.text.HAL_PWR_DisableSleepOnExit), (8 bytes).
    Removing stm32g4xx_hal_pwr.o(.text.HAL_PWR_EnableSEVOnPend), (18 bytes).
    Removing stm32g4xx_hal_pwr.o(.ARM.exidx.text.HAL_PWR_EnableSEVOnPend), (8 bytes).
    Removing stm32g4xx_hal_pwr.o(.text.HAL_PWR_DisableSEVOnPend), (18 bytes).
    Removing stm32g4xx_hal_pwr.o(.ARM.exidx.text.HAL_PWR_DisableSEVOnPend), (8 bytes).
    Removing stm32g4xx_hal_pwr.o(.text.HAL_PWR_PVDCallback), (2 bytes).
    Removing stm32g4xx_hal_pwr.o(.ARM.exidx.text.HAL_PWR_PVDCallback), (8 bytes).
    Removing stm32g4xx_hal_cortex.o(.text), (0 bytes).
    Removing stm32g4xx_hal_cortex.o(.ARM.exidx.text.HAL_NVIC_SetPriorityGrouping), (8 bytes).
    Removing stm32g4xx_hal_cortex.o(.ARM.exidx.text.__NVIC_SetPriorityGrouping), (8 bytes).
    Removing stm32g4xx_hal_cortex.o(.ARM.exidx.text.HAL_NVIC_SetPriority), (8 bytes).
    Removing stm32g4xx_hal_cortex.o(.ARM.exidx.text.__NVIC_GetPriorityGrouping), (8 bytes).
    Removing stm32g4xx_hal_cortex.o(.ARM.exidx.text.__NVIC_SetPriority), (8 bytes).
    Removing stm32g4xx_hal_cortex.o(.ARM.exidx.text.NVIC_EncodePriority), (8 bytes).
    Removing stm32g4xx_hal_cortex.o(.ARM.exidx.text.HAL_NVIC_EnableIRQ), (8 bytes).
    Removing stm32g4xx_hal_cortex.o(.ARM.exidx.text.__NVIC_EnableIRQ), (8 bytes).
    Removing stm32g4xx_hal_cortex.o(.text.HAL_NVIC_DisableIRQ), (20 bytes).
    Removing stm32g4xx_hal_cortex.o(.ARM.exidx.text.HAL_NVIC_DisableIRQ), (8 bytes).
    Removing stm32g4xx_hal_cortex.o(.text.__NVIC_DisableIRQ), (56 bytes).
    Removing stm32g4xx_hal_cortex.o(.ARM.exidx.text.__NVIC_DisableIRQ), (8 bytes).
    Removing stm32g4xx_hal_cortex.o(.text.HAL_NVIC_SystemReset), (4 bytes).
    Removing stm32g4xx_hal_cortex.o(.ARM.exidx.text.HAL_NVIC_SystemReset), (8 bytes).
    Removing stm32g4xx_hal_cortex.o(.text.__NVIC_SystemReset), (38 bytes).
    Removing stm32g4xx_hal_cortex.o(.ARM.exidx.text.__NVIC_SystemReset), (8 bytes).
    Removing stm32g4xx_hal_cortex.o(.ARM.exidx.text.HAL_SYSTICK_Config), (8 bytes).
    Removing stm32g4xx_hal_cortex.o(.ARM.exidx.text.SysTick_Config), (8 bytes).
    Removing stm32g4xx_hal_cortex.o(.text.HAL_NVIC_GetPriorityGrouping), (8 bytes).
    Removing stm32g4xx_hal_cortex.o(.ARM.exidx.text.HAL_NVIC_GetPriorityGrouping), (8 bytes).
    Removing stm32g4xx_hal_cortex.o(.text.HAL_NVIC_GetPriority), (36 bytes).
    Removing stm32g4xx_hal_cortex.o(.ARM.exidx.text.HAL_NVIC_GetPriority), (8 bytes).
    Removing stm32g4xx_hal_cortex.o(.text.NVIC_DecodePriority), (118 bytes).
    Removing stm32g4xx_hal_cortex.o(.ARM.exidx.text.NVIC_DecodePriority), (8 bytes).
    Removing stm32g4xx_hal_cortex.o(.text.__NVIC_GetPriority), (66 bytes).
    Removing stm32g4xx_hal_cortex.o(.ARM.exidx.text.__NVIC_GetPriority), (8 bytes).
    Removing stm32g4xx_hal_cortex.o(.text.HAL_NVIC_SetPendingIRQ), (20 bytes).
    Removing stm32g4xx_hal_cortex.o(.ARM.exidx.text.HAL_NVIC_SetPendingIRQ), (8 bytes).
    Removing stm32g4xx_hal_cortex.o(.text.__NVIC_SetPendingIRQ), (48 bytes).
    Removing stm32g4xx_hal_cortex.o(.ARM.exidx.text.__NVIC_SetPendingIRQ), (8 bytes).
    Removing stm32g4xx_hal_cortex.o(.text.HAL_NVIC_GetPendingIRQ), (20 bytes).
    Removing stm32g4xx_hal_cortex.o(.ARM.exidx.text.HAL_NVIC_GetPendingIRQ), (8 bytes).
    Removing stm32g4xx_hal_cortex.o(.text.__NVIC_GetPendingIRQ), (64 bytes).
    Removing stm32g4xx_hal_cortex.o(.ARM.exidx.text.__NVIC_GetPendingIRQ), (8 bytes).
    Removing stm32g4xx_hal_cortex.o(.text.HAL_NVIC_ClearPendingIRQ), (20 bytes).
    Removing stm32g4xx_hal_cortex.o(.ARM.exidx.text.HAL_NVIC_ClearPendingIRQ), (8 bytes).
    Removing stm32g4xx_hal_cortex.o(.text.__NVIC_ClearPendingIRQ), (48 bytes).
    Removing stm32g4xx_hal_cortex.o(.ARM.exidx.text.__NVIC_ClearPendingIRQ), (8 bytes).
    Removing stm32g4xx_hal_cortex.o(.text.HAL_NVIC_GetActive), (20 bytes).
    Removing stm32g4xx_hal_cortex.o(.ARM.exidx.text.HAL_NVIC_GetActive), (8 bytes).
    Removing stm32g4xx_hal_cortex.o(.text.__NVIC_GetActive), (64 bytes).
    Removing stm32g4xx_hal_cortex.o(.ARM.exidx.text.__NVIC_GetActive), (8 bytes).
    Removing stm32g4xx_hal_cortex.o(.text.HAL_SYSTICK_CLKSourceConfig), (52 bytes).
    Removing stm32g4xx_hal_cortex.o(.ARM.exidx.text.HAL_SYSTICK_CLKSourceConfig), (8 bytes).
    Removing stm32g4xx_hal_cortex.o(.text.HAL_SYSTICK_IRQHandler), (8 bytes).
    Removing stm32g4xx_hal_cortex.o(.ARM.exidx.text.HAL_SYSTICK_IRQHandler), (8 bytes).
    Removing stm32g4xx_hal_cortex.o(.text.HAL_SYSTICK_Callback), (2 bytes).
    Removing stm32g4xx_hal_cortex.o(.ARM.exidx.text.HAL_SYSTICK_Callback), (8 bytes).
    Removing stm32g4xx_hal_cortex.o(.text.HAL_MPU_Enable), (32 bytes).
    Removing stm32g4xx_hal_cortex.o(.ARM.exidx.text.HAL_MPU_Enable), (8 bytes).
    Removing stm32g4xx_hal_cortex.o(.text.HAL_MPU_Disable), (18 bytes).
    Removing stm32g4xx_hal_cortex.o(.ARM.exidx.text.HAL_MPU_Disable), (8 bytes).
    Removing stm32g4xx_hal_cortex.o(.text.HAL_MPU_ConfigRegion), (158 bytes).
    Removing stm32g4xx_hal_cortex.o(.ARM.exidx.text.HAL_MPU_ConfigRegion), (8 bytes).
    Removing system_stm32g4xx.o(.text), (0 bytes).
    Removing system_stm32g4xx.o(.ARM.exidx.text.SystemInit), (8 bytes).
    Removing system_stm32g4xx.o(.text.SystemCoreClockUpdate), (256 bytes).
    Removing system_stm32g4xx.o(.ARM.exidx.text.SystemCoreClockUpdate), (8 bytes).
    Removing led.o(.text), (0 bytes).
    Removing led.o(.ARM.exidx.text.LED_ALL_ON), (8 bytes).
    Removing led.o(.ARM.exidx.text.LED_ALL_OFF), (8 bytes).
    Removing led.o(.ARM.exidx.text.LED_red_ON), (8 bytes).
    Removing led.o(.ARM.exidx.text.LED_green_ON), (8 bytes).
    Removing lcd.o(.text), (0 bytes).
    Removing lcd.o(.ARM.exidx.text.Lcd_Reset), (8 bytes).
    Removing lcd.o(.text.LCD_delay), (76 bytes).
    Removing lcd.o(.ARM.exidx.text.LCD_delay), (8 bytes).
    Removing lcd.o(.ARM.exidx.text.LCD_WriteByteSPI), (8 bytes).
    Removing lcd.o(.ARM.exidx.text.LCD_WriteRegIndex), (8 bytes).
    Removing lcd.o(.ARM.exidx.text.LCD_WriteData), (8 bytes).
    Removing lcd.o(.ARM.exidx.text.LCD_WR_REG), (8 bytes).
    Removing lcd.o(.ARM.exidx.text.Lcd_SetCursor), (8 bytes).
    Removing lcd.o(.ARM.exidx.text.BlockWrite), (8 bytes).
    Removing lcd.o(.ARM.exidx.text.Lcd_ColorBox), (8 bytes).
    Removing lcd.o(.ARM.exidx.text.LCD_Initial), (8 bytes).
    Removing lcd.o(.ARM.exidx.text.LCD_Fill_Pic), (8 bytes).
    Removing lcd.o(.ARM.exidx.text.DrawPixel), (8 bytes).
    Removing lcd.o(.ARM.exidx.text.SPILCD_ShowChar), (8 bytes).
    Removing lcd.o(.ARM.exidx.text.PutGB1616), (8 bytes).
    Removing lcd.o(.ARM.exidx.text.LCD_PutString), (8 bytes).
    Removing lcd.o(.text.draw_circle), (368 bytes).
    Removing lcd.o(.ARM.exidx.text.draw_circle), (8 bytes).
    Removing lcd.o(.rodata.LCM_NUM_16x32), (832 bytes).
    Removing key.o(.text), (0 bytes).
    Removing dflti.o(.text), (34 bytes).
    Removing dfixi.o(.text), (62 bytes).
    Removing dneg.o(.text), (6 bytes).
    Removing dfltui.o(.text), (26 bytes).

687 unused section(s) (total 39891 bytes) removed from the image.

==============================================================================

Image Symbol Table

    Local Symbols

    Symbol Name                              Value     Ov Type        Size  Object(Section)

    ../clib/division.s                       0x00000000   Number         0  aeabi_sdiv.o ABSOLUTE
    ../clib/microlib/division.c              0x00000000   Number         0  uldiv.o ABSOLUTE
    ../clib/microlib/division.c              0x00000000   Number         0  uidiv.o ABSOLUTE
    ../clib/microlib/errno.c                 0x00000000   Number         0  errno.o ABSOLUTE
    ../clib/microlib/init/entry.s            0x00000000   Number         0  entry.o ABSOLUTE
    ../clib/microlib/init/entry.s            0x00000000   Number         0  entry2.o ABSOLUTE
    ../clib/microlib/init/entry.s            0x00000000   Number         0  entry5.o ABSOLUTE
    ../clib/microlib/init/entry.s            0x00000000   Number         0  entry7a.o ABSOLUTE
    ../clib/microlib/init/entry.s            0x00000000   Number         0  entry7b.o ABSOLUTE
    ../clib/microlib/init/entry.s            0x00000000   Number         0  entry8a.o ABSOLUTE
    ../clib/microlib/init/entry.s            0x00000000   Number         0  entry8b.o ABSOLUTE
    ../clib/microlib/init/entry.s            0x00000000   Number         0  entry9a.o ABSOLUTE
    ../clib/microlib/init/entry.s            0x00000000   Number         0  entry9b.o ABSOLUTE
    ../clib/microlib/init/entry.s            0x00000000   Number         0  entry10a.o ABSOLUTE
    ../clib/microlib/init/entry.s            0x00000000   Number         0  entry10b.o ABSOLUTE
    ../clib/microlib/init/entry.s            0x00000000   Number         0  entry11a.o ABSOLUTE
    ../clib/microlib/init/entry.s            0x00000000   Number         0  entry11b.o ABSOLUTE
    ../clib/microlib/longlong.c              0x00000000   Number         0  llshl.o ABSOLUTE
    ../clib/microlib/longlong.c              0x00000000   Number         0  llushr.o ABSOLUTE
    ../clib/microlib/longlong.c              0x00000000   Number         0  llsshr.o ABSOLUTE
    ../clib/microlib/printf/printf.c         0x00000000   Number         0  printfa.o ABSOLUTE
    ../clib/microlib/stdio/fputc.c           0x00000000   Number         0  fputc.o ABSOLUTE
    ../clib/microlib/stdio/fputc.c           0x00000000   Number         0  fputc_h.o ABSOLUTE
    ../clib/microlib/stdio/semi.s            0x00000000   Number         0  semi.o ABSOLUTE
    ../clib/microlib/stdio/streams.c         0x00000000   Number         0  stdout.o ABSOLUTE
    ../clib/microlib/string/memcmp.c         0x00000000   Number         0  memcmp.o ABSOLUTE
    ../clib/microlib/string/memcpy.c         0x00000000   Number         0  memcpya.o ABSOLUTE
    ../clib/microlib/string/memcpy.c         0x00000000   Number         0  memcpyb.o ABSOLUTE
    ../clib/microlib/string/memset.c         0x00000000   Number         0  memseta.o ABSOLUTE
    ../clib/microlib/string/strlen.c         0x00000000   Number         0  strlen.o ABSOLUTE
    ../clib/microlib/stubs.s                 0x00000000   Number         0  iusefp.o ABSOLUTE
    ../clib/microlib/stubs.s                 0x00000000   Number         0  iusesemip.o ABSOLUTE
    ../fplib/microlib/fpadd.c                0x00000000   Number         0  dadd.o ABSOLUTE
    ../fplib/microlib/fpdiv.c                0x00000000   Number         0  ddiv.o ABSOLUTE
    ../fplib/microlib/fpepilogue.c           0x00000000   Number         0  depilogue.o ABSOLUTE
    ../fplib/microlib/fpfix.c                0x00000000   Number         0  dfixi.o ABSOLUTE
    ../fplib/microlib/fpfix.c                0x00000000   Number         0  dfixul.o ABSOLUTE
    ../fplib/microlib/fpflt.c                0x00000000   Number         0  dflti.o ABSOLUTE
    ../fplib/microlib/fpflt.c                0x00000000   Number         0  dfltui.o ABSOLUTE
    ../fplib/microlib/fpmul.c                0x00000000   Number         0  dmul.o ABSOLUTE
    ../fplib/microlib/fpneg.c                0x00000000   Number         0  dneg.o ABSOLUTE
    ../mathlib/cos.c                         0x00000000   Number         0  cos.o ABSOLUTE
    ../mathlib/cos_i.c                       0x00000000   Number         0  cos_i.o ABSOLUTE
    ../mathlib/dunder.c                      0x00000000   Number         0  dunder.o ABSOLUTE
    ../mathlib/fabs.c                        0x00000000   Number         0  fabs.o ABSOLUTE
    ../mathlib/fpclassify.c                  0x00000000   Number         0  fpclassify.o ABSOLUTE
    ../mathlib/poly.c                        0x00000000   Number         0  poly.o ABSOLUTE
    ../mathlib/rred.c                        0x00000000   Number         0  rred.o ABSOLUTE
    ../mathlib/sin.c                         0x00000000   Number         0  sin.o ABSOLUTE
    ../mathlib/sin_i.c                       0x00000000   Number         0  sin_i.o ABSOLUTE
    KEY.c                                    0x00000000   Number         0  key.o ABSOLUTE
    LCD.c                                    0x00000000   Number         0  lcd.o ABSOLUTE
    LED.c                                    0x00000000   Number         0  led.o ABSOLUTE
    cdrcmple.s                               0x00000000   Number         0  cdrcmple.o ABSOLUTE
    dc.s                                     0x00000000   Number         0  dc.o ABSOLUTE
    dma.c                                    0x00000000   Number         0  dma.o ABSOLUTE
    gpio.c                                   0x00000000   Number         0  gpio.o ABSOLUTE
    handlers.s                               0x00000000   Number         0  handlers.o ABSOLUTE
    init.s                                   0x00000000   Number         0  init.o ABSOLUTE
    main.c                                   0x00000000   Number         0  main.o ABSOLUTE
    startup_stm32g474xx.s                    0x00000000   Number         0  startup_stm32g474xx.o ABSOLUTE
    stm32g4xx_hal.c                          0x00000000   Number         0  stm32g4xx_hal.o ABSOLUTE
    stm32g4xx_hal_cortex.c                   0x00000000   Number         0  stm32g4xx_hal_cortex.o ABSOLUTE
    stm32g4xx_hal_dma.c                      0x00000000   Number         0  stm32g4xx_hal_dma.o ABSOLUTE
    stm32g4xx_hal_dma_ex.c                   0x00000000   Number         0  stm32g4xx_hal_dma_ex.o ABSOLUTE
    stm32g4xx_hal_exti.c                     0x00000000   Number         0  stm32g4xx_hal_exti.o ABSOLUTE
    stm32g4xx_hal_flash.c                    0x00000000   Number         0  stm32g4xx_hal_flash.o ABSOLUTE
    stm32g4xx_hal_flash_ex.c                 0x00000000   Number         0  stm32g4xx_hal_flash_ex.o ABSOLUTE
    stm32g4xx_hal_flash_ramfunc.c            0x00000000   Number         0  stm32g4xx_hal_flash_ramfunc.o ABSOLUTE
    stm32g4xx_hal_gpio.c                     0x00000000   Number         0  stm32g4xx_hal_gpio.o ABSOLUTE
    stm32g4xx_hal_msp.c                      0x00000000   Number         0  stm32g4xx_hal_msp.o ABSOLUTE
    stm32g4xx_hal_pwr.c                      0x00000000   Number         0  stm32g4xx_hal_pwr.o ABSOLUTE
    stm32g4xx_hal_pwr_ex.c                   0x00000000   Number         0  stm32g4xx_hal_pwr_ex.o ABSOLUTE
    stm32g4xx_hal_rcc.c                      0x00000000   Number         0  stm32g4xx_hal_rcc.o ABSOLUTE
    stm32g4xx_hal_rcc_ex.c                   0x00000000   Number         0  stm32g4xx_hal_rcc_ex.o ABSOLUTE
    stm32g4xx_hal_tim.c                      0x00000000   Number         0  stm32g4xx_hal_tim.o ABSOLUTE
    stm32g4xx_hal_tim_ex.c                   0x00000000   Number         0  stm32g4xx_hal_tim_ex.o ABSOLUTE
    stm32g4xx_hal_uart.c                     0x00000000   Number         0  stm32g4xx_hal_uart.o ABSOLUTE
    stm32g4xx_hal_uart_ex.c                  0x00000000   Number         0  stm32g4xx_hal_uart_ex.o ABSOLUTE
    stm32g4xx_it.c                           0x00000000   Number         0  stm32g4xx_it.o ABSOLUTE
    system_stm32g4xx.c                       0x00000000   Number         0  system_stm32g4xx.o ABSOLUTE
    usart.c                                  0x00000000   Number         0  usart.o ABSOLUTE
    RESET                                    0x08000000   Section      472  startup_stm32g474xx.o(RESET)
    .ARM.Collect$$$$00000000                 0x080001d8   Section        0  entry.o(.ARM.Collect$$$$00000000)
    .ARM.Collect$$$$00000001                 0x080001d8   Section        4  entry2.o(.ARM.Collect$$$$00000001)
    .ARM.Collect$$$$00000004                 0x080001dc   Section        4  entry5.o(.ARM.Collect$$$$00000004)
    .ARM.Collect$$$$00000008                 0x080001e0   Section        0  entry7b.o(.ARM.Collect$$$$00000008)
    .ARM.Collect$$$$0000000A                 0x080001e0   Section        0  entry8b.o(.ARM.Collect$$$$0000000A)
    .ARM.Collect$$$$0000000B                 0x080001e0   Section        8  entry9a.o(.ARM.Collect$$$$0000000B)
    __lit__00000000                          0x080001e8   Data           4  entry2.o(.ARM.Collect$$$$00002712)
    .ARM.Collect$$$$0000000D                 0x080001e8   Section        0  entry10a.o(.ARM.Collect$$$$0000000D)
    .ARM.Collect$$$$0000000F                 0x080001e8   Section        0  entry11a.o(.ARM.Collect$$$$0000000F)
    .ARM.Collect$$$$00002712                 0x080001e8   Section        4  entry2.o(.ARM.Collect$$$$00002712)
    $v0                                      0x080001ec   Number         0  startup_stm32g474xx.o(.text)
    .text                                    0x080001ec   Section       36  startup_stm32g474xx.o(.text)
    .text                                    0x08000210   Section        0  uldiv.o(.text)
    .text                                    0x08000272   Section        0  memcpya.o(.text)
    .text                                    0x08000296   Section        0  memseta.o(.text)
    .text                                    0x080002ba   Section        0  strlen.o(.text)
    .text                                    0x080002c8   Section        0  memcmp.o(.text)
    .text                                    0x080002e2   Section        0  dadd.o(.text)
    .text                                    0x08000430   Section        0  dmul.o(.text)
    .text                                    0x08000514   Section        0  ddiv.o(.text)
    .text                                    0x080005f2   Section        0  uidiv.o(.text)
    .text                                    0x0800061e   Section        0  llshl.o(.text)
    .text                                    0x0800063c   Section        0  llushr.o(.text)
    .text                                    0x0800065c   Section        0  llsshr.o(.text)
    .text                                    0x08000680   Section        0  iusefp.o(.text)
    .text                                    0x08000680   Section        0  depilogue.o(.text)
    .text                                    0x0800073a   Section        0  dfixul.o(.text)
    .text                                    0x0800076c   Section       48  cdrcmple.o(.text)
    .text                                    0x0800079c   Section       48  init.o(.text)
    [Anonymous Symbol]                       0x080007cc   Section        0  lcd.o(.text.BlockWrite)
    [Anonymous Symbol]                       0x08000810   Section        0  stm32g4xx_it.o(.text.BusFault_Handler)
    [Anonymous Symbol]                       0x08000814   Section        0  stm32g4xx_it.o(.text.DMA1_Channel1_IRQHandler)
    [Anonymous Symbol]                       0x08000824   Section        0  stm32g4xx_it.o(.text.DMA1_Channel2_IRQHandler)
    DMA_CalcDMAMUXChannelBaseAndMask         0x08000835   Thumb Code   116  stm32g4xx_hal_dma.o(.text.DMA_CalcDMAMUXChannelBaseAndMask)
    [Anonymous Symbol]                       0x08000834   Section        0  stm32g4xx_hal_dma.o(.text.DMA_CalcDMAMUXChannelBaseAndMask)
    DMA_CalcDMAMUXRequestGenBaseAndMask      0x080008a9   Thumb Code    60  stm32g4xx_hal_dma.o(.text.DMA_CalcDMAMUXRequestGenBaseAndMask)
    [Anonymous Symbol]                       0x080008a8   Section        0  stm32g4xx_hal_dma.o(.text.DMA_CalcDMAMUXRequestGenBaseAndMask)
    [Anonymous Symbol]                       0x080008e4   Section        0  stm32g4xx_it.o(.text.DebugMon_Handler)
    [Anonymous Symbol]                       0x080008e8   Section        0  lcd.o(.text.DrawPixel)
    [Anonymous Symbol]                       0x08000934   Section        0  stm32g4xx_it.o(.text.EXTI4_IRQHandler)
    [Anonymous Symbol]                       0x08000940   Section        0  stm32g4xx_it.o(.text.EXTI9_5_IRQHandler)
    [Anonymous Symbol]                       0x08000950   Section        0  main.o(.text.Error_Handler)
    [Anonymous Symbol]                       0x08000960   Section        0  stm32g4xx_hal_dma.o(.text.HAL_DMA_Abort)
    [Anonymous Symbol]                       0x080009fc   Section        0  stm32g4xx_hal_dma.o(.text.HAL_DMA_Abort_IT)
    [Anonymous Symbol]                       0x08000ac0   Section        0  stm32g4xx_hal_dma.o(.text.HAL_DMA_IRQHandler)
    [Anonymous Symbol]                       0x08000c18   Section        0  stm32g4xx_hal_dma.o(.text.HAL_DMA_Init)
    [Anonymous Symbol]                       0x08000d70   Section        0  stm32g4xx_hal.o(.text.HAL_Delay)
    [Anonymous Symbol]                       0x08000db4   Section        0  main.o(.text.HAL_GPIO_EXTI_Callback)
    [Anonymous Symbol]                       0x08000dc0   Section        0  stm32g4xx_hal_gpio.o(.text.HAL_GPIO_EXTI_IRQHandler)
    [Anonymous Symbol]                       0x08000df8   Section        0  stm32g4xx_hal_gpio.o(.text.HAL_GPIO_Init)
    [Anonymous Symbol]                       0x08001160   Section        0  stm32g4xx_hal_gpio.o(.text.HAL_GPIO_ReadPin)
    [Anonymous Symbol]                       0x08001190   Section        0  stm32g4xx_hal_gpio.o(.text.HAL_GPIO_WritePin)
    [Anonymous Symbol]                       0x080011bc   Section        0  stm32g4xx_hal.o(.text.HAL_GetTick)
    [Anonymous Symbol]                       0x080011c8   Section        0  stm32g4xx_hal.o(.text.HAL_IncTick)
    [Anonymous Symbol]                       0x080011e4   Section        0  stm32g4xx_hal.o(.text.HAL_Init)
    [Anonymous Symbol]                       0x08001218   Section        0  stm32g4xx_hal.o(.text.HAL_InitTick)
    [Anonymous Symbol]                       0x080012a0   Section        0  stm32g4xx_hal_msp.o(.text.HAL_MspInit)
    [Anonymous Symbol]                       0x080012f0   Section        0  stm32g4xx_hal_cortex.o(.text.HAL_NVIC_EnableIRQ)
    [Anonymous Symbol]                       0x08001304   Section        0  stm32g4xx_hal_cortex.o(.text.HAL_NVIC_SetPriority)
    [Anonymous Symbol]                       0x08001334   Section        0  stm32g4xx_hal_cortex.o(.text.HAL_NVIC_SetPriorityGrouping)
    [Anonymous Symbol]                       0x08001344   Section        0  stm32g4xx_hal_pwr_ex.o(.text.HAL_PWREx_ControlVoltageScaling)
    [Anonymous Symbol]                       0x080014f8   Section        0  stm32g4xx_hal_pwr_ex.o(.text.HAL_PWREx_DisableUCPDDeadBattery)
    [Anonymous Symbol]                       0x0800150c   Section        0  stm32g4xx_hal_rcc_ex.o(.text.HAL_RCCEx_PeriphCLKConfig)
    [Anonymous Symbol]                       0x08001a30   Section        0  stm32g4xx_hal_rcc.o(.text.HAL_RCC_ClockConfig)
    [Anonymous Symbol]                       0x08001d58   Section        0  stm32g4xx_hal_rcc.o(.text.HAL_RCC_GetHCLKFreq)
    [Anonymous Symbol]                       0x08001d64   Section        0  stm32g4xx_hal_rcc.o(.text.HAL_RCC_GetPCLK1Freq)
    [Anonymous Symbol]                       0x08001d8c   Section        0  stm32g4xx_hal_rcc.o(.text.HAL_RCC_GetPCLK2Freq)
    [Anonymous Symbol]                       0x08001db4   Section        0  stm32g4xx_hal_rcc.o(.text.HAL_RCC_GetSysClockFreq)
    [Anonymous Symbol]                       0x08001eb0   Section        0  stm32g4xx_hal_rcc.o(.text.HAL_RCC_OscConfig)
    [Anonymous Symbol]                       0x08002668   Section        0  stm32g4xx_hal_cortex.o(.text.HAL_SYSTICK_Config)
    [Anonymous Symbol]                       0x08002678   Section        0  stm32g4xx_hal_uart_ex.o(.text.HAL_UARTEx_DisableFifoMode)
    [Anonymous Symbol]                       0x080026f4   Section        0  stm32g4xx_hal_uart.o(.text.HAL_UARTEx_RxEventCallback)
    [Anonymous Symbol]                       0x08002700   Section        0  stm32g4xx_hal_uart_ex.o(.text.HAL_UARTEx_RxFifoFullCallback)
    [Anonymous Symbol]                       0x08002708   Section        0  stm32g4xx_hal_uart_ex.o(.text.HAL_UARTEx_SetRxFifoThreshold)
    [Anonymous Symbol]                       0x08002794   Section        0  stm32g4xx_hal_uart_ex.o(.text.HAL_UARTEx_SetTxFifoThreshold)
    [Anonymous Symbol]                       0x08002820   Section        0  stm32g4xx_hal_uart_ex.o(.text.HAL_UARTEx_TxFifoEmptyCallback)
    [Anonymous Symbol]                       0x08002828   Section        0  stm32g4xx_hal_uart_ex.o(.text.HAL_UARTEx_WakeupCallback)
    [Anonymous Symbol]                       0x08002830   Section        0  stm32g4xx_hal_uart.o(.text.HAL_UART_ErrorCallback)
    [Anonymous Symbol]                       0x08002838   Section        0  stm32g4xx_hal_uart.o(.text.HAL_UART_IRQHandler)
    [Anonymous Symbol]                       0x08002d98   Section        0  stm32g4xx_hal_uart.o(.text.HAL_UART_Init)
    [Anonymous Symbol]                       0x08002e44   Section        0  usart.o(.text.HAL_UART_MspInit)
    [Anonymous Symbol]                       0x08002f9c   Section        0  stm32g4xx_hal_uart.o(.text.HAL_UART_Receive)
    [Anonymous Symbol]                       0x08003154   Section        0  stm32g4xx_hal_uart.o(.text.HAL_UART_Transmit)
    [Anonymous Symbol]                       0x0800328c   Section        0  stm32g4xx_hal_uart.o(.text.HAL_UART_TxCpltCallback)
    [Anonymous Symbol]                       0x08003294   Section        0  stm32g4xx_it.o(.text.HardFault_Handler)
    [Anonymous Symbol]                       0x08003298   Section        0  lcd.o(.text.LCD_Fill_Pic)
    [Anonymous Symbol]                       0x0800330c   Section        0  lcd.o(.text.LCD_Initial)
    [Anonymous Symbol]                       0x080034f4   Section        0  lcd.o(.text.LCD_PutString)
    [Anonymous Symbol]                       0x080035b0   Section        0  lcd.o(.text.LCD_WR_REG)
    [Anonymous Symbol]                       0x080035cc   Section        0  lcd.o(.text.LCD_WriteByteSPI)
    [Anonymous Symbol]                       0x08003648   Section        0  lcd.o(.text.LCD_WriteData)
    [Anonymous Symbol]                       0x08003684   Section        0  lcd.o(.text.LCD_WriteRegIndex)
    [Anonymous Symbol]                       0x080036c0   Section        0  led.o(.text.LED_ALL_OFF)
    [Anonymous Symbol]                       0x080036ec   Section        0  led.o(.text.LED_ALL_ON)
    [Anonymous Symbol]                       0x08003718   Section        0  led.o(.text.LED_green_ON)
    [Anonymous Symbol]                       0x08003740   Section        0  led.o(.text.LED_red_ON)
    [Anonymous Symbol]                       0x08003768   Section        0  lcd.o(.text.Lcd_ColorBox)
    [Anonymous Symbol]                       0x080037dc   Section        0  lcd.o(.text.Lcd_Reset)
    [Anonymous Symbol]                       0x0800380c   Section        0  lcd.o(.text.Lcd_SetCursor)
    [Anonymous Symbol]                       0x08003838   Section        0  dma.o(.text.MX_DMA_Init)
    [Anonymous Symbol]                       0x080038a4   Section        0  gpio.o(.text.MX_GPIO_Init)
    [Anonymous Symbol]                       0x08003a3c   Section        0  usart.o(.text.MX_USART1_UART_Init)
    [Anonymous Symbol]                       0x08003acc   Section        0  stm32g4xx_it.o(.text.MemManage_Handler)
    [Anonymous Symbol]                       0x08003ad0   Section        0  stm32g4xx_it.o(.text.NMI_Handler)
    NVIC_EncodePriority                      0x08003ad5   Thumb Code   108  stm32g4xx_hal_cortex.o(.text.NVIC_EncodePriority)
    [Anonymous Symbol]                       0x08003ad4   Section        0  stm32g4xx_hal_cortex.o(.text.NVIC_EncodePriority)
    [Anonymous Symbol]                       0x08003b40   Section        0  stm32g4xx_it.o(.text.PendSV_Handler)
    [Anonymous Symbol]                       0x08003b44   Section        0  lcd.o(.text.PutGB1616)
    RCC_GetSysClockFreqFromPLLSource         0x08003c75   Thumb Code   156  stm32g4xx_hal_rcc.o(.text.RCC_GetSysClockFreqFromPLLSource)
    [Anonymous Symbol]                       0x08003c74   Section        0  stm32g4xx_hal_rcc.o(.text.RCC_GetSysClockFreqFromPLLSource)
    [Anonymous Symbol]                       0x08003d10   Section        0  lcd.o(.text.SPILCD_ShowChar)
    [Anonymous Symbol]                       0x08003ddc   Section        0  stm32g4xx_it.o(.text.SVC_Handler)
    SysTick_Config                           0x08003de1   Thumb Code    82  stm32g4xx_hal_cortex.o(.text.SysTick_Config)
    [Anonymous Symbol]                       0x08003de0   Section        0  stm32g4xx_hal_cortex.o(.text.SysTick_Config)
    [Anonymous Symbol]                       0x08003e34   Section        0  stm32g4xx_it.o(.text.SysTick_Handler)
    [Anonymous Symbol]                       0x08003e3c   Section        0  main.o(.text.SystemClock_Config)
    [Anonymous Symbol]                       0x08003eb0   Section        0  system_stm32g4xx.o(.text.SystemInit)
    UARTEx_SetNbDataToProcess                0x08003ec5   Thumb Code   134  stm32g4xx_hal_uart_ex.o(.text.UARTEx_SetNbDataToProcess)
    [Anonymous Symbol]                       0x08003ec4   Section        0  stm32g4xx_hal_uart_ex.o(.text.UARTEx_SetNbDataToProcess)
    [Anonymous Symbol]                       0x08003f4c   Section        0  stm32g4xx_hal_uart.o(.text.UART_AdvFeatureConfig)
    [Anonymous Symbol]                       0x08004094   Section        0  stm32g4xx_hal_uart.o(.text.UART_CheckIdleState)
    UART_DMAAbortOnError                     0x080041dd   Thumb Code    36  stm32g4xx_hal_uart.o(.text.UART_DMAAbortOnError)
    [Anonymous Symbol]                       0x080041dc   Section        0  stm32g4xx_hal_uart.o(.text.UART_DMAAbortOnError)
    UART_EndRxTransfer                       0x08004201   Thumb Code   158  stm32g4xx_hal_uart.o(.text.UART_EndRxTransfer)
    [Anonymous Symbol]                       0x08004200   Section        0  stm32g4xx_hal_uart.o(.text.UART_EndRxTransfer)
    UART_EndTransmit_IT                      0x080042a1   Thumb Code    68  stm32g4xx_hal_uart.o(.text.UART_EndTransmit_IT)
    [Anonymous Symbol]                       0x080042a0   Section        0  stm32g4xx_hal_uart.o(.text.UART_EndTransmit_IT)
    [Anonymous Symbol]                       0x080042e4   Section        0  stm32g4xx_hal_uart.o(.text.UART_SetConfig)
    [Anonymous Symbol]                       0x080048c8   Section        0  stm32g4xx_hal_uart.o(.text.UART_WaitOnFlagUntilTimeout)
    [Anonymous Symbol]                       0x080049d4   Section        0  stm32g4xx_it.o(.text.USART1_IRQHandler)
    [Anonymous Symbol]                       0x080049e4   Section        0  stm32g4xx_it.o(.text.UsageFault_Handler)
    __NVIC_EnableIRQ                         0x080049e9   Thumb Code    48  stm32g4xx_hal_cortex.o(.text.__NVIC_EnableIRQ)
    [Anonymous Symbol]                       0x080049e8   Section        0  stm32g4xx_hal_cortex.o(.text.__NVIC_EnableIRQ)
    __NVIC_GetPriorityGrouping               0x08004a19   Thumb Code    16  stm32g4xx_hal_cortex.o(.text.__NVIC_GetPriorityGrouping)
    [Anonymous Symbol]                       0x08004a18   Section        0  stm32g4xx_hal_cortex.o(.text.__NVIC_GetPriorityGrouping)
    __NVIC_SetPriority                       0x08004a29   Thumb Code    66  stm32g4xx_hal_cortex.o(.text.__NVIC_SetPriority)
    [Anonymous Symbol]                       0x08004a28   Section        0  stm32g4xx_hal_cortex.o(.text.__NVIC_SetPriority)
    __NVIC_SetPriorityGrouping               0x08004a6d   Thumb Code    60  stm32g4xx_hal_cortex.o(.text.__NVIC_SetPriorityGrouping)
    [Anonymous Symbol]                       0x08004a6c   Section        0  stm32g4xx_hal_cortex.o(.text.__NVIC_SetPriorityGrouping)
    [Anonymous Symbol]                       0x08004aa8   Section        0  main.o(.text.main)
    i.__0sprintf                             0x080062d0   Section        0  printfa.o(i.__0sprintf)
    i.__scatterload_copy                     0x080062f8   Section       14  handlers.o(i.__scatterload_copy)
    i.__scatterload_null                     0x08006306   Section        2  handlers.o(i.__scatterload_null)
    i.__scatterload_zeroinit                 0x08006308   Section       14  handlers.o(i.__scatterload_zeroinit)
    _fp_digits                               0x08006319   Thumb Code   366  printfa.o(i._fp_digits)
    i._fp_digits                             0x08006318   Section        0  printfa.o(i._fp_digits)
    _printf_core                             0x0800649d   Thumb Code  1744  printfa.o(i._printf_core)
    i._printf_core                           0x0800649c   Section        0  printfa.o(i._printf_core)
    _printf_post_padding                     0x08006b79   Thumb Code    36  printfa.o(i._printf_post_padding)
    i._printf_post_padding                   0x08006b78   Section        0  printfa.o(i._printf_post_padding)
    _printf_pre_padding                      0x08006b9d   Thumb Code    46  printfa.o(i._printf_pre_padding)
    i._printf_pre_padding                    0x08006b9c   Section        0  printfa.o(i._printf_pre_padding)
    _sputc                                   0x08006bcb   Thumb Code    10  printfa.o(i._sputc)
    i._sputc                                 0x08006bca   Section        0  printfa.o(i._sputc)
    UARTEx_SetNbDataToProcess.denominator    0x08006bec   Data           8  stm32g4xx_hal_uart_ex.o(.rodata.UARTEx_SetNbDataToProcess.denominator)
    [Anonymous Symbol]                       0x08006bec   Section        0  stm32g4xx_hal_uart_ex.o(.rodata.UARTEx_SetNbDataToProcess.denominator)
    UARTEx_SetNbDataToProcess.numerator      0x08006bf4   Data           8  stm32g4xx_hal_uart_ex.o(.rodata.UARTEx_SetNbDataToProcess.numerator)
    [Anonymous Symbol]                       0x08006bf4   Section        0  stm32g4xx_hal_uart_ex.o(.rodata.UARTEx_SetNbDataToProcess.numerator)
    .L.str.6                                 0x08054c80   Data          13  main.o(.rodata.str1.1)
    [Anonymous Symbol]                       0x08054c80   Section        0  main.o(.rodata.str1.1)
    .L.str.9                                 0x08054c8d   Data          13  main.o(.rodata.str1.1)
    .L.str.12                                0x08054c9a   Data          13  main.o(.rodata.str1.1)
    .L__const.main.d                         0x08054ca7   Data          19  main.o(.rodata.str1.1)
    .L.str.14                                0x08054cba   Data          18  main.o(.rodata.str1.1)
    .L.str.4                                 0x08054ccc   Data           7  main.o(.rodata.str1.1)
    .L.str.5                                 0x08054cd3   Data           7  main.o(.rodata.str1.1)
    .L.str.3                                 0x08054cda   Data          26  main.o(.rodata.str1.1)
    .L.str.1                                 0x08054cf4   Data          22  main.o(.rodata.str1.1)
    .L.str.2                                 0x08054d0a   Data          21  main.o(.rodata.str1.1)
    .L.str.8                                 0x08054d1f   Data           7  main.o(.rodata.str1.1)
    .L.str.20                                0x08054d26   Data          12  main.o(.rodata.str1.1)
    .L.str.11                                0x08054d32   Data           7  main.o(.rodata.str1.1)
    .L__const.main.b_3                       0x08054d39   Data          22  main.o(.rodata.str1.1)
    .L__const.main.b_1                       0x08054d4f   Data          22  main.o(.rodata.str1.1)
    .L__const.main.b_2                       0x08054d65   Data          22  main.o(.rodata.str1.1)
    .L.str.7                                 0x08054d7b   Data          20  main.o(.rodata.str1.1)
    .L.str.10                                0x08054d8f   Data          20  main.o(.rodata.str1.1)
    .L.str.13                                0x08054da3   Data          20  main.o(.rodata.str1.1)
    .L.str.16                                0x08054db7   Data          12  main.o(.rodata.str1.1)
    .L.str.18                                0x08054dc3   Data          12  main.o(.rodata.str1.1)
    .L.str.19                                0x08054dcf   Data          14  main.o(.rodata.str1.1)
    .L.str.22                                0x08054ddd   Data          14  main.o(.rodata.str1.1)
    .L.str.15                                0x08054deb   Data          10  main.o(.rodata.str1.1)
    .L.str                                   0x08054df5   Data          27  main.o(.rodata.str1.1)
    .L.str.21                                0x08054e10   Data           9  main.o(.rodata.str1.1)
    .L.str.17                                0x08054e19   Data           9  main.o(.rodata.str1.1)
    STACK                                    0x200001b8   Section     1024  startup_stm32g474xx.o(STACK)

    Global Symbols

    Symbol Name                              Value     Ov Type        Size  Object(Section)

    BuildAttributes$$THM_ISAv4$E$P$D$K$B$S$7EM$VFPi3$EXTD16$VFPS$VFMA$PE$A:L22UL41UL21$X:L11$S22US41US21$IEEE1$IW$~IW$USESV6$~STKCKD$USESV7$~SHL$OTIME$ROPI$IEEEX$EBA8$MICROLIB$REQ8$PRES8$EABIv2 0x00000000   Number         0  anon$$obj.o ABSOLUTE
    __cpp_initialize__aeabi_                  - Undefined Weak Reference
    __cxa_finalize                            - Undefined Weak Reference
    __decompress                              - Undefined Weak Reference
    _clock_init                               - Undefined Weak Reference
    _microlib_exit                            - Undefined Weak Reference
    __Vectors_Size                           0x000001d8   Number         0  startup_stm32g474xx.o ABSOLUTE
    __Vectors                                0x08000000   Data           4  startup_stm32g474xx.o(RESET)
    __Vectors_End                            0x080001d8   Data           0  startup_stm32g474xx.o(RESET)
    __main                                   0x080001d9   Thumb Code     0  entry.o(.ARM.Collect$$$$00000000)
    _main_stk                                0x080001d9   Thumb Code     0  entry2.o(.ARM.Collect$$$$00000001)
    _main_scatterload                        0x080001dd   Thumb Code     0  entry5.o(.ARM.Collect$$$$00000004)
    __main_after_scatterload                 0x080001e1   Thumb Code     0  entry5.o(.ARM.Collect$$$$00000004)
    _main_clock                              0x080001e1   Thumb Code     0  entry7b.o(.ARM.Collect$$$$00000008)
    _main_cpp_init                           0x080001e1   Thumb Code     0  entry8b.o(.ARM.Collect$$$$0000000A)
    _main_init                               0x080001e1   Thumb Code     0  entry9a.o(.ARM.Collect$$$$0000000B)
    __rt_final_cpp                           0x080001e9   Thumb Code     0  entry10a.o(.ARM.Collect$$$$0000000D)
    __rt_final_exit                          0x080001e9   Thumb Code     0  entry11a.o(.ARM.Collect$$$$0000000F)
    Reset_Handler                            0x080001ed   Thumb Code     8  startup_stm32g474xx.o(.text)
    ADC1_2_IRQHandler                        0x08000207   Thumb Code     0  startup_stm32g474xx.o(.text)
    ADC3_IRQHandler                          0x08000207   Thumb Code     0  startup_stm32g474xx.o(.text)
    ADC4_IRQHandler                          0x08000207   Thumb Code     0  startup_stm32g474xx.o(.text)
    ADC5_IRQHandler                          0x08000207   Thumb Code     0  startup_stm32g474xx.o(.text)
    COMP1_2_3_IRQHandler                     0x08000207   Thumb Code     0  startup_stm32g474xx.o(.text)
    COMP4_5_6_IRQHandler                     0x08000207   Thumb Code     0  startup_stm32g474xx.o(.text)
    COMP7_IRQHandler                         0x08000207   Thumb Code     0  startup_stm32g474xx.o(.text)
    CORDIC_IRQHandler                        0x08000207   Thumb Code     0  startup_stm32g474xx.o(.text)
    CRS_IRQHandler                           0x08000207   Thumb Code     0  startup_stm32g474xx.o(.text)
    DMA1_Channel3_IRQHandler                 0x08000207   Thumb Code     0  startup_stm32g474xx.o(.text)
    DMA1_Channel4_IRQHandler                 0x08000207   Thumb Code     0  startup_stm32g474xx.o(.text)
    DMA1_Channel5_IRQHandler                 0x08000207   Thumb Code     0  startup_stm32g474xx.o(.text)
    DMA1_Channel6_IRQHandler                 0x08000207   Thumb Code     0  startup_stm32g474xx.o(.text)
    DMA1_Channel7_IRQHandler                 0x08000207   Thumb Code     0  startup_stm32g474xx.o(.text)
    DMA1_Channel8_IRQHandler                 0x08000207   Thumb Code     0  startup_stm32g474xx.o(.text)
    DMA2_Channel1_IRQHandler                 0x08000207   Thumb Code     0  startup_stm32g474xx.o(.text)
    DMA2_Channel2_IRQHandler                 0x08000207   Thumb Code     0  startup_stm32g474xx.o(.text)
    DMA2_Channel3_IRQHandler                 0x08000207   Thumb Code     0  startup_stm32g474xx.o(.text)
    DMA2_Channel4_IRQHandler                 0x08000207   Thumb Code     0  startup_stm32g474xx.o(.text)
    DMA2_Channel5_IRQHandler                 0x08000207   Thumb Code     0  startup_stm32g474xx.o(.text)
    DMA2_Channel6_IRQHandler                 0x08000207   Thumb Code     0  startup_stm32g474xx.o(.text)
    DMA2_Channel7_IRQHandler                 0x08000207   Thumb Code     0  startup_stm32g474xx.o(.text)
    DMA2_Channel8_IRQHandler                 0x08000207   Thumb Code     0  startup_stm32g474xx.o(.text)
    DMAMUX_OVR_IRQHandler                    0x08000207   Thumb Code     0  startup_stm32g474xx.o(.text)
    EXTI0_IRQHandler                         0x08000207   Thumb Code     0  startup_stm32g474xx.o(.text)
    EXTI15_10_IRQHandler                     0x08000207   Thumb Code     0  startup_stm32g474xx.o(.text)
    EXTI1_IRQHandler                         0x08000207   Thumb Code     0  startup_stm32g474xx.o(.text)
    EXTI2_IRQHandler                         0x08000207   Thumb Code     0  startup_stm32g474xx.o(.text)
    EXTI3_IRQHandler                         0x08000207   Thumb Code     0  startup_stm32g474xx.o(.text)
    FDCAN1_IT0_IRQHandler                    0x08000207   Thumb Code     0  startup_stm32g474xx.o(.text)
    FDCAN1_IT1_IRQHandler                    0x08000207   Thumb Code     0  startup_stm32g474xx.o(.text)
    FDCAN2_IT0_IRQHandler                    0x08000207   Thumb Code     0  startup_stm32g474xx.o(.text)
    FDCAN2_IT1_IRQHandler                    0x08000207   Thumb Code     0  startup_stm32g474xx.o(.text)
    FDCAN3_IT0_IRQHandler                    0x08000207   Thumb Code     0  startup_stm32g474xx.o(.text)
    FDCAN3_IT1_IRQHandler                    0x08000207   Thumb Code     0  startup_stm32g474xx.o(.text)
    FLASH_IRQHandler                         0x08000207   Thumb Code     0  startup_stm32g474xx.o(.text)
    FMAC_IRQHandler                          0x08000207   Thumb Code     0  startup_stm32g474xx.o(.text)
    FMC_IRQHandler                           0x08000207   Thumb Code     0  startup_stm32g474xx.o(.text)
    FPU_IRQHandler                           0x08000207   Thumb Code     0  startup_stm32g474xx.o(.text)
    HRTIM1_FLT_IRQHandler                    0x08000207   Thumb Code     0  startup_stm32g474xx.o(.text)
    HRTIM1_Master_IRQHandler                 0x08000207   Thumb Code     0  startup_stm32g474xx.o(.text)
    HRTIM1_TIMA_IRQHandler                   0x08000207   Thumb Code     0  startup_stm32g474xx.o(.text)
    HRTIM1_TIMB_IRQHandler                   0x08000207   Thumb Code     0  startup_stm32g474xx.o(.text)
    HRTIM1_TIMC_IRQHandler                   0x08000207   Thumb Code     0  startup_stm32g474xx.o(.text)
    HRTIM1_TIMD_IRQHandler                   0x08000207   Thumb Code     0  startup_stm32g474xx.o(.text)
    HRTIM1_TIME_IRQHandler                   0x08000207   Thumb Code     0  startup_stm32g474xx.o(.text)
    HRTIM1_TIMF_IRQHandler                   0x08000207   Thumb Code     0  startup_stm32g474xx.o(.text)
    I2C1_ER_IRQHandler                       0x08000207   Thumb Code     0  startup_stm32g474xx.o(.text)
    I2C1_EV_IRQHandler                       0x08000207   Thumb Code     0  startup_stm32g474xx.o(.text)
    I2C2_ER_IRQHandler                       0x08000207   Thumb Code     0  startup_stm32g474xx.o(.text)
    I2C2_EV_IRQHandler                       0x08000207   Thumb Code     0  startup_stm32g474xx.o(.text)
    I2C3_ER_IRQHandler                       0x08000207   Thumb Code     0  startup_stm32g474xx.o(.text)
    I2C3_EV_IRQHandler                       0x08000207   Thumb Code     0  startup_stm32g474xx.o(.text)
    I2C4_ER_IRQHandler                       0x08000207   Thumb Code     0  startup_stm32g474xx.o(.text)
    I2C4_EV_IRQHandler                       0x08000207   Thumb Code     0  startup_stm32g474xx.o(.text)
    LPTIM1_IRQHandler                        0x08000207   Thumb Code     0  startup_stm32g474xx.o(.text)
    LPUART1_IRQHandler                       0x08000207   Thumb Code     0  startup_stm32g474xx.o(.text)
    PVD_PVM_IRQHandler                       0x08000207   Thumb Code     0  startup_stm32g474xx.o(.text)
    QUADSPI_IRQHandler                       0x08000207   Thumb Code     0  startup_stm32g474xx.o(.text)
    RCC_IRQHandler                           0x08000207   Thumb Code     0  startup_stm32g474xx.o(.text)
    RNG_IRQHandler                           0x08000207   Thumb Code     0  startup_stm32g474xx.o(.text)
    RTC_Alarm_IRQHandler                     0x08000207   Thumb Code     0  startup_stm32g474xx.o(.text)
    RTC_TAMP_LSECSS_IRQHandler               0x08000207   Thumb Code     0  startup_stm32g474xx.o(.text)
    RTC_WKUP_IRQHandler                      0x08000207   Thumb Code     0  startup_stm32g474xx.o(.text)
    SAI1_IRQHandler                          0x08000207   Thumb Code     0  startup_stm32g474xx.o(.text)
    SPI1_IRQHandler                          0x08000207   Thumb Code     0  startup_stm32g474xx.o(.text)
    SPI2_IRQHandler                          0x08000207   Thumb Code     0  startup_stm32g474xx.o(.text)
    SPI3_IRQHandler                          0x08000207   Thumb Code     0  startup_stm32g474xx.o(.text)
    SPI4_IRQHandler                          0x08000207   Thumb Code     0  startup_stm32g474xx.o(.text)
    TIM1_BRK_TIM15_IRQHandler                0x08000207   Thumb Code     0  startup_stm32g474xx.o(.text)
    TIM1_CC_IRQHandler                       0x08000207   Thumb Code     0  startup_stm32g474xx.o(.text)
    TIM1_TRG_COM_TIM17_IRQHandler            0x08000207   Thumb Code     0  startup_stm32g474xx.o(.text)
    TIM1_UP_TIM16_IRQHandler                 0x08000207   Thumb Code     0  startup_stm32g474xx.o(.text)
    TIM20_BRK_IRQHandler                     0x08000207   Thumb Code     0  startup_stm32g474xx.o(.text)
    TIM20_CC_IRQHandler                      0x08000207   Thumb Code     0  startup_stm32g474xx.o(.text)
    TIM20_TRG_COM_IRQHandler                 0x08000207   Thumb Code     0  startup_stm32g474xx.o(.text)
    TIM20_UP_IRQHandler                      0x08000207   Thumb Code     0  startup_stm32g474xx.o(.text)
    TIM2_IRQHandler                          0x08000207   Thumb Code     0  startup_stm32g474xx.o(.text)
    TIM3_IRQHandler                          0x08000207   Thumb Code     0  startup_stm32g474xx.o(.text)
    TIM4_IRQHandler                          0x08000207   Thumb Code     0  startup_stm32g474xx.o(.text)
    TIM5_IRQHandler                          0x08000207   Thumb Code     0  startup_stm32g474xx.o(.text)
    TIM6_DAC_IRQHandler                      0x08000207   Thumb Code     0  startup_stm32g474xx.o(.text)
    TIM7_DAC_IRQHandler                      0x08000207   Thumb Code     0  startup_stm32g474xx.o(.text)
    TIM8_BRK_IRQHandler                      0x08000207   Thumb Code     0  startup_stm32g474xx.o(.text)
    TIM8_CC_IRQHandler                       0x08000207   Thumb Code     0  startup_stm32g474xx.o(.text)
    TIM8_TRG_COM_IRQHandler                  0x08000207   Thumb Code     0  startup_stm32g474xx.o(.text)
    TIM8_UP_IRQHandler                       0x08000207   Thumb Code     0  startup_stm32g474xx.o(.text)
    UART4_IRQHandler                         0x08000207   Thumb Code     0  startup_stm32g474xx.o(.text)
    UART5_IRQHandler                         0x08000207   Thumb Code     0  startup_stm32g474xx.o(.text)
    UCPD1_IRQHandler                         0x08000207   Thumb Code     0  startup_stm32g474xx.o(.text)
    USART2_IRQHandler                        0x08000207   Thumb Code     0  startup_stm32g474xx.o(.text)
    USART3_IRQHandler                        0x08000207   Thumb Code     0  startup_stm32g474xx.o(.text)
    USBWakeUp_IRQHandler                     0x08000207   Thumb Code     0  startup_stm32g474xx.o(.text)
    USB_HP_IRQHandler                        0x08000207   Thumb Code     0  startup_stm32g474xx.o(.text)
    USB_LP_IRQHandler                        0x08000207   Thumb Code     0  startup_stm32g474xx.o(.text)
    WWDG_IRQHandler                          0x08000207   Thumb Code     0  startup_stm32g474xx.o(.text)
    __aeabi_uldivmod                         0x08000211   Thumb Code    98  uldiv.o(.text)
    __aeabi_memcpy                           0x08000273   Thumb Code    36  memcpya.o(.text)
    __aeabi_memcpy4                          0x08000273   Thumb Code     0  memcpya.o(.text)
    __aeabi_memcpy8                          0x08000273   Thumb Code     0  memcpya.o(.text)
    __aeabi_memset                           0x08000297   Thumb Code    14  memseta.o(.text)
    __aeabi_memset4                          0x08000297   Thumb Code     0  memseta.o(.text)
    __aeabi_memset8                          0x08000297   Thumb Code     0  memseta.o(.text)
    __aeabi_memclr                           0x080002a5   Thumb Code     4  memseta.o(.text)
    __aeabi_memclr4                          0x080002a5   Thumb Code     0  memseta.o(.text)
    __aeabi_memclr8                          0x080002a5   Thumb Code     0  memseta.o(.text)
    _memset$wrapper                          0x080002a9   Thumb Code    18  memseta.o(.text)
    strlen                                   0x080002bb   Thumb Code    14  strlen.o(.text)
    memcmp                                   0x080002c9   Thumb Code    26  memcmp.o(.text)
    __aeabi_dadd                             0x080002e3   Thumb Code   322  dadd.o(.text)
    __aeabi_dsub                             0x08000425   Thumb Code     6  dadd.o(.text)
    __aeabi_drsub                            0x0800042b   Thumb Code     6  dadd.o(.text)
    __aeabi_dmul                             0x08000431   Thumb Code   228  dmul.o(.text)
    __aeabi_ddiv                             0x08000515   Thumb Code   222  ddiv.o(.text)
    __aeabi_uidiv                            0x080005f3   Thumb Code     0  uidiv.o(.text)
    __aeabi_uidivmod                         0x080005f3   Thumb Code    44  uidiv.o(.text)
    __aeabi_llsl                             0x0800061f   Thumb Code    30  llshl.o(.text)
    _ll_shift_l                              0x0800061f   Thumb Code     0  llshl.o(.text)
    __aeabi_llsr                             0x0800063d   Thumb Code    32  llushr.o(.text)
    _ll_ushift_r                             0x0800063d   Thumb Code     0  llushr.o(.text)
    __aeabi_lasr                             0x0800065d   Thumb Code    36  llsshr.o(.text)
    _ll_sshift_r                             0x0800065d   Thumb Code     0  llsshr.o(.text)
    __I$use$fp                               0x08000681   Thumb Code     0  iusefp.o(.text)
    _double_round                            0x08000681   Thumb Code    30  depilogue.o(.text)
    _double_epilogue                         0x0800069f   Thumb Code   156  depilogue.o(.text)
    __aeabi_d2ulz                            0x0800073b   Thumb Code    48  dfixul.o(.text)
    __aeabi_cdrcmple                         0x0800076d   Thumb Code    48  cdrcmple.o(.text)
    __scatterload                            0x0800079d   Thumb Code    38  init.o(.text)
    __scatterload_rt2                        0x0800079d   Thumb Code     0  init.o(.text)
    BlockWrite                               0x080007cd   Thumb Code    66  lcd.o(.text.BlockWrite)
    BusFault_Handler                         0x08000811   Thumb Code     4  stm32g4xx_it.o(.text.BusFault_Handler)
    DMA1_Channel1_IRQHandler                 0x08000815   Thumb Code    16  stm32g4xx_it.o(.text.DMA1_Channel1_IRQHandler)
    DMA1_Channel2_IRQHandler                 0x08000825   Thumb Code    16  stm32g4xx_it.o(.text.DMA1_Channel2_IRQHandler)
    DebugMon_Handler                         0x080008e5   Thumb Code     2  stm32g4xx_it.o(.text.DebugMon_Handler)
    DrawPixel                                0x080008e9   Thumb Code    74  lcd.o(.text.DrawPixel)
    EXTI4_IRQHandler                         0x08000935   Thumb Code    10  stm32g4xx_it.o(.text.EXTI4_IRQHandler)
    EXTI9_5_IRQHandler                       0x08000941   Thumb Code    16  stm32g4xx_it.o(.text.EXTI9_5_IRQHandler)
    Error_Handler                            0x08000951   Thumb Code    14  main.o(.text.Error_Handler)
    HAL_DMA_Abort                            0x08000961   Thumb Code   156  stm32g4xx_hal_dma.o(.text.HAL_DMA_Abort)
    HAL_DMA_Abort_IT                         0x080009fd   Thumb Code   194  stm32g4xx_hal_dma.o(.text.HAL_DMA_Abort_IT)
    HAL_DMA_IRQHandler                       0x08000ac1   Thumb Code   342  stm32g4xx_hal_dma.o(.text.HAL_DMA_IRQHandler)
    HAL_DMA_Init                             0x08000c19   Thumb Code   342  stm32g4xx_hal_dma.o(.text.HAL_DMA_Init)
    HAL_Delay                                0x08000d71   Thumb Code    66  stm32g4xx_hal.o(.text.HAL_Delay)
    HAL_GPIO_EXTI_Callback                   0x08000db5   Thumb Code    10  main.o(.text.HAL_GPIO_EXTI_Callback)
    HAL_GPIO_EXTI_IRQHandler                 0x08000dc1   Thumb Code    56  stm32g4xx_hal_gpio.o(.text.HAL_GPIO_EXTI_IRQHandler)
    HAL_GPIO_Init                            0x08000df9   Thumb Code   872  stm32g4xx_hal_gpio.o(.text.HAL_GPIO_Init)
    HAL_GPIO_ReadPin                         0x08001161   Thumb Code    46  stm32g4xx_hal_gpio.o(.text.HAL_GPIO_ReadPin)
    HAL_GPIO_WritePin                        0x08001191   Thumb Code    44  stm32g4xx_hal_gpio.o(.text.HAL_GPIO_WritePin)
    HAL_GetTick                              0x080011bd   Thumb Code    12  stm32g4xx_hal.o(.text.HAL_GetTick)
    HAL_IncTick                              0x080011c9   Thumb Code    26  stm32g4xx_hal.o(.text.HAL_IncTick)
    HAL_Init                                 0x080011e5   Thumb Code    50  stm32g4xx_hal.o(.text.HAL_Init)
    HAL_InitTick                             0x08001219   Thumb Code   136  stm32g4xx_hal.o(.text.HAL_InitTick)
    HAL_MspInit                              0x080012a1   Thumb Code    78  stm32g4xx_hal_msp.o(.text.HAL_MspInit)
    HAL_NVIC_EnableIRQ                       0x080012f1   Thumb Code    20  stm32g4xx_hal_cortex.o(.text.HAL_NVIC_EnableIRQ)
    HAL_NVIC_SetPriority                     0x08001305   Thumb Code    46  stm32g4xx_hal_cortex.o(.text.HAL_NVIC_SetPriority)
    HAL_NVIC_SetPriorityGrouping             0x08001335   Thumb Code    16  stm32g4xx_hal_cortex.o(.text.HAL_NVIC_SetPriorityGrouping)
    HAL_PWREx_ControlVoltageScaling          0x08001345   Thumb Code   436  stm32g4xx_hal_pwr_ex.o(.text.HAL_PWREx_ControlVoltageScaling)
    HAL_PWREx_DisableUCPDDeadBattery         0x080014f9   Thumb Code    18  stm32g4xx_hal_pwr_ex.o(.text.HAL_PWREx_DisableUCPDDeadBattery)
    HAL_RCCEx_PeriphCLKConfig                0x0800150d   Thumb Code  1316  stm32g4xx_hal_rcc_ex.o(.text.HAL_RCCEx_PeriphCLKConfig)
    HAL_RCC_ClockConfig                      0x08001a31   Thumb Code   806  stm32g4xx_hal_rcc.o(.text.HAL_RCC_ClockConfig)
    HAL_RCC_GetHCLKFreq                      0x08001d59   Thumb Code    12  stm32g4xx_hal_rcc.o(.text.HAL_RCC_GetHCLKFreq)
    HAL_RCC_GetPCLK1Freq                     0x08001d65   Thumb Code    38  stm32g4xx_hal_rcc.o(.text.HAL_RCC_GetPCLK1Freq)
    HAL_RCC_GetPCLK2Freq                     0x08001d8d   Thumb Code    38  stm32g4xx_hal_rcc.o(.text.HAL_RCC_GetPCLK2Freq)
    HAL_RCC_GetSysClockFreq                  0x08001db5   Thumb Code   252  stm32g4xx_hal_rcc.o(.text.HAL_RCC_GetSysClockFreq)
    HAL_RCC_OscConfig                        0x08001eb1   Thumb Code  1974  stm32g4xx_hal_rcc.o(.text.HAL_RCC_OscConfig)
    HAL_SYSTICK_Config                       0x08002669   Thumb Code    16  stm32g4xx_hal_cortex.o(.text.HAL_SYSTICK_Config)
    HAL_UARTEx_DisableFifoMode               0x08002679   Thumb Code   124  stm32g4xx_hal_uart_ex.o(.text.HAL_UARTEx_DisableFifoMode)
    HAL_UARTEx_RxEventCallback               0x080026f5   Thumb Code    12  stm32g4xx_hal_uart.o(.text.HAL_UARTEx_RxEventCallback)
    HAL_UARTEx_RxFifoFullCallback            0x08002701   Thumb Code     8  stm32g4xx_hal_uart_ex.o(.text.HAL_UARTEx_RxFifoFullCallback)
    HAL_UARTEx_SetRxFifoThreshold            0x08002709   Thumb Code   140  stm32g4xx_hal_uart_ex.o(.text.HAL_UARTEx_SetRxFifoThreshold)
    HAL_UARTEx_SetTxFifoThreshold            0x08002795   Thumb Code   140  stm32g4xx_hal_uart_ex.o(.text.HAL_UARTEx_SetTxFifoThreshold)
    HAL_UARTEx_TxFifoEmptyCallback           0x08002821   Thumb Code     8  stm32g4xx_hal_uart_ex.o(.text.HAL_UARTEx_TxFifoEmptyCallback)
    HAL_UARTEx_WakeupCallback                0x08002829   Thumb Code     8  stm32g4xx_hal_uart_ex.o(.text.HAL_UARTEx_WakeupCallback)
    HAL_UART_ErrorCallback                   0x08002831   Thumb Code     8  stm32g4xx_hal_uart.o(.text.HAL_UART_ErrorCallback)
    HAL_UART_IRQHandler                      0x08002839   Thumb Code  1374  stm32g4xx_hal_uart.o(.text.HAL_UART_IRQHandler)
    HAL_UART_Init                            0x08002d99   Thumb Code   170  stm32g4xx_hal_uart.o(.text.HAL_UART_Init)
    HAL_UART_MspInit                         0x08002e45   Thumb Code   342  usart.o(.text.HAL_UART_MspInit)
    HAL_UART_Receive                         0x08002f9d   Thumb Code   438  stm32g4xx_hal_uart.o(.text.HAL_UART_Receive)
    HAL_UART_Transmit                        0x08003155   Thumb Code   312  stm32g4xx_hal_uart.o(.text.HAL_UART_Transmit)
    HAL_UART_TxCpltCallback                  0x0800328d   Thumb Code     8  stm32g4xx_hal_uart.o(.text.HAL_UART_TxCpltCallback)
    HardFault_Handler                        0x08003295   Thumb Code     4  stm32g4xx_it.o(.text.HardFault_Handler)
    LCD_Fill_Pic                             0x08003299   Thumb Code   116  lcd.o(.text.LCD_Fill_Pic)
    LCD_Initial                              0x0800330d   Thumb Code   486  lcd.o(.text.LCD_Initial)
    LCD_PutString                            0x080034f5   Thumb Code   188  lcd.o(.text.LCD_PutString)
    LCD_WR_REG                               0x080035b1   Thumb Code    28  lcd.o(.text.LCD_WR_REG)
    LCD_WriteByteSPI                         0x080035cd   Thumb Code   124  lcd.o(.text.LCD_WriteByteSPI)
    LCD_WriteData                            0x08003649   Thumb Code    60  lcd.o(.text.LCD_WriteData)
    LCD_WriteRegIndex                        0x08003685   Thumb Code    58  lcd.o(.text.LCD_WriteRegIndex)
    LED_ALL_OFF                              0x080036c1   Thumb Code    42  led.o(.text.LED_ALL_OFF)
    LED_ALL_ON                               0x080036ed   Thumb Code    42  led.o(.text.LED_ALL_ON)
    LED_green_ON                             0x08003719   Thumb Code    40  led.o(.text.LED_green_ON)
    LED_red_ON                               0x08003741   Thumb Code    40  led.o(.text.LED_red_ON)
    Lcd_ColorBox                             0x08003769   Thumb Code   116  lcd.o(.text.Lcd_ColorBox)
    Lcd_Reset                                0x080037dd   Thumb Code    46  lcd.o(.text.Lcd_Reset)
    Lcd_SetCursor                            0x0800380d   Thumb Code    44  lcd.o(.text.Lcd_SetCursor)
    MX_DMA_Init                              0x08003839   Thumb Code   106  dma.o(.text.MX_DMA_Init)
    MX_GPIO_Init                             0x080038a5   Thumb Code   406  gpio.o(.text.MX_GPIO_Init)
    MX_USART1_UART_Init                      0x08003a3d   Thumb Code   142  usart.o(.text.MX_USART1_UART_Init)
    MemManage_Handler                        0x08003acd   Thumb Code     4  stm32g4xx_it.o(.text.MemManage_Handler)
    NMI_Handler                              0x08003ad1   Thumb Code     4  stm32g4xx_it.o(.text.NMI_Handler)
    PendSV_Handler                           0x08003b41   Thumb Code     2  stm32g4xx_it.o(.text.PendSV_Handler)
    PutGB1616                                0x08003b45   Thumb Code   304  lcd.o(.text.PutGB1616)
    SPILCD_ShowChar                          0x08003d11   Thumb Code   202  lcd.o(.text.SPILCD_ShowChar)
    SVC_Handler                              0x08003ddd   Thumb Code     2  stm32g4xx_it.o(.text.SVC_Handler)
    SysTick_Handler                          0x08003e35   Thumb Code     8  stm32g4xx_it.o(.text.SysTick_Handler)
    SystemClock_Config                       0x08003e3d   Thumb Code   114  main.o(.text.SystemClock_Config)
    SystemInit                               0x08003eb1   Thumb Code    18  system_stm32g4xx.o(.text.SystemInit)
    UART_AdvFeatureConfig                    0x08003f4d   Thumb Code   328  stm32g4xx_hal_uart.o(.text.UART_AdvFeatureConfig)
    UART_CheckIdleState                      0x08004095   Thumb Code   326  stm32g4xx_hal_uart.o(.text.UART_CheckIdleState)
    UART_SetConfig                           0x080042e5   Thumb Code  1506  stm32g4xx_hal_uart.o(.text.UART_SetConfig)
    UART_WaitOnFlagUntilTimeout              0x080048c9   Thumb Code   268  stm32g4xx_hal_uart.o(.text.UART_WaitOnFlagUntilTimeout)
    USART1_IRQHandler                        0x080049d5   Thumb Code    16  stm32g4xx_it.o(.text.USART1_IRQHandler)
    UsageFault_Handler                       0x080049e5   Thumb Code     4  stm32g4xx_it.o(.text.UsageFault_Handler)
    main                                     0x08004aa9   Thumb Code  6182  main.o(.text.main)
    __0sprintf                               0x080062d1   Thumb Code    34  printfa.o(i.__0sprintf)
    __1sprintf                               0x080062d1   Thumb Code     0  printfa.o(i.__0sprintf)
    __2sprintf                               0x080062d1   Thumb Code     0  printfa.o(i.__0sprintf)
    __c89sprintf                             0x080062d1   Thumb Code     0  printfa.o(i.__0sprintf)
    sprintf                                  0x080062d1   Thumb Code     0  printfa.o(i.__0sprintf)
    __scatterload_copy                       0x080062f9   Thumb Code    14  handlers.o(i.__scatterload_copy)
    __scatterload_null                       0x08006307   Thumb Code     2  handlers.o(i.__scatterload_null)
    __scatterload_zeroinit                   0x08006309   Thumb Code    14  handlers.o(i.__scatterload_zeroinit)
    AHBPrescTable                            0x08006bd4   Data          16  system_stm32g4xx.o(.rodata.AHBPrescTable)
    APBPrescTable                            0x08006be4   Data           8  system_stm32g4xx.o(.rodata.APBPrescTable)
    UARTPrescTable                           0x08006bfc   Data          24  stm32g4xx_hal_uart.o(.rodata.UARTPrescTable)
    codeGB_16                                0x08006c14   Data        1260  lcd.o(.rodata.codeGB_16)
    nAsciiDot                                0x08007100   Data        1536  lcd.o(.rodata.nAsciiDot)
    pic0                                     0x08007700   Data       28800  main.o(.rodata.pic0)
    pic1                                     0x0800e780   Data       28800  main.o(.rodata.pic1)
    pic2                                     0x08015800   Data       28800  main.o(.rodata.pic2)
    pic6                                     0x0801c880   Data       28800  main.o(.rodata.pic6)
    pic7                                     0x08023900   Data       28800  main.o(.rodata.pic7)
    picA                                     0x0802a980   Data       28800  main.o(.rodata.picA)
    picB                                     0x08031a00   Data       28800  main.o(.rodata.picB)
    picC                                     0x08038a80   Data       28800  main.o(.rodata.picC)
    piclfy                                   0x0803fb00   Data       28800  main.o(.rodata.piclfy)
    picmxy                                   0x08046b80   Data       28800  main.o(.rodata.picmxy)
    picycj                                   0x0804dc00   Data       28800  main.o(.rodata.picycj)
    Region$$Table$$Base                      0x08054e24   Number         0  anon$$obj.o(Region$$Table)
    Region$$Table$$Limit                     0x08054e44   Number         0  anon$$obj.o(Region$$Table)
    SystemCoreClock                          0x20000000   Data           4  system_stm32g4xx.o(.data.SystemCoreClock)
    UART_temp1                               0x20000004   Data           5  main.o(.data.UART_temp1)
    uwTickFreq                               0x2000000c   Data           4  stm32g4xx_hal.o(.data.uwTickFreq)
    uwTickPrio                               0x20000010   Data           4  stm32g4xx_hal.o(.data.uwTickPrio)
    UART_temp2                               0x20000018   Data          11  main.o(.bss.UART_temp2)
    UART_temp3                               0x20000023   Data           5  main.o(.bss.UART_temp3)
    hdma_usart1_rx                           0x20000028   Data          96  usart.o(.bss.hdma_usart1_rx)
    hdma_usart1_tx                           0x20000088   Data          96  usart.o(.bss.hdma_usart1_tx)
    huart1                                   0x200000e8   Data         148  usart.o(.bss.huart1)
    mode                                     0x2000017c   Data           1  main.o(.bss.mode)
    sendData                                 0x2000017d   Data          50  main.o(.bss.sendData)
    uwTick                                   0x200001b0   Data           4  stm32g4xx_hal.o(.bss.uwTick)
    __initial_sp                             0x200005b8   Data           0  startup_stm32g474xx.o(STACK)



==============================================================================

Memory Map of the image

  Image Entry point : 0x080001d9

  Load Region LR_IROM1 (Base: 0x08000000, Size: 0x00054e60, Max: 0x00080000, ABSOLUTE)

    Execution Region ER_IROM1 (Exec base: 0x08000000, Load base: 0x08000000, Size: 0x00054e44, Max: 0x00080000, ABSOLUTE)

    Exec Addr    Load Addr    Size         Type   Attr      Idx    E Section Name        Object

    0x08000000   0x08000000   0x000001d8   Data   RO            3    RESET               startup_stm32g474xx.o
    0x080001d8   0x080001d8   0x00000000   Code   RO          974  * .ARM.Collect$$$$00000000  mc_w.l(entry.o)
    0x080001d8   0x080001d8   0x00000004   Code   RO         1052    .ARM.Collect$$$$00000001  mc_w.l(entry2.o)
    0x080001dc   0x080001dc   0x00000004   Code   RO         1055    .ARM.Collect$$$$00000004  mc_w.l(entry5.o)
    0x080001e0   0x080001e0   0x00000000   Code   RO         1057    .ARM.Collect$$$$00000008  mc_w.l(entry7b.o)
    0x080001e0   0x080001e0   0x00000000   Code   RO         1059    .ARM.Collect$$$$0000000A  mc_w.l(entry8b.o)
    0x080001e0   0x080001e0   0x00000008   Code   RO         1060    .ARM.Collect$$$$0000000B  mc_w.l(entry9a.o)
    0x080001e8   0x080001e8   0x00000000   Code   RO         1062    .ARM.Collect$$$$0000000D  mc_w.l(entry10a.o)
    0x080001e8   0x080001e8   0x00000000   Code   RO         1064    .ARM.Collect$$$$0000000F  mc_w.l(entry11a.o)
    0x080001e8   0x080001e8   0x00000004   Code   RO         1053    .ARM.Collect$$$$00002712  mc_w.l(entry2.o)
    0x080001ec   0x080001ec   0x00000024   Code   RO            4    .text               startup_stm32g474xx.o
    0x08000210   0x08000210   0x00000062   Code   RO          977    .text               mc_w.l(uldiv.o)
    0x08000272   0x08000272   0x00000024   Code   RO          979    .text               mc_w.l(memcpya.o)
    0x08000296   0x08000296   0x00000024   Code   RO          981    .text               mc_w.l(memseta.o)
    0x080002ba   0x080002ba   0x0000000e   Code   RO          983    .text               mc_w.l(strlen.o)
    0x080002c8   0x080002c8   0x0000001a   Code   RO          985    .text               mc_w.l(memcmp.o)
    0x080002e2   0x080002e2   0x0000014e   Code   RO         1017    .text               mf_w.l(dadd.o)
    0x08000430   0x08000430   0x000000e4   Code   RO         1019    .text               mf_w.l(dmul.o)
    0x08000514   0x08000514   0x000000de   Code   RO         1021    .text               mf_w.l(ddiv.o)
    0x080005f2   0x080005f2   0x0000002c   Code   RO         1080    .text               mc_w.l(uidiv.o)
    0x0800061e   0x0800061e   0x0000001e   Code   RO         1082    .text               mc_w.l(llshl.o)
    0x0800063c   0x0800063c   0x00000020   Code   RO         1084    .text               mc_w.l(llushr.o)
    0x0800065c   0x0800065c   0x00000024   Code   RO         1086    .text               mc_w.l(llsshr.o)
    0x08000680   0x08000680   0x00000000   Code   RO         1095    .text               mc_w.l(iusefp.o)
    0x08000680   0x08000680   0x000000ba   Code   RO         1096    .text               mf_w.l(depilogue.o)
    0x0800073a   0x0800073a   0x00000030   Code   RO         1100    .text               mf_w.l(dfixul.o)
    0x0800076a   0x0800076a   0x00000002   PAD
    0x0800076c   0x0800076c   0x00000030   Code   RO         1102    .text               mf_w.l(cdrcmple.o)
    0x0800079c   0x0800079c   0x00000030   Code   RO         1114    .text               mc_w.l(init.o)
    0x080007cc   0x080007cc   0x00000042   Code   RO          934    .text.BlockWrite    lcd.o
    0x0800080e   0x0800080e   0x00000002   PAD
    0x08000810   0x08000810   0x00000004   Code   RO           92    .text.BusFault_Handler  stm32g4xx_it.o
    0x08000814   0x08000814   0x00000010   Code   RO          106    .text.DMA1_Channel1_IRQHandler  stm32g4xx_it.o
    0x08000824   0x08000824   0x00000010   Code   RO          108    .text.DMA1_Channel2_IRQHandler  stm32g4xx_it.o
    0x08000834   0x08000834   0x00000074   Code   RO          729    .text.DMA_CalcDMAMUXChannelBaseAndMask  stm32g4xx_hal_dma.o
    0x080008a8   0x080008a8   0x0000003c   Code   RO          731    .text.DMA_CalcDMAMUXRequestGenBaseAndMask  stm32g4xx_hal_dma.o
    0x080008e4   0x080008e4   0x00000002   Code   RO           98    .text.DebugMon_Handler  stm32g4xx_it.o
    0x080008e6   0x080008e6   0x00000002   PAD
    0x080008e8   0x080008e8   0x0000004a   Code   RO          942    .text.DrawPixel     lcd.o
    0x08000932   0x08000932   0x00000002   PAD
    0x08000934   0x08000934   0x0000000a   Code   RO          104    .text.EXTI4_IRQHandler  stm32g4xx_it.o
    0x0800093e   0x0800093e   0x00000002   PAD
    0x08000940   0x08000940   0x00000010   Code   RO          110    .text.EXTI9_5_IRQHandler  stm32g4xx_it.o
    0x08000950   0x08000950   0x0000000e   Code   RO           17    .text.Error_Handler  main.o
    0x0800095e   0x0800095e   0x00000002   PAD
    0x08000960   0x08000960   0x0000009c   Code   RO          741    .text.HAL_DMA_Abort  stm32g4xx_hal_dma.o
    0x080009fc   0x080009fc   0x000000c2   Code   RO          743    .text.HAL_DMA_Abort_IT  stm32g4xx_hal_dma.o
    0x08000abe   0x08000abe   0x00000002   PAD
    0x08000ac0   0x08000ac0   0x00000156   Code   RO          747    .text.HAL_DMA_IRQHandler  stm32g4xx_hal_dma.o
    0x08000c16   0x08000c16   0x00000002   PAD
    0x08000c18   0x08000c18   0x00000156   Code   RO          727    .text.HAL_DMA_Init  stm32g4xx_hal_dma.o
    0x08000d6e   0x08000d6e   0x00000002   PAD
    0x08000d70   0x08000d70   0x00000042   Code   RO          429    .text.HAL_Delay     stm32g4xx_hal.o
    0x08000db2   0x08000db2   0x00000002   PAD
    0x08000db4   0x08000db4   0x0000000a   Code   RO           11    .text.HAL_GPIO_EXTI_Callback  main.o
    0x08000dbe   0x08000dbe   0x00000002   PAD
    0x08000dc0   0x08000dc0   0x00000038   Code   RO          691    .text.HAL_GPIO_EXTI_IRQHandler  stm32g4xx_hal_gpio.o
    0x08000df8   0x08000df8   0x00000368   Code   RO          679    .text.HAL_GPIO_Init  stm32g4xx_hal_gpio.o
    0x08001160   0x08001160   0x0000002e   Code   RO          683    .text.HAL_GPIO_ReadPin  stm32g4xx_hal_gpio.o
    0x0800118e   0x0800118e   0x00000002   PAD
    0x08001190   0x08001190   0x0000002c   Code   RO          685    .text.HAL_GPIO_WritePin  stm32g4xx_hal_gpio.o
    0x080011bc   0x080011bc   0x0000000c   Code   RO          421    .text.HAL_GetTick   stm32g4xx_hal.o
    0x080011c8   0x080011c8   0x0000001a   Code   RO          419    .text.HAL_IncTick   stm32g4xx_hal.o
    0x080011e2   0x080011e2   0x00000002   PAD
    0x080011e4   0x080011e4   0x00000032   Code   RO          409    .text.HAL_Init      stm32g4xx_hal.o
    0x08001216   0x08001216   0x00000002   PAD
    0x08001218   0x08001218   0x00000088   Code   RO          411    .text.HAL_InitTick  stm32g4xx_hal.o
    0x080012a0   0x080012a0   0x0000004e   Code   RO          125    .text.HAL_MspInit   stm32g4xx_hal_msp.o
    0x080012ee   0x080012ee   0x00000002   PAD
    0x080012f0   0x080012f0   0x00000014   Code   RO          832    .text.HAL_NVIC_EnableIRQ  stm32g4xx_hal_cortex.o
    0x08001304   0x08001304   0x0000002e   Code   RO          824    .text.HAL_NVIC_SetPriority  stm32g4xx_hal_cortex.o
    0x08001332   0x08001332   0x00000002   PAD
    0x08001334   0x08001334   0x00000010   Code   RO          820    .text.HAL_NVIC_SetPriorityGrouping  stm32g4xx_hal_cortex.o
    0x08001344   0x08001344   0x000001b4   Code   RO          137    .text.HAL_PWREx_ControlVoltageScaling  stm32g4xx_hal_pwr_ex.o
    0x080014f8   0x080014f8   0x00000012   Code   RO          207    .text.HAL_PWREx_DisableUCPDDeadBattery  stm32g4xx_hal_pwr_ex.o
    0x0800150a   0x0800150a   0x00000002   PAD
    0x0800150c   0x0800150c   0x00000524   Code   RO          534    .text.HAL_RCCEx_PeriphCLKConfig  stm32g4xx_hal_rcc_ex.o
    0x08001a30   0x08001a30   0x00000326   Code   RO          499    .text.HAL_RCC_ClockConfig  stm32g4xx_hal_rcc.o
    0x08001d56   0x08001d56   0x00000002   PAD
    0x08001d58   0x08001d58   0x0000000c   Code   RO          507    .text.HAL_RCC_GetHCLKFreq  stm32g4xx_hal_rcc.o
    0x08001d64   0x08001d64   0x00000026   Code   RO          509    .text.HAL_RCC_GetPCLK1Freq  stm32g4xx_hal_rcc.o
    0x08001d8a   0x08001d8a   0x00000002   PAD
    0x08001d8c   0x08001d8c   0x00000026   Code   RO          511    .text.HAL_RCC_GetPCLK2Freq  stm32g4xx_hal_rcc.o
    0x08001db2   0x08001db2   0x00000002   PAD
    0x08001db4   0x08001db4   0x000000fc   Code   RO          503    .text.HAL_RCC_GetSysClockFreq  stm32g4xx_hal_rcc.o
    0x08001eb0   0x08001eb0   0x000007b6   Code   RO          497    .text.HAL_RCC_OscConfig  stm32g4xx_hal_rcc.o
    0x08002666   0x08002666   0x00000002   PAD
    0x08002668   0x08002668   0x00000010   Code   RO          844    .text.HAL_SYSTICK_Config  stm32g4xx_hal_cortex.o
    0x08002678   0x08002678   0x0000007c   Code   RO          386    .text.HAL_UARTEx_DisableFifoMode  stm32g4xx_hal_uart_ex.o
    0x080026f4   0x080026f4   0x0000000c   Code   RO          310    .text.HAL_UARTEx_RxEventCallback  stm32g4xx_hal_uart.o
    0x08002700   0x08002700   0x00000008   Code   RO          368    .text.HAL_UARTEx_RxFifoFullCallback  stm32g4xx_hal_uart_ex.o
    0x08002708   0x08002708   0x0000008c   Code   RO          390    .text.HAL_UARTEx_SetRxFifoThreshold  stm32g4xx_hal_uart_ex.o
    0x08002794   0x08002794   0x0000008c   Code   RO          388    .text.HAL_UARTEx_SetTxFifoThreshold  stm32g4xx_hal_uart_ex.o
    0x08002820   0x08002820   0x00000008   Code   RO          370    .text.HAL_UARTEx_TxFifoEmptyCallback  stm32g4xx_hal_uart_ex.o
    0x08002828   0x08002828   0x00000008   Code   RO          366    .text.HAL_UARTEx_WakeupCallback  stm32g4xx_hal_uart_ex.o
    0x08002830   0x08002830   0x00000008   Code   RO          308    .text.HAL_UART_ErrorCallback  stm32g4xx_hal_uart.o
    0x08002838   0x08002838   0x0000055e   Code   RO          304    .text.HAL_UART_IRQHandler  stm32g4xx_hal_uart.o
    0x08002d96   0x08002d96   0x00000002   PAD
    0x08002d98   0x08002d98   0x000000aa   Code   RO          216    .text.HAL_UART_Init  stm32g4xx_hal_uart.o
    0x08002e42   0x08002e42   0x00000002   PAD
    0x08002e44   0x08002e44   0x00000156   Code   RO           72    .text.HAL_UART_MspInit  usart.o
    0x08002f9a   0x08002f9a   0x00000002   PAD
    0x08002f9c   0x08002f9c   0x000001b6   Code   RO          240    .text.HAL_UART_Receive  stm32g4xx_hal_uart.o
    0x08003152   0x08003152   0x00000002   PAD
    0x08003154   0x08003154   0x00000138   Code   RO          236    .text.HAL_UART_Transmit  stm32g4xx_hal_uart.o
    0x0800328c   0x0800328c   0x00000008   Code   RO          314    .text.HAL_UART_TxCpltCallback  stm32g4xx_hal_uart.o
    0x08003294   0x08003294   0x00000004   Code   RO           88    .text.HardFault_Handler  stm32g4xx_it.o
    0x08003298   0x08003298   0x00000074   Code   RO          940    .text.LCD_Fill_Pic  lcd.o
    0x0800330c   0x0800330c   0x000001e6   Code   RO          938    .text.LCD_Initial   lcd.o
    0x080034f2   0x080034f2   0x00000002   PAD
    0x080034f4   0x080034f4   0x000000bc   Code   RO          948    .text.LCD_PutString  lcd.o
    0x080035b0   0x080035b0   0x0000001c   Code   RO          930    .text.LCD_WR_REG    lcd.o
    0x080035cc   0x080035cc   0x0000007c   Code   RO          924    .text.LCD_WriteByteSPI  lcd.o
    0x08003648   0x08003648   0x0000003c   Code   RO          928    .text.LCD_WriteData  lcd.o
    0x08003684   0x08003684   0x0000003a   Code   RO          926    .text.LCD_WriteRegIndex  lcd.o
    0x080036be   0x080036be   0x00000002   PAD
    0x080036c0   0x080036c0   0x0000002a   Code   RO          907    .text.LED_ALL_OFF   led.o
    0x080036ea   0x080036ea   0x00000002   PAD
    0x080036ec   0x080036ec   0x0000002a   Code   RO          905    .text.LED_ALL_ON    led.o
    0x08003716   0x08003716   0x00000002   PAD
    0x08003718   0x08003718   0x00000028   Code   RO          911    .text.LED_green_ON  led.o
    0x08003740   0x08003740   0x00000028   Code   RO          909    .text.LED_red_ON    led.o
    0x08003768   0x08003768   0x00000074   Code   RO          936    .text.Lcd_ColorBox  lcd.o
    0x080037dc   0x080037dc   0x0000002e   Code   RO          920    .text.Lcd_Reset     lcd.o
    0x0800380a   0x0800380a   0x00000002   PAD
    0x0800380c   0x0800380c   0x0000002c   Code   RO          932    .text.Lcd_SetCursor  lcd.o
    0x08003838   0x08003838   0x0000006a   Code   RO           62    .text.MX_DMA_Init   dma.o
    0x080038a2   0x080038a2   0x00000002   PAD
    0x080038a4   0x080038a4   0x00000196   Code   RO           54    .text.MX_GPIO_Init  gpio.o
    0x08003a3a   0x08003a3a   0x00000002   PAD
    0x08003a3c   0x08003a3c   0x0000008e   Code   RO           70    .text.MX_USART1_UART_Init  usart.o
    0x08003aca   0x08003aca   0x00000002   PAD
    0x08003acc   0x08003acc   0x00000004   Code   RO           90    .text.MemManage_Handler  stm32g4xx_it.o
    0x08003ad0   0x08003ad0   0x00000004   Code   RO           86    .text.NMI_Handler   stm32g4xx_it.o
    0x08003ad4   0x08003ad4   0x0000006c   Code   RO          830    .text.NVIC_EncodePriority  stm32g4xx_hal_cortex.o
    0x08003b40   0x08003b40   0x00000002   Code   RO          100    .text.PendSV_Handler  stm32g4xx_it.o
    0x08003b42   0x08003b42   0x00000002   PAD
    0x08003b44   0x08003b44   0x00000130   Code   RO          946    .text.PutGB1616     lcd.o
    0x08003c74   0x08003c74   0x0000009c   Code   RO          501    .text.RCC_GetSysClockFreqFromPLLSource  stm32g4xx_hal_rcc.o
    0x08003d10   0x08003d10   0x000000ca   Code   RO          944    .text.SPILCD_ShowChar  lcd.o
    0x08003dda   0x08003dda   0x00000002   PAD
    0x08003ddc   0x08003ddc   0x00000002   Code   RO           96    .text.SVC_Handler   stm32g4xx_it.o
    0x08003dde   0x08003dde   0x00000002   PAD
    0x08003de0   0x08003de0   0x00000052   Code   RO          846    .text.SysTick_Config  stm32g4xx_hal_cortex.o
    0x08003e32   0x08003e32   0x00000002   PAD
    0x08003e34   0x08003e34   0x00000008   Code   RO          102    .text.SysTick_Handler  stm32g4xx_it.o
    0x08003e3c   0x08003e3c   0x00000072   Code   RO           15    .text.SystemClock_Config  main.o
    0x08003eae   0x08003eae   0x00000002   PAD
    0x08003eb0   0x08003eb0   0x00000012   Code   RO          891    .text.SystemInit    system_stm32g4xx.o
    0x08003ec2   0x08003ec2   0x00000002   PAD
    0x08003ec4   0x08003ec4   0x00000086   Code   RO          384    .text.UARTEx_SetNbDataToProcess  stm32g4xx_hal_uart_ex.o
    0x08003f4a   0x08003f4a   0x00000002   PAD
    0x08003f4c   0x08003f4c   0x00000148   Code   RO          220    .text.UART_AdvFeatureConfig  stm32g4xx_hal_uart.o
    0x08004094   0x08004094   0x00000146   Code   RO          224    .text.UART_CheckIdleState  stm32g4xx_hal_uart.o
    0x080041da   0x080041da   0x00000002   PAD
    0x080041dc   0x080041dc   0x00000024   Code   RO          306    .text.UART_DMAAbortOnError  stm32g4xx_hal_uart.o
    0x08004200   0x08004200   0x0000009e   Code   RO          276    .text.UART_EndRxTransfer  stm32g4xx_hal_uart.o
    0x0800429e   0x0800429e   0x00000002   PAD
    0x080042a0   0x080042a0   0x00000044   Code   RO          312    .text.UART_EndTransmit_IT  stm32g4xx_hal_uart.o
    0x080042e4   0x080042e4   0x000005e2   Code   RO          222    .text.UART_SetConfig  stm32g4xx_hal_uart.o
    0x080048c6   0x080048c6   0x00000002   PAD
    0x080048c8   0x080048c8   0x0000010c   Code   RO          238    .text.UART_WaitOnFlagUntilTimeout  stm32g4xx_hal_uart.o
    0x080049d4   0x080049d4   0x00000010   Code   RO          112    .text.USART1_IRQHandler  stm32g4xx_it.o
    0x080049e4   0x080049e4   0x00000004   Code   RO           94    .text.UsageFault_Handler  stm32g4xx_it.o
    0x080049e8   0x080049e8   0x00000030   Code   RO          834    .text.__NVIC_EnableIRQ  stm32g4xx_hal_cortex.o
    0x08004a18   0x08004a18   0x00000010   Code   RO          826    .text.__NVIC_GetPriorityGrouping  stm32g4xx_hal_cortex.o
    0x08004a28   0x08004a28   0x00000042   Code   RO          828    .text.__NVIC_SetPriority  stm32g4xx_hal_cortex.o
    0x08004a6a   0x08004a6a   0x00000002   PAD
    0x08004a6c   0x08004a6c   0x0000003c   Code   RO          822    .text.__NVIC_SetPriorityGrouping  stm32g4xx_hal_cortex.o
    0x08004aa8   0x08004aa8   0x00001826   Code   RO           13    .text.main          main.o
    0x080062ce   0x080062ce   0x00000002   PAD
    0x080062d0   0x080062d0   0x00000028   Code   RO          992    i.__0sprintf        mc_w.l(printfa.o)
    0x080062f8   0x080062f8   0x0000000e   Code   RO         1122    i.__scatterload_copy  mc_w.l(handlers.o)
    0x08006306   0x08006306   0x00000002   Code   RO         1123    i.__scatterload_null  mc_w.l(handlers.o)
    0x08006308   0x08006308   0x0000000e   Code   RO         1124    i.__scatterload_zeroinit  mc_w.l(handlers.o)
    0x08006316   0x08006316   0x00000002   PAD
    0x08006318   0x08006318   0x00000184   Code   RO          997    i._fp_digits        mc_w.l(printfa.o)
    0x0800649c   0x0800649c   0x000006dc   Code   RO          998    i._printf_core      mc_w.l(printfa.o)
    0x08006b78   0x08006b78   0x00000024   Code   RO          999    i._printf_post_padding  mc_w.l(printfa.o)
    0x08006b9c   0x08006b9c   0x0000002e   Code   RO         1000    i._printf_pre_padding  mc_w.l(printfa.o)
    0x08006bca   0x08006bca   0x0000000a   Code   RO         1002    i._sputc            mc_w.l(printfa.o)
    0x08006bd4   0x08006bd4   0x00000010   Data   RO          896    .rodata.AHBPrescTable  system_stm32g4xx.o
    0x08006be4   0x08006be4   0x00000008   Data   RO          897    .rodata.APBPrescTable  system_stm32g4xx.o
    0x08006bec   0x08006bec   0x00000008   Data   RO          401    .rodata.UARTEx_SetNbDataToProcess.denominator  stm32g4xx_hal_uart_ex.o
    0x08006bf4   0x08006bf4   0x00000008   Data   RO          400    .rodata.UARTEx_SetNbDataToProcess.numerator  stm32g4xx_hal_uart_ex.o
    0x08006bfc   0x08006bfc   0x00000018   Data   RO          356    .rodata.UARTPrescTable  stm32g4xx_hal_uart.o
    0x08006c14   0x08006c14   0x000004ec   Data   RO          953    .rodata.codeGB_16   lcd.o
    0x08007100   0x08007100   0x00000600   Data   RO          952    .rodata.nAsciiDot   lcd.o
    0x08007700   0x08007700   0x00007080   Data   RO           22    .rodata.pic0        main.o
    0x0800e780   0x0800e780   0x00007080   Data   RO           23    .rodata.pic1        main.o
    0x08015800   0x08015800   0x00007080   Data   RO           24    .rodata.pic2        main.o
    0x0801c880   0x0801c880   0x00007080   Data   RO           25    .rodata.pic6        main.o
    0x08023900   0x08023900   0x00007080   Data   RO           26    .rodata.pic7        main.o
    0x0802a980   0x0802a980   0x00007080   Data   RO           27    .rodata.picA        main.o
    0x08031a00   0x08031a00   0x00007080   Data   RO           28    .rodata.picB        main.o
    0x08038a80   0x08038a80   0x00007080   Data   RO           29    .rodata.picC        main.o
    0x0803fb00   0x0803fb00   0x00007080   Data   RO           19    .rodata.piclfy      main.o
    0x08046b80   0x08046b80   0x00007080   Data   RO           21    .rodata.picmxy      main.o
    0x0804dc00   0x0804dc00   0x00007080   Data   RO           20    .rodata.picycj      main.o
    0x08054c80   0x08054c80   0x000001a2   Data   RO           34    .rodata.str1.1      main.o
    0x08054e22   0x08054e22   0x00000002   PAD
    0x08054e24   0x08054e24   0x00000020   Data   RO         1121    Region$$Table       anon$$obj.o


    Execution Region RW_IRAM1 (Exec base: 0x20000000, Load base: 0x08054e48, Size: 0x000005b8, Max: 0x00020000, ABSOLUTE)

    Exec Addr    Load Addr    Size         Type   Attr      Idx    E Section Name        Object

    0x20000000   0x08054e48   0x00000004   Data   RW          895    .data.SystemCoreClock  system_stm32g4xx.o
    0x20000004   0x08054e4c   0x00000005   Data   RW           31    .data.UART_temp1    main.o
    0x20000009   0x08054e51   0x00000003   PAD
    0x2000000c   0x08054e54   0x00000004   Data   RW          486    .data.uwTickFreq    stm32g4xx_hal.o
    0x20000010   0x08054e58   0x00000004   Data   RW          485    .data.uwTickPrio    stm32g4xx_hal.o
    0x20000014   0x08054e5c   0x00000004   PAD
    0x20000018        -       0x0000000b   Zero   RW           40    .bss.UART_temp2     main.o
    0x20000023        -       0x00000005   Zero   RW           41    .bss.UART_temp3     main.o
    0x20000028        -       0x00000060   Zero   RW           77    .bss.hdma_usart1_rx  usart.o
    0x20000088        -       0x00000060   Zero   RW           78    .bss.hdma_usart1_tx  usart.o
    0x200000e8        -       0x00000094   Zero   RW           76    .bss.huart1         usart.o
    0x2000017c        -       0x00000001   Zero   RW           30    .bss.mode           main.o
    0x2000017d        -       0x00000032   Zero   RW           35    .bss.sendData       main.o
    0x200001af   0x08054e5c   0x00000001   PAD
    0x200001b0        -       0x00000004   Zero   RW          487    .bss.uwTick         stm32g4xx_hal.o
    0x200001b4   0x08054e5c   0x00000004   PAD
    0x200001b8        -       0x00000400   Zero   RW            1    STACK               startup_stm32g474xx.o


==============================================================================

Image component sizes


      Code (inc. data)   RO Data    RW Data    ZI Data      Debug   Object Name

       106          0          0          0          0       3906   dma.o
       406          0          0          0          0       4736   gpio.o
      1912          0       2796          0          0       5262   lcd.o
       164          0          0          0          0       1347   led.o
      6320          4     317218          5         67       7345   main.o
        36          8        472          0       1024        808   startup_stm32g474xx.o
       290          0          0          8          4       9068   stm32g4xx_hal.o
       478          0          0          0          0       9834   stm32g4xx_hal_cortex.o
      1210          0          0          0          0       7742   stm32g4xx_hal_dma.o
      1018          0          0          0          0       5279   stm32g4xx_hal_gpio.o
        78          0          0          0          0       1615   stm32g4xx_hal_msp.o
       454          0          0          0          0       7759   stm32g4xx_hal_pwr_ex.o
      3276          0          0          0          0       9491   stm32g4xx_hal_rcc.o
      1316          0          0          0          0      11670   stm32g4xx_hal_rcc_ex.o
      5012         48         24          0          0      27330   stm32g4xx_hal_uart.o
       562          0         16          0          0       8862   stm32g4xx_hal_uart_ex.o
       108          0          0          0          0       1802   stm32g4xx_it.o
        18          0         24          4          0       2659   system_stm32g4xx.o
       484          0          0          0        340       9108   usart.o

    ----------------------------------------------------------------------
     23336         60     320584         20       1444     135623   Object Totals
         0          0         32          0          0          0   (incl. Generated)
        88          0          2          3          9          0   (incl. Padding)

    ----------------------------------------------------------------------

      Code (inc. data)   RO Data    RW Data    ZI Data      Debug   Library Member Name

         0          0          0          0          0          0   entry.o
         0          0          0          0          0          0   entry10a.o
         0          0          0          0          0          0   entry11a.o
         8          4          0          0          0          0   entry2.o
         4          0          0          0          0          0   entry5.o
         0          0          0          0          0          0   entry7b.o
         0          0          0          0          0          0   entry8b.o
         8          4          0          0          0          0   entry9a.o
        30          0          0          0          0          0   handlers.o
        48         10          0          0          0         68   init.o
         0          0          0          0          0          0   iusefp.o
        30          0          0          0          0         68   llshl.o
        36          0          0          0          0         68   llsshr.o
        32          0          0          0          0         68   llushr.o
        26          0          0          0          0         80   memcmp.o
        36          0          0          0          0         68   memcpya.o
        36          0          0          0          0        108   memseta.o
      2276         86          0          0          0        520   printfa.o
        14          0          0          0          0         68   strlen.o
        44          0          0          0          0         80   uidiv.o
        98          0          0          0          0         92   uldiv.o
        48          0          0          0          0         68   cdrcmple.o
       334          0          0          0          0        148   dadd.o
       222          0          0          0          0        100   ddiv.o
       186          0          0          0          0        176   depilogue.o
        48          0          0          0          0         68   dfixul.o
       228          0          0          0          0         96   dmul.o

    ----------------------------------------------------------------------
      3796        104          0          0          0       1944   Library Totals
         4          0          0          0          0          0   (incl. Padding)

    ----------------------------------------------------------------------

      Code (inc. data)   RO Data    RW Data    ZI Data      Debug   Library Name

      2726        104          0          0          0       1288   mc_w.l
      1066          0          0          0          0        656   mf_w.l

    ----------------------------------------------------------------------
      3796        104          0          0          0       1944   Library Totals

    ----------------------------------------------------------------------

==============================================================================


      Code (inc. data)   RO Data    RW Data    ZI Data      Debug   

     27132        164     320584         20       1444     136443   Grand Totals
     27132        164     320584         20       1444     136443   ELF Image Totals
     27132        164     320584         20          0          0   ROM Totals

==============================================================================

    Total RO  Size (Code + RO Data)               347716 ( 339.57kB)
    Total RW  Size (RW Data + ZI Data)              1464 (   1.43kB)
    Total ROM Size (Code + RO Data + RW Data)     347736 ( 339.59kB)

==============================================================================

