Component: Arm Compiler for Embedded 6.22 Tool: armlink [5ee90200]

==============================================================================

Section Cross References

    startup_stm32g474xx.o(RESET) refers to startup_stm32g474xx.o(STACK) for __initial_sp
    startup_stm32g474xx.o(RESET) refers to startup_stm32g474xx.o(.text) for Reset_Handler
    startup_stm32g474xx.o(RESET) refers to stm32g4xx_it.o(.text.NMI_Handler) for NMI_Handler
    startup_stm32g474xx.o(RESET) refers to stm32g4xx_it.o(.text.HardFault_Handler) for HardFault_Handler
    startup_stm32g474xx.o(RESET) refers to stm32g4xx_it.o(.text.MemManage_Handler) for MemManage_Handler
    startup_stm32g474xx.o(RESET) refers to stm32g4xx_it.o(.text.BusFault_Handler) for BusFault_Handler
    startup_stm32g474xx.o(RESET) refers to stm32g4xx_it.o(.text.UsageFault_Handler) for UsageFault_Handler
    startup_stm32g474xx.o(RESET) refers to stm32g4xx_it.o(.text.SVC_Handler) for SVC_Handler
    startup_stm32g474xx.o(RESET) refers to stm32g4xx_it.o(.text.DebugMon_Handler) for DebugMon_Handler
    startup_stm32g474xx.o(RESET) refers to stm32g4xx_it.o(.text.PendSV_Handler) for PendSV_Handler
    startup_stm32g474xx.o(RESET) refers to stm32g4xx_it.o(.text.SysTick_Handler) for SysTick_Handler
    startup_stm32g474xx.o(RESET) refers to stm32g4xx_it.o(.text.DMA1_Channel1_IRQHandler) for DMA1_Channel1_IRQHandler
    startup_stm32g474xx.o(RESET) refers to stm32g4xx_it.o(.text.DMA1_Channel2_IRQHandler) for DMA1_Channel2_IRQHandler
    startup_stm32g474xx.o(RESET) refers to stm32g4xx_it.o(.text.USART1_IRQHandler) for USART1_IRQHandler
    startup_stm32g474xx.o(.text) refers to system_stm32g4xx.o(.text.SystemInit) for SystemInit
    startup_stm32g474xx.o(.text) refers to entry.o(.ARM.Collect$$$$00000000) for __main
    main.o(.text.main) refers to stm32g4xx_hal.o(.text.HAL_Init) for HAL_Init
    main.o(.text.main) refers to memseta.o(.text) for __aeabi_memclr4
    main.o(.text.main) refers to stm32g4xx_hal_pwr_ex.o(.text.HAL_PWREx_ControlVoltageScaling) for HAL_PWREx_ControlVoltageScaling
    main.o(.text.main) refers to stm32g4xx_hal_rcc.o(.text.HAL_RCC_OscConfig) for HAL_RCC_OscConfig
    main.o(.text.main) refers to stm32g4xx_hal_rcc.o(.text.HAL_RCC_ClockConfig) for HAL_RCC_ClockConfig
    main.o(.text.main) refers to gpio.o(.text.MX_GPIO_Init) for MX_GPIO_Init
    main.o(.text.main) refers to dma.o(.text.MX_DMA_Init) for MX_DMA_Init
    main.o(.text.main) refers to usart.o(.text.MX_USART1_UART_Init) for MX_USART1_UART_Init
    main.o(.text.main) refers to lcd.o(.text.LCD_Initial) for LCD_Initial
    main.o(.text.main) refers to lcd.o(.text.Lcd_ColorBox) for Lcd_ColorBox
    main.o(.text.main) refers to usart.o(.bss.huart1) for huart1
    main.o(.text.main) refers to main.o(.bss.receive_buff) for receive_buff
    main.o(.text.main) refers to stm32g4xx_hal_uart.o(.text.HAL_UART_Receive_DMA) for HAL_UART_Receive_DMA
    main.o(.text.main) refers to mylcd.o(.text.Interface_1) for Interface_1
    main.o(.text.main) refers to main.o(.bss.mode) for mode
    main.o(.text.main) refers to mylcd.o(.rodata.person_info) for person_info
    main.o(.text.main) refers to key.o(.text.KEY_Scan) for KEY_Scan
    main.o(.text.main) refers to puts.o(i.puts) for puts
    main.o(.text.main) refers to printfa.o(i.__0printf) for __2printf
    main.o(.text.main) refers to mylcd.o(.text.Interface_2) for Interface_2
    main.o(.text.main) refers to mylcd.o(.text.Interface_4) for Interface_4
    main.o(.ARM.exidx.text.main) refers to main.o(.text.main) for [Anonymous Symbol]
    main.o(.text.SystemClock_Config) refers to memseta.o(.text) for __aeabi_memclr4
    main.o(.text.SystemClock_Config) refers to stm32g4xx_hal_pwr_ex.o(.text.HAL_PWREx_ControlVoltageScaling) for HAL_PWREx_ControlVoltageScaling
    main.o(.text.SystemClock_Config) refers to stm32g4xx_hal_rcc.o(.text.HAL_RCC_OscConfig) for HAL_RCC_OscConfig
    main.o(.text.SystemClock_Config) refers to stm32g4xx_hal_rcc.o(.text.HAL_RCC_ClockConfig) for HAL_RCC_ClockConfig
    main.o(.ARM.exidx.text.SystemClock_Config) refers to main.o(.text.SystemClock_Config) for [Anonymous Symbol]
    main.o(.ARM.exidx.text.Error_Handler) refers to main.o(.text.Error_Handler) for [Anonymous Symbol]
    gpio.o(.text.MX_GPIO_Init) refers to stm32g4xx_hal_gpio.o(.text.HAL_GPIO_WritePin) for HAL_GPIO_WritePin
    gpio.o(.text.MX_GPIO_Init) refers to stm32g4xx_hal_gpio.o(.text.HAL_GPIO_Init) for HAL_GPIO_Init
    gpio.o(.ARM.exidx.text.MX_GPIO_Init) refers to gpio.o(.text.MX_GPIO_Init) for [Anonymous Symbol]
    dma.o(.text.MX_DMA_Init) refers to stm32g4xx_hal_cortex.o(.text.HAL_NVIC_SetPriority) for HAL_NVIC_SetPriority
    dma.o(.text.MX_DMA_Init) refers to stm32g4xx_hal_cortex.o(.text.HAL_NVIC_EnableIRQ) for HAL_NVIC_EnableIRQ
    dma.o(.ARM.exidx.text.MX_DMA_Init) refers to dma.o(.text.MX_DMA_Init) for [Anonymous Symbol]
[...]
    Removing stm32g4xx_hal_dma_ex.o(.text.HAL_DMAEx_MUX_IRQHandler), (94 bytes).
    Removing stm32g4xx_hal_dma_ex.o(.ARM.exidx.text.HAL_DMAEx_MUX_IRQHandler), (8 bytes).
    Removing stm32g4xx_hal_pwr.o(.text), (0 bytes).
    Removing stm32g4xx_hal_pwr.o(.text.HAL_PWR_DeInit), (26 bytes).
    Removing stm32g4xx_hal_pwr.o(.ARM.exidx.text.HAL_PWR_DeInit), (8 bytes).
    Removing stm32g4xx_hal_pwr.o(.text.HAL_PWR_EnableBkUpAccess), (18 bytes).
    Removing stm32g4xx_hal_pwr.o(.ARM.exidx.text.HAL_PWR_EnableBkUpAccess), (8 bytes).
    Removing stm32g4xx_hal_pwr.o(.text.HAL_PWR_DisableBkUpAccess), (18 bytes).
    Removing stm32g4xx_hal_pwr.o(.ARM.exidx.text.HAL_PWR_DisableBkUpAccess), (8 bytes).
    Removing stm32g4xx_hal_pwr.o(.text.HAL_PWR_ConfigPVD), (134 bytes).
    Removing stm32g4xx_hal_pwr.o(.ARM.exidx.text.HAL_PWR_ConfigPVD), (8 bytes).
    Removing stm32g4xx_hal_pwr.o(.text.HAL_PWR_EnablePVD), (18 bytes).
    Removing stm32g4xx_hal_pwr.o(.ARM.exidx.text.HAL_PWR_EnablePVD), (8 bytes).
    Removing stm32g4xx_hal_pwr.o(.text.HAL_PWR_DisablePVD), (18 bytes).
    Removing stm32g4xx_hal_pwr.o(.ARM.exidx.text.HAL_PWR_DisablePVD), (8 bytes).
    Removing stm32g4xx_hal_pwr.o(.text.HAL_PWR_EnableWakeUpPin), (30 bytes).
    Removing stm32g4xx_hal_pwr.o(.ARM.exidx.text.HAL_PWR_EnableWakeUpPin), (8 bytes).
    Removing stm32g4xx_hal_pwr.o(.text.HAL_PWR_DisableWakeUpPin), (24 bytes).
    Removing stm32g4xx_hal_pwr.o(.ARM.exidx.text.HAL_PWR_DisableWakeUpPin), (8 bytes).
    Removing stm32g4xx_hal_pwr.o(.text.HAL_PWR_EnterSLEEPMode), (64 bytes).
    Removing stm32g4xx_hal_pwr.o(.ARM.exidx.text.HAL_PWR_EnterSLEEPMode), (8 bytes).
    Removing stm32g4xx_hal_pwr.o(.text.HAL_PWR_EnterSTOPMode), (16 bytes).
    Removing stm32g4xx_hal_pwr.o(.ARM.exidx.text.HAL_PWR_EnterSTOPMode), (8 bytes).
    Removing stm32g4xx_hal_pwr.o(.text.HAL_PWR_EnterSTANDBYMode), (38 bytes).
    Removing stm32g4xx_hal_pwr.o(.ARM.exidx.text.HAL_PWR_EnterSTANDBYMode), (8 bytes).
    Removing stm32g4xx_hal_pwr.o(.text.HAL_PWR_EnableSleepOnExit), (18 bytes).
    Removing stm32g4xx_hal_pwr.o(.ARM.exidx.text.HAL_PWR_EnableSleepOnExit), (8 bytes).
    Removing stm32g4xx_hal_pwr.o(.text.HAL_PWR_DisableSleepOnExit), (18 bytes).
    Removing stm32g4xx_hal_pwr.o(.ARM.exidx.text.HAL_PWR_DisableSleepOnExit), (8 bytes).
    Removing stm32g4xx_hal_pwr.o(.text.HAL_PWR_EnableSEVOnPend), (18 bytes).
    Removing stm32g4xx_hal_pwr.o(.ARM.exidx.text.HAL_PWR_EnableSEVOnPend), (8 bytes).
    Removing stm32g4xx_hal_pwr.o(.text.HAL_PWR_DisableSEVOnPend), (18 bytes).
    Removing stm32g4xx_hal_pwr.o(.ARM.exidx.text.HAL_PWR_DisableSEVOnPend), (8 bytes).
    Removing stm32g4xx_hal_pwr.o(.text.HAL_PWR_PVDCallback), (2 bytes).
    Removing stm32g4xx_hal_pwr.o(.ARM.exidx.text.HAL_PWR_PVDCallback), (8 bytes).
    Removing stm32g4xx_hal_cortex.o(.text), (0 bytes).
    Removing stm32g4xx_hal_cortex.o(.ARM.exidx.text.HAL_NVIC_SetPriorityGrouping), (8 bytes).
    Removing stm32g4xx_hal_cortex.o(.ARM.exidx.text.HAL_NVIC_SetPriority), (8 bytes).
    Removing stm32g4xx_hal_cortex.o(.ARM.exidx.text.HAL_NVIC_EnableIRQ), (8 bytes).
    Removing stm32g4xx_hal_cortex.o(.text.HAL_NVIC_DisableIRQ), (42 bytes).
    Removing stm32g4xx_hal_cortex.o(.ARM.exidx.text.HAL_NVIC_DisableIRQ), (8 bytes).
    Removing stm32g4xx_hal_cortex.o(.text.HAL_NVIC_SystemReset), (4 bytes).
    Removing stm32g4xx_hal_cortex.o(.ARM.exidx.text.HAL_NVIC_SystemReset), (8 bytes).
    Removing stm32g4xx_hal_cortex.o(.text.__NVIC_SystemReset), (36 bytes).
    Removing stm32g4xx_hal_cortex.o(.ARM.exidx.text.__NVIC_SystemReset), (8 bytes).
    Removing stm32g4xx_hal_cortex.o(.ARM.exidx.text.HAL_SYSTICK_Config), (8 bytes).
    Removing stm32g4xx_hal_cortex.o(.text.HAL_NVIC_GetPriorityGrouping), (16 bytes).
    Removing stm32g4xx_hal_cortex.o(.ARM.exidx.text.HAL_NVIC_GetPriorityGrouping), (8 bytes).
    Removing stm32g4xx_hal_cortex.o(.text.HAL_NVIC_GetPriority), (88 bytes).
    Removing stm32g4xx_hal_cortex.o(.ARM.exidx.text.HAL_NVIC_GetPriority), (8 bytes).
    Removing stm32g4xx_hal_cortex.o(.text.HAL_NVIC_SetPendingIRQ), (34 bytes).
    Removing stm32g4xx_hal_cortex.o(.ARM.exidx.text.HAL_NVIC_SetPendingIRQ), (8 bytes).
    Removing stm32g4xx_hal_cortex.o(.text.HAL_NVIC_GetPendingIRQ), (38 bytes).
    Removing stm32g4xx_hal_cortex.o(.ARM.exidx.text.HAL_NVIC_GetPendingIRQ), (8 bytes).
    Removing stm32g4xx_hal_cortex.o(.text.HAL_NVIC_ClearPendingIRQ), (34 bytes).
    Removing stm32g4xx_hal_cortex.o(.ARM.exidx.text.HAL_NVIC_ClearPendingIRQ), (8 bytes).
    Removing stm32g4xx_hal_cortex.o(.text.HAL_NVIC_GetActive), (38 bytes).
    Removing stm32g4xx_hal_cortex.o(.ARM.exidx.text.HAL_NVIC_GetActive), (8 bytes).
    Removing stm32g4xx_hal_cortex.o(.text.HAL_SYSTICK_CLKSourceConfig), (24 bytes).
    Removing stm32g4xx_hal_cortex.o(.ARM.exidx.text.HAL_SYSTICK_CLKSourceConfig), (8 bytes).
    Removing stm32g4xx_hal_cortex.o(.text.HAL_SYSTICK_IRQHandler), (4 bytes).
    Removing stm32g4xx_hal_cortex.o(.ARM.exidx.text.HAL_SYSTICK_IRQHandler), (8 bytes).
    Removing stm32g4xx_hal_cortex.o(.text.HAL_SYSTICK_Callback), (2 bytes).
    Removing stm32g4xx_hal_cortex.o(.ARM.exidx.text.HAL_SYSTICK_Callback), (8 bytes).
    Removing stm32g4xx_hal_cortex.o(.text.HAL_MPU_Enable), (24 bytes).
    Removing stm32g4xx_hal_cortex.o(.ARM.exidx.text.HAL_MPU_Enable), (8 bytes).
    Removing stm32g4xx_hal_cortex.o(.text.HAL_MPU_Disable), (18 bytes).
    Removing stm32g4xx_hal_cortex.o(.ARM.exidx.text.HAL_MPU_Disable), (8 bytes).
    Removing stm32g4xx_hal_cortex.o(.text.HAL_MPU_ConfigRegion), (94 bytes).
    Removing stm32g4xx_hal_cortex.o(.ARM.exidx.text.HAL_MPU_ConfigRegion), (8 bytes).
    Removing system_stm32g4xx.o(.text), (0 bytes).
    Removing system_stm32g4xx.o(.ARM.exidx.text.SystemInit), (8 bytes).
    Removing system_stm32g4xx.o(.text.SystemCoreClockUpdate), (150 bytes).
    Removing system_stm32g4xx.o(.ARM.exidx.text.SystemCoreClockUpdate), (8 bytes).
    Removing lcd.o(.text), (0 bytes).
    Removing lcd.o(.text.Lcd_Reset), (32 bytes).
    Removing lcd.o(.ARM.exidx.text.Lcd_Reset), (8 bytes).
    Removing lcd.o(.text.LCD_delay), (18 bytes).
    Removing lcd.o(.ARM.exidx.text.LCD_delay), (8 bytes).
    Removing lcd.o(.text.LCD_WriteByteSPI), (58 bytes).
    Removing lcd.o(.ARM.exidx.text.LCD_WriteByteSPI), (8 bytes).
    Removing lcd.o(.text.LCD_WriteRegIndex), (146 bytes).
    Removing lcd.o(.ARM.exidx.text.LCD_WriteRegIndex), (8 bytes).
    Removing lcd.o(.text.LCD_WriteData), (160 bytes).
    Removing lcd.o(.ARM.exidx.text.LCD_WriteData), (8 bytes).
    Removing lcd.o(.ARM.exidx.text.LCD_WR_REG), (8 bytes).
    Removing lcd.o(.ARM.exidx.text.Lcd_SetCursor), (8 bytes).
    Removing lcd.o(.ARM.exidx.text.BlockWrite), (8 bytes).
    Removing lcd.o(.ARM.exidx.text.Lcd_ColorBox), (8 bytes).
    Removing lcd.o(.ARM.exidx.text.LCD_Initial), (8 bytes).
    Removing lcd.o(.ARM.exidx.text.LCD_Fill_Pic), (8 bytes).
    Removing lcd.o(.ARM.exidx.text.DrawPixel), (8 bytes).
    Removing lcd.o(.text.SPILCD_ShowChar), (128 bytes).
    Removing lcd.o(.ARM.exidx.text.SPILCD_ShowChar), (8 bytes).
    Removing lcd.o(.text.PutGB1616), (196 bytes).
    Removing lcd.o(.ARM.exidx.text.PutGB1616), (8 bytes).
    Removing lcd.o(.ARM.exidx.text.LCD_PutString), (8 bytes).
    Removing lcd.o(.text.DrawScaledChar), (492 bytes).
    Removing lcd.o(.ARM.exidx.text.DrawScaledChar), (8 bytes).
    Removing lcd.o(.ARM.exidx.text.DrawScaledPic), (8 bytes).
    Removing lcd.o(.rodata.LCM_NUM_16x32), (832 bytes).
    Removing mylcd.o(.text), (0 bytes).
    Removing mylcd.o(.ARM.exidx.text.fputc), (8 bytes).
    Removing mylcd.o(.text.SW_delay_ms), (34 bytes).
    Removing mylcd.o(.ARM.exidx.text.SW_delay_ms), (8 bytes).
    Removing mylcd.o(.ARM.exidx.text.mode2LED), (8 bytes).
    Removing mylcd.o(.ARM.exidx.text.Interface_1), (8 bytes).
    Removing mylcd.o(.ARM.exidx.text.Interface_2), (8 bytes).
    Removing mylcd.o(.ARM.exidx.text.Interface_3), (8 bytes).
    Removing mylcd.o(.ARM.exidx.text.Interface_4), (8 bytes).
    Removing mylcd.o(.text.test_show), (136 bytes).
    Removing mylcd.o(.ARM.exidx.text.test_show), (8 bytes).
    Removing mypic.o(.text), (0 bytes).
    Removing led.o(.text), (0 bytes).
    Removing led.o(.text.LED_ALL_ON), (38 bytes).
    Removing led.o(.ARM.exidx.text.LED_ALL_ON), (8 bytes).
    Removing led.o(.ARM.exidx.text.LED_ALL_OFF), (8 bytes).
    Removing key.o(.text), (0 bytes).
    Removing key.o(.ARM.exidx.text.KEY_Scan), (8 bytes).
    Removing f2d.o(.text), (38 bytes).

619 unused section(s) (total 25136 bytes) removed from the image.

==============================================================================

Image Symbol Table

    Local Symbols

    Symbol Name                              Value     Ov Type        Size  Object(Section)

    ../clib/division.s                       0x00000000   Number         0  aeabi_sdiv.o ABSOLUTE
    ../clib/microlib/division.c              0x00000000   Number         0  uldiv.o ABSOLUTE
    ../clib/microlib/division.c              0x00000000   Number         0  uidiv.o ABSOLUTE
    ../clib/microlib/init/entry.s            0x00000000   Number         0  entry.o ABSOLUTE
    ../clib/microlib/init/entry.s            0x00000000   Number         0  entry2.o ABSOLUTE
    ../clib/microlib/init/entry.s            0x00000000   Number         0  entry5.o ABSOLUTE
    ../clib/microlib/init/entry.s            0x00000000   Number         0  entry7a.o ABSOLUTE
    ../clib/microlib/init/entry.s            0x00000000   Number         0  entry7b.o ABSOLUTE
    ../clib/microlib/init/entry.s            0x00000000   Number         0  entry8a.o ABSOLUTE
    ../clib/microlib/init/entry.s            0x00000000   Number         0  entry8b.o ABSOLUTE
    ../clib/microlib/init/entry.s            0x00000000   Number         0  entry9a.o ABSOLUTE
    ../clib/microlib/init/entry.s            0x00000000   Number         0  entry9b.o ABSOLUTE
    ../clib/microlib/init/entry.s            0x00000000   Number         0  entry10a.o ABSOLUTE
    ../clib/microlib/init/entry.s            0x00000000   Number         0  entry10b.o ABSOLUTE
    ../clib/microlib/init/entry.s            0x00000000   Number         0  entry11a.o ABSOLUTE
    ../clib/microlib/init/entry.s            0x00000000   Number         0  entry11b.o ABSOLUTE
    ../clib/microlib/longlong.c              0x00000000   Number         0  llshl.o ABSOLUTE
    ../clib/microlib/longlong.c              0x00000000   Number         0  llushr.o ABSOLUTE
    ../clib/microlib/longlong.c              0x00000000   Number         0  llsshr.o ABSOLUTE
    ../clib/microlib/printf/printf.c         0x00000000   Number         0  printfb.o ABSOLUTE
    ../clib/microlib/printf/printf.c         0x00000000   Number         0  printf0.o ABSOLUTE
    ../clib/microlib/printf/printf.c         0x00000000   Number         0  printf1.o ABSOLUTE
    ../clib/microlib/printf/printf.c         0x00000000   Number         0  printf2.o ABSOLUTE
    ../clib/microlib/printf/printf.c         0x00000000   Number         0  printf3.o ABSOLUTE
    ../clib/microlib/printf/printf.c         0x00000000   Number         0  printf4.o ABSOLUTE
    ../clib/microlib/printf/printf.c         0x00000000   Number         0  printf5.o ABSOLUTE
    ../clib/microlib/printf/printf.c         0x00000000   Number         0  printf6.o ABSOLUTE
    ../clib/microlib/printf/printf.c         0x00000000   Number         0  printf7.o ABSOLUTE
    ../clib/microlib/printf/printf.c         0x00000000   Number         0  printf8.o ABSOLUTE
    ../clib/microlib/printf/printf.c         0x00000000   Number         0  printfa.o ABSOLUTE
    ../clib/microlib/printf/stubs.s          0x00000000   Number         0  printfstubs.o ABSOLUTE
    ../clib/microlib/stdio/puts.c            0x00000000   Number         0  puts.o ABSOLUTE
    ../clib/microlib/stdio/puts.c            0x00000000   Number         0  puts_e.o ABSOLUTE
    ../clib/microlib/stdio/streams.c         0x00000000   Number         0  stdout.o ABSOLUTE
    ../clib/microlib/string/memcpy.c         0x00000000   Number         0  memcpya.o ABSOLUTE
    ../clib/microlib/string/memcpy.c         0x00000000   Number         0  memcpyb.o ABSOLUTE
    ../clib/microlib/string/memset.c         0x00000000   Number         0  memseta.o ABSOLUTE
    ../clib/microlib/string/strlen.c         0x00000000   Number         0  strlen.o ABSOLUTE
    ../clib/microlib/string/strncmp.c        0x00000000   Number         0  strncmp.o ABSOLUTE
    ../clib/microlib/string/strncpy.c        0x00000000   Number         0  strncpy.o ABSOLUTE
    ../clib/microlib/string/strstr.c         0x00000000   Number         0  strstr.o ABSOLUTE
    ../clib/microlib/stubs.s                 0x00000000   Number         0  iusefp.o ABSOLUTE
    ../fplib/microlib/f2d.c                  0x00000000   Number         0  f2d.o ABSOLUTE
    ../fplib/microlib/fpadd.c                0x00000000   Number         0  dadd.o ABSOLUTE
    ../fplib/microlib/fpdiv.c                0x00000000   Number         0  ddiv.o ABSOLUTE
    ../fplib/microlib/fpepilogue.c           0x00000000   Number         0  depilogue.o ABSOLUTE
    ../fplib/microlib/fpfix.c                0x00000000   Number         0  dfixul.o ABSOLUTE
    ../fplib/microlib/fpmul.c                0x00000000   Number         0  dmul.o ABSOLUTE
    KEY.c                                    0x00000000   Number         0  key.o ABSOLUTE
    LCD.c                                    0x00000000   Number         0  lcd.o ABSOLUTE
    LED.c                                    0x00000000   Number         0  led.o ABSOLUTE
    MyLCD.c                                  0x00000000   Number         0  mylcd.o ABSOLUTE
    MyPic.c                                  0x00000000   Number         0  mypic.o ABSOLUTE
    cdrcmple.s                               0x00000000   Number         0  cdrcmple.o ABSOLUTE
    dc.s                                     0x00000000   Number         0  dc.o ABSOLUTE
    dma.c                                    0x00000000   Number         0  dma.o ABSOLUTE
    gpio.c                                   0x00000000   Number         0  gpio.o ABSOLUTE
    handlers.s                               0x00000000   Number         0  handlers.o ABSOLUTE
    init.s                                   0x00000000   Number         0  init.o ABSOLUTE
    main.c                                   0x00000000   Number         0  main.o ABSOLUTE
    startup_stm32g474xx.s                    0x00000000   Number         0  startup_stm32g474xx.o ABSOLUTE
    stm32g4xx_hal.c                          0x00000000   Number         0  stm32g4xx_hal.o ABSOLUTE
    stm32g4xx_hal_cortex.c                   0x00000000   Number         0  stm32g4xx_hal_cortex.o ABSOLUTE
    stm32g4xx_hal_dma.c                      0x00000000   Number         0  stm32g4xx_hal_dma.o ABSOLUTE
    stm32g4xx_hal_dma_ex.c                   0x00000000   Number         0  stm32g4xx_hal_dma_ex.o ABSOLUTE
    stm32g4xx_hal_exti.c                     0x00000000   Number         0  stm32g4xx_hal_exti.o ABSOLUTE
    stm32g4xx_hal_flash.c                    0x00000000   Number         0  stm32g4xx_hal_flash.o ABSOLUTE
    stm32g4xx_hal_flash_ex.c                 0x00000000   Number         0  stm32g4xx_hal_flash_ex.o ABSOLUTE
    stm32g4xx_hal_flash_ramfunc.c            0x00000000   Number         0  stm32g4xx_hal_flash_ramfunc.o ABSOLUTE
    stm32g4xx_hal_gpio.c                     0x00000000   Number         0  stm32g4xx_hal_gpio.o ABSOLUTE
    stm32g4xx_hal_msp.c                      0x00000000   Number         0  stm32g4xx_hal_msp.o ABSOLUTE
    stm32g4xx_hal_pwr.c                      0x00000000   Number         0  stm32g4xx_hal_pwr.o ABSOLUTE
    stm32g4xx_hal_pwr_ex.c                   0x00000000   Number         0  stm32g4xx_hal_pwr_ex.o ABSOLUTE
    stm32g4xx_hal_rcc.c                      0x00000000   Number         0  stm32g4xx_hal_rcc.o ABSOLUTE
    stm32g4xx_hal_rcc_ex.c                   0x00000000   Number         0  stm32g4xx_hal_rcc_ex.o ABSOLUTE
    stm32g4xx_hal_tim.c                      0x00000000   Number         0  stm32g4xx_hal_tim.o ABSOLUTE
    stm32g4xx_hal_tim_ex.c                   0x00000000   Number         0  stm32g4xx_hal_tim_ex.o ABSOLUTE
    stm32g4xx_hal_uart.c                     0x00000000   Number         0  stm32g4xx_hal_uart.o ABSOLUTE
    stm32g4xx_hal_uart_ex.c                  0x00000000   Number         0  stm32g4xx_hal_uart_ex.o ABSOLUTE
    stm32g4xx_it.c                           0x00000000   Number         0  stm32g4xx_it.o ABSOLUTE
    system_stm32g4xx.c                       0x00000000   Number         0  system_stm32g4xx.o ABSOLUTE
    usart.c                                  0x00000000   Number         0  usart.o ABSOLUTE
    RESET                                    0x08000000   Section      472  startup_stm32g474xx.o(RESET)
    .ARM.Collect$$$$00000000                 0x080001d8   Section        0  entry.o(.ARM.Collect$$$$00000000)
    .ARM.Collect$$$$00000001                 0x080001d8   Section        4  entry2.o(.ARM.Collect$$$$00000001)
    .ARM.Collect$$$$00000004                 0x080001dc   Section        4  entry5.o(.ARM.Collect$$$$00000004)
    .ARM.Collect$$$$00000008                 0x080001e0   Section        0  entry7b.o(.ARM.Collect$$$$00000008)
    .ARM.Collect$$$$0000000A                 0x080001e0   Section        0  entry8b.o(.ARM.Collect$$$$0000000A)
    .ARM.Collect$$$$0000000B                 0x080001e0   Section        8  entry9a.o(.ARM.Collect$$$$0000000B)
    __lit__00000000                          0x080001e8   Data           4  entry2.o(.ARM.Collect$$$$00002712)
    .ARM.Collect$$$$0000000D                 0x080001e8   Section        0  entry10a.o(.ARM.Collect$$$$0000000D)
    .ARM.Collect$$$$0000000F                 0x080001e8   Section        0  entry11a.o(.ARM.Collect$$$$0000000F)
    .ARM.Collect$$$$00002712                 0x080001e8   Section        4  entry2.o(.ARM.Collect$$$$00002712)
    $v0                                      0x080001ec   Number         0  startup_stm32g474xx.o(.text)
    .text                                    0x080001ec   Section       36  startup_stm32g474xx.o(.text)
    .text                                    0x08000210   Section        0  uldiv.o(.text)
    .text                                    0x08000272   Section        0  memcpya.o(.text)
    .text                                    0x08000296   Section        0  memseta.o(.text)
    .text                                    0x080002ba   Section        0  strstr.o(.text)
    .text                                    0x080002de   Section        0  strncpy.o(.text)
    .text                                    0x080002f6   Section        0  strncmp.o(.text)
    .text                                    0x08000314   Section        0  uidiv.o(.text)
    .text                                    0x08000340   Section        0  llshl.o(.text)
    .text                                    0x0800035e   Section        0  llushr.o(.text)
    .text                                    0x0800037e   Section        0  iusefp.o(.text)
    .text                                    0x0800037e   Section        0  dadd.o(.text)
    .text                                    0x080004cc   Section        0  dmul.o(.text)
    .text                                    0x080005b0   Section        0  ddiv.o(.text)
    .text                                    0x0800068e   Section        0  dfixul.o(.text)
    .text                                    0x080006c0   Section       48  cdrcmple.o(.text)
    .text                                    0x080006f0   Section       48  init.o(.text)
    .text                                    0x08000720   Section        0  llsshr.o(.text)
    .text                                    0x08000744   Section        0  depilogue.o(.text)
    [Anonymous Symbol]                       0x08000800   Section        0  lcd.o(.text.BlockWrite)
    [Anonymous Symbol]                       0x080008b8   Section        0  stm32g4xx_it.o(.text.BusFault_Handler)
    [Anonymous Symbol]                       0x080008bc   Section        0  stm32g4xx_it.o(.text.DMA1_Channel1_IRQHandler)
    [Anonymous Symbol]                       0x080008c8   Section        0  stm32g4xx_it.o(.text.DMA1_Channel2_IRQHandler)
    [Anonymous Symbol]                       0x080008d4   Section        0  stm32g4xx_it.o(.text.DebugMon_Handler)
    [Anonymous Symbol]                       0x080008d8   Section        0  lcd.o(.text.DrawPixel)
    [Anonymous Symbol]                       0x0800098c   Section        0  lcd.o(.text.DrawScaledPic)
    [Anonymous Symbol]                       0x08000a74   Section        0  main.o(.text.Error_Handler)
    [Anonymous Symbol]                       0x08000a80   Section        0  stm32g4xx_hal_dma.o(.text.HAL_DMA_Abort)
    [Anonymous Symbol]                       0x08000af0   Section        0  stm32g4xx_hal_dma.o(.text.HAL_DMA_Abort_IT)
    [Anonymous Symbol]                       0x08000b70   Section        0  stm32g4xx_hal_dma.o(.text.HAL_DMA_GetError)
    [Anonymous Symbol]                       0x08000b74   Section        0  stm32g4xx_hal_dma.o(.text.HAL_DMA_IRQHandler)
    [Anonymous Symbol]                       0x08000c10   Section        0  stm32g4xx_hal_dma.o(.text.HAL_DMA_Init)
    [Anonymous Symbol]                       0x08000d34   Section        0  stm32g4xx_hal_dma.o(.text.HAL_DMA_Start_IT)
    [Anonymous Symbol]                       0x08000e18   Section        0  stm32g4xx_hal.o(.text.HAL_Delay)
    [Anonymous Symbol]                       0x08000e40   Section        0  stm32g4xx_hal_gpio.o(.text.HAL_GPIO_Init)
    [Anonymous Symbol]                       0x08000fe0   Section        0  stm32g4xx_hal_gpio.o(.text.HAL_GPIO_ReadPin)
    [Anonymous Symbol]                       0x08000fec   Section        0  stm32g4xx_hal_gpio.o(.text.HAL_GPIO_WritePin)
    [Anonymous Symbol]                       0x08000ff8   Section        0  stm32g4xx_hal.o(.text.HAL_GetTick)
    [Anonymous Symbol]                       0x08001004   Section        0  stm32g4xx_hal.o(.text.HAL_IncTick)
    [Anonymous Symbol]                       0x08001020   Section        0  stm32g4xx_hal.o(.text.HAL_Init)
    [Anonymous Symbol]                       0x08001040   Section        0  stm32g4xx_hal.o(.text.HAL_InitTick)
    [Anonymous Symbol]                       0x0800109c   Section        0  stm32g4xx_hal_msp.o(.text.HAL_MspInit)
    [Anonymous Symbol]                       0x080010d0   Section        0  stm32g4xx_hal_cortex.o(.text.HAL_NVIC_EnableIRQ)
    [Anonymous Symbol]                       0x080010f4   Section        0  stm32g4xx_hal_cortex.o(.text.HAL_NVIC_SetPriority)
    [Anonymous Symbol]                       0x0800114c   Section        0  stm32g4xx_hal_cortex.o(.text.HAL_NVIC_SetPriorityGrouping)
    [Anonymous Symbol]                       0x0800116c   Section        0  stm32g4xx_hal_pwr_ex.o(.text.HAL_PWREx_ControlVoltageScaling)
    [Anonymous Symbol]                       0x08001260   Section        0  stm32g4xx_hal_pwr_ex.o(.text.HAL_PWREx_DisableUCPDDeadBattery)
    [Anonymous Symbol]                       0x08001274   Section        0  stm32g4xx_hal_rcc_ex.o(.text.HAL_RCCEx_PeriphCLKConfig)
    [Anonymous Symbol]                       0x0800159c   Section        0  stm32g4xx_hal_rcc.o(.text.HAL_RCC_ClockConfig)
    [Anonymous Symbol]                       0x080018b0   Section        0  stm32g4xx_hal_rcc.o(.text.HAL_RCC_GetPCLK1Freq)
    [Anonymous Symbol]                       0x080018dc   Section        0  stm32g4xx_hal_rcc.o(.text.HAL_RCC_GetPCLK2Freq)
    [Anonymous Symbol]                       0x08001908   Section        0  stm32g4xx_hal_rcc.o(.text.HAL_RCC_GetSysClockFreq)
    [Anonymous Symbol]                       0x0800198c   Section        0  stm32g4xx_hal_rcc.o(.text.HAL_RCC_OscConfig)
    [Anonymous Symbol]                       0x08001e10   Section        0  stm32g4xx_hal_cortex.o(.text.HAL_SYSTICK_Config)
    [Anonymous Symbol]                       0x08001e3c   Section        0  stm32g4xx_hal_uart_ex.o(.text.HAL_UARTEx_DisableFifoMode)
    [Anonymous Symbol]                       0x08001e74   Section        0  stm32g4xx_hal_uart.o(.text.HAL_UARTEx_RxEventCallback)
    [Anonymous Symbol]                       0x08001e78   Section        0  stm32g4xx_hal_uart_ex.o(.text.HAL_UARTEx_RxFifoFullCallback)
    [Anonymous Symbol]                       0x08001e7c   Section        0  stm32g4xx_hal_uart_ex.o(.text.HAL_UARTEx_SetRxFifoThreshold)
    [Anonymous Symbol]                       0x08001f10   Section        0  stm32g4xx_hal_uart_ex.o(.text.HAL_UARTEx_SetTxFifoThreshold)
    [Anonymous Symbol]                       0x08001fa4   Section        0  stm32g4xx_hal_uart_ex.o(.text.HAL_UARTEx_TxFifoEmptyCallback)
    [Anonymous Symbol]                       0x08001fa8   Section        0  stm32g4xx_hal_uart_ex.o(.text.HAL_UARTEx_WakeupCallback)
    [Anonymous Symbol]                       0x08001fac   Section        0  stm32g4xx_hal_uart.o(.text.HAL_UART_DMAStop)
    [Anonymous Symbol]                       0x080020bc   Section        0  stm32g4xx_hal_uart.o(.text.HAL_UART_ErrorCallback)
    [Anonymous Symbol]                       0x080020c0   Section        0  stm32g4xx_hal_uart.o(.text.HAL_UART_IRQHandler)
    [Anonymous Symbol]                       0x08002460   Section        0  stm32g4xx_hal_uart.o(.text.HAL_UART_Init)
    [Anonymous Symbol]                       0x080024c4   Section        0  usart.o(.text.HAL_UART_MspInit)
    [Anonymous Symbol]                       0x080025d4   Section        0  stm32g4xx_hal_uart.o(.text.HAL_UART_Receive_DMA)
    [Anonymous Symbol]                       0x080026d8   Section        0  stm32g4xx_hal_uart.o(.text.HAL_UART_RxCpltCallback)
    [Anonymous Symbol]                       0x080026dc   Section        0  stm32g4xx_hal_uart.o(.text.HAL_UART_RxHalfCpltCallback)
    [Anonymous Symbol]                       0x080026e0   Section        0  stm32g4xx_hal_uart.o(.text.HAL_UART_Transmit)
    [Anonymous Symbol]                       0x080027e4   Section        0  stm32g4xx_hal_uart.o(.text.HAL_UART_TxCpltCallback)
    [Anonymous Symbol]                       0x080027e8   Section        0  stm32g4xx_it.o(.text.HardFault_Handler)
    [Anonymous Symbol]                       0x080027ec   Section        0  mylcd.o(.text.Interface_1)
    [Anonymous Symbol]                       0x08002864   Section        0  mylcd.o(.text.Interface_2)
    [Anonymous Symbol]                       0x080028c0   Section        0  mylcd.o(.text.Interface_3)
    [Anonymous Symbol]                       0x08002964   Section        0  mylcd.o(.text.Interface_4)
    [Anonymous Symbol]                       0x08002b60   Section        0  key.o(.text.KEY_Scan)
    [Anonymous Symbol]                       0x08002bcc   Section        0  lcd.o(.text.LCD_Fill_Pic)
    [Anonymous Symbol]                       0x08002c6c   Section        0  lcd.o(.text.LCD_Initial)
    [Anonymous Symbol]                       0x08002e50   Section        0  lcd.o(.text.LCD_PutString)
    [Anonymous Symbol]                       0x08002fe0   Section        0  lcd.o(.text.LCD_WR_REG)
    [Anonymous Symbol]                       0x080030ec   Section        0  led.o(.text.LED_ALL_OFF)
    [Anonymous Symbol]                       0x08003114   Section        0  lcd.o(.text.Lcd_ColorBox)
    [Anonymous Symbol]                       0x080031dc   Section        0  lcd.o(.text.Lcd_SetCursor)
    [Anonymous Symbol]                       0x080033dc   Section        0  dma.o(.text.MX_DMA_Init)
    [Anonymous Symbol]                       0x08003434   Section        0  gpio.o(.text.MX_GPIO_Init)
    [Anonymous Symbol]                       0x0800354c   Section        0  usart.o(.text.MX_USART1_UART_Init)
    [Anonymous Symbol]                       0x080035d0   Section        0  stm32g4xx_it.o(.text.MemManage_Handler)
    [Anonymous Symbol]                       0x080035d4   Section        0  stm32g4xx_it.o(.text.NMI_Handler)
    [Anonymous Symbol]                       0x080035d8   Section        0  stm32g4xx_it.o(.text.PendSV_Handler)
    [Anonymous Symbol]                       0x080035dc   Section        0  stm32g4xx_it.o(.text.SVC_Handler)
    [Anonymous Symbol]                       0x080035e0   Section        0  stm32g4xx_it.o(.text.SysTick_Handler)
    [Anonymous Symbol]                       0x080035e4   Section        0  system_stm32g4xx.o(.text.SystemInit)
    [Anonymous Symbol]                       0x080035f8   Section        0  stm32g4xx_hal_uart.o(.text.UART_AdvFeatureConfig)
    [Anonymous Symbol]                       0x080036e0   Section        0  stm32g4xx_hal_uart.o(.text.UART_CheckIdleState)
    UART_DMAAbortOnError                     0x080037a1   Thumb Code    16  stm32g4xx_hal_uart.o(.text.UART_DMAAbortOnError)
    [Anonymous Symbol]                       0x080037a0   Section        0  stm32g4xx_hal_uart.o(.text.UART_DMAAbortOnError)
    UART_DMAError                            0x080037b1   Thumb Code   200  stm32g4xx_hal_uart.o(.text.UART_DMAError)
    [Anonymous Symbol]                       0x080037b0   Section        0  stm32g4xx_hal_uart.o(.text.UART_DMAError)
    UART_DMAReceiveCplt                      0x08003879   Thumb Code   130  stm32g4xx_hal_uart.o(.text.UART_DMAReceiveCplt)
    [Anonymous Symbol]                       0x08003878   Section        0  stm32g4xx_hal_uart.o(.text.UART_DMAReceiveCplt)
    UART_DMARxHalfCplt                       0x080038fd   Thumb Code    26  stm32g4xx_hal_uart.o(.text.UART_DMARxHalfCplt)
    [Anonymous Symbol]                       0x080038fc   Section        0  stm32g4xx_hal_uart.o(.text.UART_DMARxHalfCplt)
    [Anonymous Symbol]                       0x08003918   Section        0  stm32g4xx_hal_uart.o(.text.UART_SetConfig)
    [Anonymous Symbol]                       0x08003bd8   Section        0  stm32g4xx_hal_uart.o(.text.UART_WaitOnFlagUntilTimeout)
    [Anonymous Symbol]                       0x08003d18   Section        0  stm32g4xx_it.o(.text.USART1_IRQHandler)
    [Anonymous Symbol]                       0x08003ea4   Section        0  stm32g4xx_it.o(.text.UsageFault_Handler)
    [Anonymous Symbol]                       0x08003ea8   Section        0  mylcd.o(.text.fputc)
    [Anonymous Symbol]                       0x08003ed4   Section        0  main.o(.text.main)
    [Anonymous Symbol]                       0x08004068   Section        0  mylcd.o(.text.mode2LED)
    i.__0printf                              0x080040b0   Section        0  printfa.o(i.__0printf)
    i.__0sprintf                             0x080040d0   Section        0  printfa.o(i.__0sprintf)
    i.__scatterload_copy                     0x080040f8   Section       14  handlers.o(i.__scatterload_copy)
    i.__scatterload_null                     0x08004106   Section        2  handlers.o(i.__scatterload_null)
    i.__scatterload_zeroinit                 0x08004108   Section       14  handlers.o(i.__scatterload_zeroinit)
    _fp_digits                               0x08004119   Thumb Code   366  printfa.o(i._fp_digits)
    i._fp_digits                             0x08004118   Section        0  printfa.o(i._fp_digits)
    _printf_core                             0x0800429d   Thumb Code  1744  printfa.o(i._printf_core)
    i._printf_core                           0x0800429c   Section        0  printfa.o(i._printf_core)
    _printf_post_padding                     0x08004979   Thumb Code    36  printfa.o(i._printf_post_padding)
    i._printf_post_padding                   0x08004978   Section        0  printfa.o(i._printf_post_padding)
    _printf_pre_padding                      0x0800499d   Thumb Code    46  printfa.o(i._printf_pre_padding)
    i._printf_pre_padding                    0x0800499c   Section        0  printfa.o(i._printf_pre_padding)
    _sputc                                   0x080049cb   Thumb Code    10  printfa.o(i._sputc)
    i._sputc                                 0x080049ca   Section        0  printfa.o(i._sputc)
    i.puts                                   0x080049d4   Section        0  puts.o(i.puts)
    .Lswitch.table.UART_SetConfig.5          0x08023674   Data          16  stm32g4xx_hal_uart.o(.rodata.cst16)
    UARTEx_SetNbDataToProcess.numerator      0x08023684   Data           8  stm32g4xx_hal_uart_ex.o(.rodata.cst8)
    [Anonymous Symbol]                       0x08023684   Section        0  stm32g4xx_hal_uart_ex.o(.rodata.cst8)
    UARTEx_SetNbDataToProcess.denominator    0x0802368c   Data           8  stm32g4xx_hal_uart_ex.o(.rodata.cst8)
    .L.str.2                                 0x0805c0d3   Data           5  stm32g4xx_it.o(.rodata.str1.1)
    [Anonymous Symbol]                       0x0805c0d3   Section        0  stm32g4xx_it.o(.rodata.str1.1)
    .L.str.1                                 0x0805c0d8   Data           5  stm32g4xx_it.o(.rodata.str1.1)
    [Anonymous Symbol]                       0x0805c0e2   Section        0  mylcd.o(.rodata.str1.1)
    .L.str.1                                 0x0805c11b   Data          17  mylcd.o(.rodata.str1.1)
    .L.str.3                                 0x0805c142   Data          13  mylcd.o(.rodata.str1.1)
    .data                                    0x20000000   Section        4  stdout.o(.data)
    STACK                                    0x20000390   Section     1024  startup_stm32g474xx.o(STACK)

    Global Symbols

    Symbol Name                              Value     Ov Type        Size  Object(Section)

    BuildAttributes$$THM_ISAv4$E$P$D$K$B$S$7EM$VFPi3$EXTD16$VFPS$VFMA$PE$A:L22UL41UL21$X:L11$S22US41US21$IEEE1$IW$~IW$USESV6$~STKCKD$USESV7$~SHL$OTIME$ROPI$EBA8$MICROLIB$REQ8$PRES8$EABIv2 0x00000000   Number         0  anon$$obj.o ABSOLUTE
    _printf_a                                0x00000000   Number         0  printfstubs.o ABSOLUTE
    _printf_c                                0x00000000   Number         0  printfstubs.o ABSOLUTE
    _printf_charcount                        0x00000000   Number         0  printfstubs.o ABSOLUTE
    _printf_d                                0x00000000   Number         0  printfstubs.o ABSOLUTE
    _printf_e                                0x00000000   Number         0  printfstubs.o ABSOLUTE
    _printf_f                                0x00000000   Number         0  printfstubs.o ABSOLUTE
    _printf_flags                            0x00000000   Number         0  printfstubs.o ABSOLUTE
    _printf_fp_dec                           0x00000000   Number         0  printfstubs.o ABSOLUTE
    _printf_fp_hex                           0x00000000   Number         0  printfstubs.o ABSOLUTE
    _printf_g                                0x00000000   Number         0  printfstubs.o ABSOLUTE
    _printf_i                                0x00000000   Number         0  printfstubs.o ABSOLUTE
    _printf_int_dec                          0x00000000   Number         0  printfstubs.o ABSOLUTE
    _printf_l                                0x00000000   Number         0  printfstubs.o ABSOLUTE
    _printf_lc                               0x00000000   Number         0  printfstubs.o ABSOLUTE
    _printf_ll                               0x00000000   Number         0  printfstubs.o ABSOLUTE
    _printf_lld                              0x00000000   Number         0  printfstubs.o ABSOLUTE
    _printf_lli                              0x00000000   Number         0  printfstubs.o ABSOLUTE
    _printf_llo                              0x00000000   Number         0  printfstubs.o ABSOLUTE
    _printf_llu                              0x00000000   Number         0  printfstubs.o ABSOLUTE
    _printf_llx                              0x00000000   Number         0  printfstubs.o ABSOLUTE
    _printf_longlong_dec                     0x00000000   Number         0  printfstubs.o ABSOLUTE
    _printf_longlong_hex                     0x00000000   Number         0  printfstubs.o ABSOLUTE
    _printf_longlong_oct                     0x00000000   Number         0  printfstubs.o ABSOLUTE
    _printf_ls                               0x00000000   Number         0  printfstubs.o ABSOLUTE
    _printf_mbtowc                           0x00000000   Number         0  printfstubs.o ABSOLUTE
    _printf_n                                0x00000000   Number         0  printfstubs.o ABSOLUTE
    _printf_o                                0x00000000   Number         0  printfstubs.o ABSOLUTE
    _printf_p                                0x00000000   Number         0  printfstubs.o ABSOLUTE
    _printf_percent                          0x00000000   Number         0  printfstubs.o ABSOLUTE
    _printf_pre_padding                      0x00000000   Number         0  printfstubs.o ABSOLUTE
    _printf_return_value                     0x00000000   Number         0  printfstubs.o ABSOLUTE
    _printf_s                                0x00000000   Number         0  printfstubs.o ABSOLUTE
    _printf_sizespec                         0x00000000   Number         0  printfstubs.o ABSOLUTE
    _printf_str                              0x00000000   Number         0  printfstubs.o ABSOLUTE
    _printf_truncate_signed                  0x00000000   Number         0  printfstubs.o ABSOLUTE
    _printf_truncate_unsigned                0x00000000   Number         0  printfstubs.o ABSOLUTE
    _printf_u                                0x00000000   Number         0  printfstubs.o ABSOLUTE
    _printf_wc                               0x00000000   Number         0  printfstubs.o ABSOLUTE
    _printf_wctomb                           0x00000000   Number         0  printfstubs.o ABSOLUTE
    _printf_widthprec                        0x00000000   Number         0  printfstubs.o ABSOLUTE
    _printf_x                                0x00000000   Number         0  printfstubs.o ABSOLUTE
    __cpp_initialize__aeabi_                  - Undefined Weak Reference
    __cxa_finalize                            - Undefined Weak Reference
    __decompress                              - Undefined Weak Reference
    _clock_init                               - Undefined Weak Reference
    _microlib_exit                            - Undefined Weak Reference
    __Vectors_Size                           0x000001d8   Number         0  startup_stm32g474xx.o ABSOLUTE
    __Vectors                                0x08000000   Data           4  startup_stm32g474xx.o(RESET)
    __Vectors_End                            0x080001d8   Data           0  startup_stm32g474xx.o(RESET)
    __main                                   0x080001d9   Thumb Code     0  entry.o(.ARM.Collect$$$$00000000)
    _main_stk                                0x080001d9   Thumb Code     0  entry2.o(.ARM.Collect$$$$00000001)
    _main_scatterload                        0x080001dd   Thumb Code     0  entry5.o(.ARM.Collect$$$$00000004)
    __main_after_scatterload                 0x080001e1   Thumb Code     0  entry5.o(.ARM.Collect$$$$00000004)
    _main_clock                              0x080001e1   Thumb Code     0  entry7b.o(.ARM.Collect$$$$00000008)
    _main_cpp_init                           0x080001e1   Thumb Code     0  entry8b.o(.ARM.Collect$$$$0000000A)
    _main_init                               0x080001e1   Thumb Code     0  entry9a.o(.ARM.Collect$$$$0000000B)
    __rt_final_cpp                           0x080001e9   Thumb Code     0  entry10a.o(.ARM.Collect$$$$0000000D)
    __rt_final_exit                          0x080001e9   Thumb Code     0  entry11a.o(.ARM.Collect$$$$0000000F)
    Reset_Handler                            0x080001ed   Thumb Code     8  startup_stm32g474xx.o(.text)
    ADC1_2_IRQHandler                        0x08000207   Thumb Code     0  startup_stm32g474xx.o(.text)
    ADC3_IRQHandler                          0x08000207   Thumb Code     0  startup_stm32g474xx.o(.text)
    ADC4_IRQHandler                          0x08000207   Thumb Code     0  startup_stm32g474xx.o(.text)
    ADC5_IRQHandler                          0x08000207   Thumb Code     0  startup_stm32g474xx.o(.text)
    COMP1_2_3_IRQHandler                     0x08000207   Thumb Code     0  startup_stm32g474xx.o(.text)
    COMP4_5_6_IRQHandler                     0x08000207   Thumb Code     0  startup_stm32g474xx.o(.text)
    COMP7_IRQHandler                         0x08000207   Thumb Code     0  startup_stm32g474xx.o(.text)
    CORDIC_IRQHandler                        0x08000207   Thumb Code     0  startup_stm32g474xx.o(.text)
    CRS_IRQHandler                           0x08000207   Thumb Code     0  startup_stm32g474xx.o(.text)
    DMA1_Channel3_IRQHandler                 0x08000207   Thumb Code     0  startup_stm32g474xx.o(.text)
    DMA1_Channel4_IRQHandler                 0x08000207   Thumb Code     0  startup_stm32g474xx.o(.text)
    DMA1_Channel5_IRQHandler                 0x08000207   Thumb Code     0  startup_stm32g474xx.o(.text)
    DMA1_Channel6_IRQHandler                 0x08000207   Thumb Code     0  startup_stm32g474xx.o(.text)
    DMA1_Channel7_IRQHandler                 0x08000207   Thumb Code     0  startup_stm32g474xx.o(.text)
    DMA1_Channel8_IRQHandler                 0x08000207   Thumb Code     0  startup_stm32g474xx.o(.text)
    DMA2_Channel1_IRQHandler                 0x08000207   Thumb Code     0  startup_stm32g474xx.o(.text)
    DMA2_Channel2_IRQHandler                 0x08000207   Thumb Code     0  startup_stm32g474xx.o(.text)
    DMA2_Channel3_IRQHandler                 0x08000207   Thumb Code     0  startup_stm32g474xx.o(.text)
    DMA2_Channel4_IRQHandler                 0x08000207   Thumb Code     0  startup_stm32g474xx.o(.text)
    DMA2_Channel5_IRQHandler                 0x08000207   Thumb Code     0  startup_stm32g474xx.o(.text)
    DMA2_Channel6_IRQHandler                 0x08000207   Thumb Code     0  startup_stm32g474xx.o(.text)
    DMA2_Channel7_IRQHandler                 0x08000207   Thumb Code     0  startup_stm32g474xx.o(.text)
    DMA2_Channel8_IRQHandler                 0x08000207   Thumb Code     0  startup_stm32g474xx.o(.text)
    DMAMUX_OVR_IRQHandler                    0x08000207   Thumb Code     0  startup_stm32g474xx.o(.text)
    EXTI0_IRQHandler                         0x08000207   Thumb Code     0  startup_stm32g474xx.o(.text)
    EXTI15_10_IRQHandler                     0x08000207   Thumb Code     0  startup_stm32g474xx.o(.text)
    EXTI1_IRQHandler                         0x08000207   Thumb Code     0  startup_stm32g474xx.o(.text)
    EXTI2_IRQHandler                         0x08000207   Thumb Code     0  startup_stm32g474xx.o(.text)
    EXTI3_IRQHandler                         0x08000207   Thumb Code     0  startup_stm32g474xx.o(.text)
    EXTI4_IRQHandler                         0x08000207   Thumb Code     0  startup_stm32g474xx.o(.text)
    EXTI9_5_IRQHandler                       0x08000207   Thumb Code     0  startup_stm32g474xx.o(.text)
    FDCAN1_IT0_IRQHandler                    0x08000207   Thumb Code     0  startup_stm32g474xx.o(.text)
    FDCAN1_IT1_IRQHandler                    0x08000207   Thumb Code     0  startup_stm32g474xx.o(.text)
    FDCAN2_IT0_IRQHandler                    0x08000207   Thumb Code     0  startup_stm32g474xx.o(.text)
    FDCAN2_IT1_IRQHandler                    0x08000207   Thumb Code     0  startup_stm32g474xx.o(.text)
    FDCAN3_IT0_IRQHandler                    0x08000207   Thumb Code     0  startup_stm32g474xx.o(.text)
    FDCAN3_IT1_IRQHandler                    0x08000207   Thumb Code     0  startup_stm32g474xx.o(.text)
    FLASH_IRQHandler                         0x08000207   Thumb Code     0  startup_stm32g474xx.o(.text)
    FMAC_IRQHandler                          0x08000207   Thumb Code     0  startup_stm32g474xx.o(.text)
    FMC_IRQHandler                           0x08000207   Thumb Code     0  startup_stm32g474xx.o(.text)
    FPU_IRQHandler                           0x08000207   Thumb Code     0  startup_stm32g474xx.o(.text)
    HRTIM1_FLT_IRQHandler                    0x08000207   Thumb Code     0  startup_stm32g474xx.o(.text)
    HRTIM1_Master_IRQHandler                 0x08000207   Thumb Code     0  startup_stm32g474xx.o(.text)
    HRTIM1_TIMA_IRQHandler                   0x08000207   Thumb Code     0  startup_stm32g474xx.o(.text)
    HRTIM1_TIMB_IRQHandler                   0x08000207   Thumb Code     0  startup_stm32g474xx.o(.text)
    HRTIM1_TIMC_IRQHandler                   0x08000207   Thumb Code     0  startup_stm32g474xx.o(.text)
    HRTIM1_TIMD_IRQHandler                   0x08000207   Thumb Code     0  startup_stm32g474xx.o(.text)
    HRTIM1_TIME_IRQHandler                   0x08000207   Thumb Code     0  startup_stm32g474xx.o(.text)
    HRTIM1_TIMF_IRQHandler                   0x08000207   Thumb Code     0  startup_stm32g474xx.o(.text)
    I2C1_ER_IRQHandler                       0x08000207   Thumb Code     0  startup_stm32g474xx.o(.text)
    I2C1_EV_IRQHandler                       0x08000207   Thumb Code     0  startup_stm32g474xx.o(.text)
    I2C2_ER_IRQHandler                       0x08000207   Thumb Code     0  startup_stm32g474xx.o(.text)
    I2C2_EV_IRQHandler                       0x08000207   Thumb Code     0  startup_stm32g474xx.o(.text)
    I2C3_ER_IRQHandler                       0x08000207   Thumb Code     0  startup_stm32g474xx.o(.text)
    I2C3_EV_IRQHandler                       0x08000207   Thumb Code     0  startup_stm32g474xx.o(.text)
    I2C4_ER_IRQHandler                       0x08000207   Thumb Code     0  startup_stm32g474xx.o(.text)
    I2C4_EV_IRQHandler                       0x08000207   Thumb Code     0  startup_stm32g474xx.o(.text)
    LPTIM1_IRQHandler                        0x08000207   Thumb Code     0  startup_stm32g474xx.o(.text)
    LPUART1_IRQHandler                       0x08000207   Thumb Code     0  startup_stm32g474xx.o(.text)
    PVD_PVM_IRQHandler                       0x08000207   Thumb Code     0  startup_stm32g474xx.o(.text)
    QUADSPI_IRQHandler                       0x08000207   Thumb Code     0  startup_stm32g474xx.o(.text)
    RCC_IRQHandler                           0x08000207   Thumb Code     0  startup_stm32g474xx.o(.text)
    RNG_IRQHandler                           0x08000207   Thumb Code     0  startup_stm32g474xx.o(.text)
    RTC_Alarm_IRQHandler                     0x08000207   Thumb Code     0  startup_stm32g474xx.o(.text)
    RTC_TAMP_LSECSS_IRQHandler               0x08000207   Thumb Code     0  startup_stm32g474xx.o(.text)
    RTC_WKUP_IRQHandler                      0x08000207   Thumb Code     0  startup_stm32g474xx.o(.text)
    SAI1_IRQHandler                          0x08000207   Thumb Code     0  startup_stm32g474xx.o(.text)
    SPI1_IRQHandler                          0x08000207   Thumb Code     0  startup_stm32g474xx.o(.text)
    SPI2_IRQHandler                          0x08000207   Thumb Code     0  startup_stm32g474xx.o(.text)
    SPI3_IRQHandler                          0x08000207   Thumb Code     0  startup_stm32g474xx.o(.text)
    SPI4_IRQHandler                          0x08000207   Thumb Code     0  startup_stm32g474xx.o(.text)
    TIM1_BRK_TIM15_IRQHandler                0x08000207   Thumb Code     0  startup_stm32g474xx.o(.text)
    TIM1_CC_IRQHandler                       0x08000207   Thumb Code     0  startup_stm32g474xx.o(.text)
    TIM1_TRG_COM_TIM17_IRQHandler            0x08000207   Thumb Code     0  startup_stm32g474xx.o(.text)
    TIM1_UP_TIM16_IRQHandler                 0x08000207   Thumb Code     0  startup_stm32g474xx.o(.text)
    TIM20_BRK_IRQHandler                     0x08000207   Thumb Code     0  startup_stm32g474xx.o(.text)
    TIM20_CC_IRQHandler                      0x08000207   Thumb Code     0  startup_stm32g474xx.o(.text)
    TIM20_TRG_COM_IRQHandler                 0x08000207   Thumb Code     0  startup_stm32g474xx.o(.text)
    TIM20_UP_IRQHandler                      0x08000207   Thumb Code     0  startup_stm32g474xx.o(.text)
    TIM2_IRQHandler                          0x08000207   Thumb Code     0  startup_stm32g474xx.o(.text)
    TIM3_IRQHandler                          0x08000207   Thumb Code     0  startup_stm32g474xx.o(.text)
    TIM4_IRQHandler                          0x08000207   Thumb Code     0  startup_stm32g474xx.o(.text)
    TIM5_IRQHandler                          0x08000207   Thumb Code     0  startup_stm32g474xx.o(.text)
    TIM6_DAC_IRQHandler                      0x08000207   Thumb Code     0  startup_stm32g474xx.o(.text)
    TIM7_DAC_IRQHandler                      0x08000207   Thumb Code     0  startup_stm32g474xx.o(.text)
    TIM8_BRK_IRQHandler                      0x08000207   Thumb Code     0  startup_stm32g474xx.o(.text)
    TIM8_CC_IRQHandler                       0x08000207   Thumb Code     0  startup_stm32g474xx.o(.text)
    TIM8_TRG_COM_IRQHandler                  0x08000207   Thumb Code     0  startup_stm32g474xx.o(.text)
    TIM8_UP_IRQHandler                       0x08000207   Thumb Code     0  startup_stm32g474xx.o(.text)
    UART4_IRQHandler                         0x08000207   Thumb Code     0  startup_stm32g474xx.o(.text)
    UART5_IRQHandler                         0x08000207   Thumb Code     0  startup_stm32g474xx.o(.text)
    UCPD1_IRQHandler                         0x08000207   Thumb Code     0  startup_stm32g474xx.o(.text)
    USART2_IRQHandler                        0x08000207   Thumb Code     0  startup_stm32g474xx.o(.text)
    USART3_IRQHandler                        0x08000207   Thumb Code     0  startup_stm32g474xx.o(.text)
    USBWakeUp_IRQHandler                     0x08000207   Thumb Code     0  startup_stm32g474xx.o(.text)
    USB_HP_IRQHandler                        0x08000207   Thumb Code     0  startup_stm32g474xx.o(.text)
    USB_LP_IRQHandler                        0x08000207   Thumb Code     0  startup_stm32g474xx.o(.text)
    WWDG_IRQHandler                          0x08000207   Thumb Code     0  startup_stm32g474xx.o(.text)
    __aeabi_uldivmod                         0x08000211   Thumb Code    98  uldiv.o(.text)
    __aeabi_memcpy                           0x08000273   Thumb Code    36  memcpya.o(.text)
    __aeabi_memcpy4                          0x08000273   Thumb Code     0  memcpya.o(.text)
    __aeabi_memcpy8                          0x08000273   Thumb Code     0  memcpya.o(.text)
    __aeabi_memset                           0x08000297   Thumb Code    14  memseta.o(.text)
    __aeabi_memset4                          0x08000297   Thumb Code     0  memseta.o(.text)
    __aeabi_memset8                          0x08000297   Thumb Code     0  memseta.o(.text)
    __aeabi_memclr                           0x080002a5   Thumb Code     4  memseta.o(.text)
    __aeabi_memclr4                          0x080002a5   Thumb Code     0  memseta.o(.text)
    __aeabi_memclr8                          0x080002a5   Thumb Code     0  memseta.o(.text)
    _memset$wrapper                          0x080002a9   Thumb Code    18  memseta.o(.text)
    strstr                                   0x080002bb   Thumb Code    36  strstr.o(.text)
    strncpy                                  0x080002df   Thumb Code    24  strncpy.o(.text)
    strncmp                                  0x080002f7   Thumb Code    30  strncmp.o(.text)
    __aeabi_uidiv                            0x08000315   Thumb Code     0  uidiv.o(.text)
    __aeabi_uidivmod                         0x08000315   Thumb Code    44  uidiv.o(.text)
    __aeabi_llsl                             0x08000341   Thumb Code    30  llshl.o(.text)
    _ll_shift_l                              0x08000341   Thumb Code     0  llshl.o(.text)
    __aeabi_llsr                             0x0800035f   Thumb Code    32  llushr.o(.text)
    _ll_ushift_r                             0x0800035f   Thumb Code     0  llushr.o(.text)
    __I$use$fp                               0x0800037f   Thumb Code     0  iusefp.o(.text)
    __aeabi_dadd                             0x0800037f   Thumb Code   322  dadd.o(.text)
    __aeabi_dsub                             0x080004c1   Thumb Code     6  dadd.o(.text)
    __aeabi_drsub                            0x080004c7   Thumb Code     6  dadd.o(.text)
    __aeabi_dmul                             0x080004cd   Thumb Code   228  dmul.o(.text)
    __aeabi_ddiv                             0x080005b1   Thumb Code   222  ddiv.o(.text)
    __aeabi_d2ulz                            0x0800068f   Thumb Code    48  dfixul.o(.text)
    __aeabi_cdrcmple                         0x080006c1   Thumb Code    48  cdrcmple.o(.text)
    __scatterload                            0x080006f1   Thumb Code    38  init.o(.text)
    __scatterload_rt2                        0x080006f1   Thumb Code     0  init.o(.text)
    __aeabi_lasr                             0x08000721   Thumb Code    36  llsshr.o(.text)
    _ll_sshift_r                             0x08000721   Thumb Code     0  llsshr.o(.text)
    _double_round                            0x08000745   Thumb Code    30  depilogue.o(.text)
    _double_epilogue                         0x08000763   Thumb Code   156  depilogue.o(.text)
    BlockWrite                               0x08000801   Thumb Code   184  lcd.o(.text.BlockWrite)
    BusFault_Handler                         0x080008b9   Thumb Code     2  stm32g4xx_it.o(.text.BusFault_Handler)
    DMA1_Channel1_IRQHandler                 0x080008bd   Thumb Code    12  stm32g4xx_it.o(.text.DMA1_Channel1_IRQHandler)
    DMA1_Channel2_IRQHandler                 0x080008c9   Thumb Code    12  stm32g4xx_it.o(.text.DMA1_Channel2_IRQHandler)
    DebugMon_Handler                         0x080008d5   Thumb Code     2  stm32g4xx_it.o(.text.DebugMon_Handler)
    DrawPixel                                0x080008d9   Thumb Code   178  lcd.o(.text.DrawPixel)
    DrawScaledPic                            0x0800098d   Thumb Code   232  lcd.o(.text.DrawScaledPic)
    Error_Handler                            0x08000a75   Thumb Code    10  main.o(.text.Error_Handler)
    HAL_DMA_Abort                            0x08000a81   Thumb Code   110  stm32g4xx_hal_dma.o(.text.HAL_DMA_Abort)
    HAL_DMA_Abort_IT                         0x08000af1   Thumb Code   126  stm32g4xx_hal_dma.o(.text.HAL_DMA_Abort_IT)
    HAL_DMA_GetError                         0x08000b71   Thumb Code     4  stm32g4xx_hal_dma.o(.text.HAL_DMA_GetError)
    HAL_DMA_IRQHandler                       0x08000b75   Thumb Code   156  stm32g4xx_hal_dma.o(.text.HAL_DMA_IRQHandler)
    HAL_DMA_Init                             0x08000c11   Thumb Code   290  stm32g4xx_hal_dma.o(.text.HAL_DMA_Init)
    HAL_DMA_Start_IT                         0x08000d35   Thumb Code   226  stm32g4xx_hal_dma.o(.text.HAL_DMA_Start_IT)
    HAL_Delay                                0x08000e19   Thumb Code    40  stm32g4xx_hal.o(.text.HAL_Delay)
    HAL_GPIO_Init                            0x08000e41   Thumb Code   416  stm32g4xx_hal_gpio.o(.text.HAL_GPIO_Init)
    HAL_GPIO_ReadPin                         0x08000fe1   Thumb Code    10  stm32g4xx_hal_gpio.o(.text.HAL_GPIO_ReadPin)
    HAL_GPIO_WritePin                        0x08000fed   Thumb Code    12  stm32g4xx_hal_gpio.o(.text.HAL_GPIO_WritePin)
    HAL_GetTick                              0x08000ff9   Thumb Code    12  stm32g4xx_hal.o(.text.HAL_GetTick)
    HAL_IncTick                              0x08001005   Thumb Code    26  stm32g4xx_hal.o(.text.HAL_IncTick)
    HAL_Init                                 0x08001021   Thumb Code    30  stm32g4xx_hal.o(.text.HAL_Init)
    HAL_InitTick                             0x08001041   Thumb Code    90  stm32g4xx_hal.o(.text.HAL_InitTick)
    HAL_MspInit                              0x0800109d   Thumb Code    52  stm32g4xx_hal_msp.o(.text.HAL_MspInit)
    HAL_NVIC_EnableIRQ                       0x080010d1   Thumb Code    34  stm32g4xx_hal_cortex.o(.text.HAL_NVIC_EnableIRQ)
    HAL_NVIC_SetPriority                     0x080010f5   Thumb Code    86  stm32g4xx_hal_cortex.o(.text.HAL_NVIC_SetPriority)
    HAL_NVIC_SetPriorityGrouping             0x0800114d   Thumb Code    32  stm32g4xx_hal_cortex.o(.text.HAL_NVIC_SetPriorityGrouping)
    HAL_PWREx_ControlVoltageScaling          0x0800116d   Thumb Code   242  stm32g4xx_hal_pwr_ex.o(.text.HAL_PWREx_ControlVoltageScaling)
    HAL_PWREx_DisableUCPDDeadBattery         0x08001261   Thumb Code    18  stm32g4xx_hal_pwr_ex.o(.text.HAL_PWREx_DisableUCPDDeadBattery)
    HAL_RCCEx_PeriphCLKConfig                0x08001275   Thumb Code   808  stm32g4xx_hal_rcc_ex.o(.text.HAL_RCCEx_PeriphCLKConfig)
    HAL_RCC_ClockConfig                      0x0800159d   Thumb Code   786  stm32g4xx_hal_rcc.o(.text.HAL_RCC_ClockConfig)
    HAL_RCC_GetPCLK1Freq                     0x080018b1   Thumb Code    42  stm32g4xx_hal_rcc.o(.text.HAL_RCC_GetPCLK1Freq)
    HAL_RCC_GetPCLK2Freq                     0x080018dd   Thumb Code    42  stm32g4xx_hal_rcc.o(.text.HAL_RCC_GetPCLK2Freq)
    HAL_RCC_GetSysClockFreq                  0x08001909   Thumb Code   130  stm32g4xx_hal_rcc.o(.text.HAL_RCC_GetSysClockFreq)
    HAL_RCC_OscConfig                        0x0800198d   Thumb Code  1156  stm32g4xx_hal_rcc.o(.text.HAL_RCC_OscConfig)
    HAL_SYSTICK_Config                       0x08001e11   Thumb Code    44  stm32g4xx_hal_cortex.o(.text.HAL_SYSTICK_Config)
    HAL_UARTEx_DisableFifoMode               0x08001e3d   Thumb Code    54  stm32g4xx_hal_uart_ex.o(.text.HAL_UARTEx_DisableFifoMode)
    HAL_UARTEx_RxEventCallback               0x08001e75   Thumb Code     2  stm32g4xx_hal_uart.o(.text.HAL_UARTEx_RxEventCallback)
    HAL_UARTEx_RxFifoFullCallback            0x08001e79   Thumb Code     2  stm32g4xx_hal_uart_ex.o(.text.HAL_UARTEx_RxFifoFullCallback)
    HAL_UARTEx_SetRxFifoThreshold            0x08001e7d   Thumb Code   146  stm32g4xx_hal_uart_ex.o(.text.HAL_UARTEx_SetRxFifoThreshold)
    HAL_UARTEx_SetTxFifoThreshold            0x08001f11   Thumb Code   146  stm32g4xx_hal_uart_ex.o(.text.HAL_UARTEx_SetTxFifoThreshold)
    HAL_UARTEx_TxFifoEmptyCallback           0x08001fa5   Thumb Code     2  stm32g4xx_hal_uart_ex.o(.text.HAL_UARTEx_TxFifoEmptyCallback)
    HAL_UARTEx_WakeupCallback                0x08001fa9   Thumb Code     2  stm32g4xx_hal_uart_ex.o(.text.HAL_UARTEx_WakeupCallback)
    HAL_UART_DMAStop                         0x08001fad   Thumb Code   270  stm32g4xx_hal_uart.o(.text.HAL_UART_DMAStop)
    HAL_UART_ErrorCallback                   0x080020bd   Thumb Code     2  stm32g4xx_hal_uart.o(.text.HAL_UART_ErrorCallback)
    HAL_UART_IRQHandler                      0x080020c1   Thumb Code   926  stm32g4xx_hal_uart.o(.text.HAL_UART_IRQHandler)
    HAL_UART_Init                            0x08002461   Thumb Code    98  stm32g4xx_hal_uart.o(.text.HAL_UART_Init)
    HAL_UART_MspInit                         0x080024c5   Thumb Code   270  usart.o(.text.HAL_UART_MspInit)
    HAL_UART_Receive_DMA                     0x080025d5   Thumb Code   258  stm32g4xx_hal_uart.o(.text.HAL_UART_Receive_DMA)
    HAL_UART_RxCpltCallback                  0x080026d9   Thumb Code     2  stm32g4xx_hal_uart.o(.text.HAL_UART_RxCpltCallback)
    HAL_UART_RxHalfCpltCallback              0x080026dd   Thumb Code     2  stm32g4xx_hal_uart.o(.text.HAL_UART_RxHalfCpltCallback)
    HAL_UART_Transmit                        0x080026e1   Thumb Code   260  stm32g4xx_hal_uart.o(.text.HAL_UART_Transmit)
    HAL_UART_TxCpltCallback                  0x080027e5   Thumb Code     2  stm32g4xx_hal_uart.o(.text.HAL_UART_TxCpltCallback)
    HardFault_Handler                        0x080027e9   Thumb Code     2  stm32g4xx_it.o(.text.HardFault_Handler)
    Interface_1                              0x080027ed   Thumb Code   112  mylcd.o(.text.Interface_1)
    Interface_2                              0x08002865   Thumb Code    72  mylcd.o(.text.Interface_2)
    Interface_3                              0x080028c1   Thumb Code   162  mylcd.o(.text.Interface_3)
    Interface_4                              0x08002965   Thumb Code   476  mylcd.o(.text.Interface_4)
    KEY_Scan                                 0x08002b61   Thumb Code   108  key.o(.text.KEY_Scan)
    LCD_Fill_Pic                             0x08002bcd   Thumb Code   158  lcd.o(.text.LCD_Fill_Pic)
    LCD_Initial                              0x08002c6d   Thumb Code   484  lcd.o(.text.LCD_Initial)
    LCD_PutString                            0x08002e51   Thumb Code   398  lcd.o(.text.LCD_PutString)
    LCD_WR_REG                               0x08002fe1   Thumb Code   268  lcd.o(.text.LCD_WR_REG)
    LED_ALL_OFF                              0x080030ed   Thumb Code    38  led.o(.text.LED_ALL_OFF)
    Lcd_ColorBox                             0x08003115   Thumb Code   198  lcd.o(.text.Lcd_ColorBox)
    Lcd_SetCursor                            0x080031dd   Thumb Code   512  lcd.o(.text.Lcd_SetCursor)
    MX_DMA_Init                              0x080033dd   Thumb Code    86  dma.o(.text.MX_DMA_Init)
    MX_GPIO_Init                             0x08003435   Thumb Code   280  gpio.o(.text.MX_GPIO_Init)
    MX_USART1_UART_Init                      0x0800354d   Thumb Code   130  usart.o(.text.MX_USART1_UART_Init)
    MemManage_Handler                        0x080035d1   Thumb Code     2  stm32g4xx_it.o(.text.MemManage_Handler)
    NMI_Handler                              0x080035d5   Thumb Code     2  stm32g4xx_it.o(.text.NMI_Handler)
    PendSV_Handler                           0x080035d9   Thumb Code     2  stm32g4xx_it.o(.text.PendSV_Handler)
    SVC_Handler                              0x080035dd   Thumb Code     2  stm32g4xx_it.o(.text.SVC_Handler)
    SysTick_Handler                          0x080035e1   Thumb Code     4  stm32g4xx_it.o(.text.SysTick_Handler)
    SystemInit                               0x080035e5   Thumb Code    18  system_stm32g4xx.o(.text.SystemInit)
    UART_AdvFeatureConfig                    0x080035f9   Thumb Code   230  stm32g4xx_hal_uart.o(.text.UART_AdvFeatureConfig)
    UART_CheckIdleState                      0x080036e1   Thumb Code   190  stm32g4xx_hal_uart.o(.text.UART_CheckIdleState)
    UART_SetConfig                           0x08003919   Thumb Code   688  stm32g4xx_hal_uart.o(.text.UART_SetConfig)
    UART_WaitOnFlagUntilTimeout              0x08003bd9   Thumb Code   318  stm32g4xx_hal_uart.o(.text.UART_WaitOnFlagUntilTimeout)
    USART1_IRQHandler                        0x08003d19   Thumb Code   376  stm32g4xx_it.o(.text.USART1_IRQHandler)
    UsageFault_Handler                       0x08003ea5   Thumb Code     2  stm32g4xx_it.o(.text.UsageFault_Handler)
    fputc                                    0x08003ea9   Thumb Code    44  mylcd.o(.text.fputc)
    main                                     0x08003ed5   Thumb Code   340  main.o(.text.main)
    mode2LED                                 0x08004069   Thumb Code    70  mylcd.o(.text.mode2LED)
    __0printf                                0x080040b1   Thumb Code    22  printfa.o(i.__0printf)
    __1printf                                0x080040b1   Thumb Code     0  printfa.o(i.__0printf)
    __2printf                                0x080040b1   Thumb Code     0  printfa.o(i.__0printf)
    __c89printf                              0x080040b1   Thumb Code     0  printfa.o(i.__0printf)
    printf                                   0x080040b1   Thumb Code     0  printfa.o(i.__0printf)
    __0sprintf                               0x080040d1   Thumb Code    34  printfa.o(i.__0sprintf)
    __1sprintf                               0x080040d1   Thumb Code     0  printfa.o(i.__0sprintf)
    __2sprintf                               0x080040d1   Thumb Code     0  printfa.o(i.__0sprintf)
    __c89sprintf                             0x080040d1   Thumb Code     0  printfa.o(i.__0sprintf)
    sprintf                                  0x080040d1   Thumb Code     0  printfa.o(i.__0sprintf)
    __scatterload_copy                       0x080040f9   Thumb Code    14  handlers.o(i.__scatterload_copy)
    __scatterload_null                       0x08004107   Thumb Code     2  handlers.o(i.__scatterload_null)
    __scatterload_zeroinit                   0x08004109   Thumb Code    14  handlers.o(i.__scatterload_zeroinit)
    puts                                     0x080049d5   Thumb Code    30  puts.o(i.puts)
    ABCPics                                  0x080049f8   Data       28800  mypic.o(.rodata.ABCPics)
    AHBPrescTable                            0x0800ba78   Data          16  system_stm32g4xx.o(.rodata.AHBPrescTable)
    APBPrescTable                            0x0800ba88   Data           8  system_stm32g4xx.o(.rodata.APBPrescTable)
    NumberPics                               0x0800ba90   Data       96000  mypic.o(.rodata.NumberPics)
    UARTPrescTable                           0x08023190   Data          24  stm32g4xx_hal_uart.o(.rodata.UARTPrescTable)
    codeGB_16                                0x080231a8   Data        1225  lcd.o(.rodata.codeGB_16)
    nAsciiDot                                0x08023694   Data        1536  lcd.o(.rodata.nAsciiDot)
    person_info                              0x08023c94   Data       230463  mylcd.o(.rodata.person_info)
    Region$$Table$$Base                      0x0805c150   Number         0  anon$$obj.o(Region$$Table)
    Region$$Table$$Limit                     0x0805c170   Number         0  anon$$obj.o(Region$$Table)
    __stdout                                 0x20000000   Data           4  stdout.o(.data)
    SystemCoreClock                          0x20000004   Data           4  system_stm32g4xx.o(.data.SystemCoreClock)
    text_content                             0x20000008   Data          20  mylcd.o(.data.text_content)
    uwTickFreq                               0x2000001c   Data           4  stm32g4xx_hal.o(.data.uwTickFreq)
    uwTickPrio                               0x20000020   Data           4  stm32g4xx_hal.o(.data.uwTickPrio)
    check_flag                               0x20000028   Data           4  main.o(.bss.check_flag)
    check_number                             0x2000002c   Data           4  main.o(.bss.check_number)
    data_len                                 0x20000030   Data           1  main.o(.bss.data_len)
    data_str                                 0x20000031   Data         255  main.o(.bss.data_str)
    hdma_usart1_rx                           0x20000130   Data          96  usart.o(.bss.hdma_usart1_rx)
    hdma_usart1_tx                           0x20000190   Data          96  usart.o(.bss.hdma_usart1_tx)
    huart1                                   0x200001f0   Data         148  usart.o(.bss.huart1)
    mode                                     0x20000284   Data           4  main.o(.bss.mode)
    receive_buff                             0x20000288   Data         255  main.o(.bss.receive_buff)
    uwTick                                   0x20000388   Data           4  stm32g4xx_hal.o(.bss.uwTick)
    __initial_sp                             0x20000790   Data           0  startup_stm32g474xx.o(STACK)



==============================================================================

Memory Map of the image

  Image Entry point : 0x080001d9

  Load Region LR_IROM1 (Base: 0x08000000, Size: 0x0005c198, Max: 0x00080000, ABSOLUTE)

    Execution Region ER_IROM1 (Exec base: 0x08000000, Load base: 0x08000000, Size: 0x0005c170, Max: 0x00080000, ABSOLUTE)

    Exec Addr    Load Addr    Size         Type   Attr      Idx    E Section Name        Object

    0x08000000   0x08000000   0x000001d8   Data   RO            3    RESET               startup_stm32g474xx.o
    0x080001d8   0x080001d8   0x00000000   Code   RO          919  * .ARM.Collect$$$$00000000  mc_w.l(entry.o)
    0x080001d8   0x080001d8   0x00000004   Code   RO         1205    .ARM.Collect$$$$00000001  mc_w.l(entry2.o)
    0x080001dc   0x080001dc   0x00000004   Code   RO         1208    .ARM.Collect$$$$00000004  mc_w.l(entry5.o)
    0x080001e0   0x080001e0   0x00000000   Code   RO         1210    .ARM.Collect$$$$00000008  mc_w.l(entry7b.o)
    0x080001e0   0x080001e0   0x00000000   Code   RO         1212    .ARM.Collect$$$$0000000A  mc_w.l(entry8b.o)
    0x080001e0   0x080001e0   0x00000008   Code   RO         1213    .ARM.Collect$$$$0000000B  mc_w.l(entry9a.o)
    0x080001e8   0x080001e8   0x00000000   Code   RO         1215    .ARM.Collect$$$$0000000D  mc_w.l(entry10a.o)
    0x080001e8   0x080001e8   0x00000000   Code   RO         1217    .ARM.Collect$$$$0000000F  mc_w.l(entry11a.o)
    0x080001e8   0x080001e8   0x00000004   Code   RO         1206    .ARM.Collect$$$$00002712  mc_w.l(entry2.o)
    0x080001ec   0x080001ec   0x00000024   Code   RO            4    .text               startup_stm32g474xx.o
    0x08000210   0x08000210   0x00000062   Code   RO          926    .text               mc_w.l(uldiv.o)
    0x08000272   0x08000272   0x00000024   Code   RO          928    .text               mc_w.l(memcpya.o)
    0x08000296   0x08000296   0x00000024   Code   RO          930    .text               mc_w.l(memseta.o)
    0x080002ba   0x080002ba   0x00000024   Code   RO          932    .text               mc_w.l(strstr.o)
    0x080002de   0x080002de   0x00000018   Code   RO          934    .text               mc_w.l(strncpy.o)
    0x080002f6   0x080002f6   0x0000001e   Code   RO          938    .text               mc_w.l(strncmp.o)
    0x08000314   0x08000314   0x0000002c   Code   RO         1229    .text               mc_w.l(uidiv.o)
    0x08000340   0x08000340   0x0000001e   Code   RO         1231    .text               mc_w.l(llshl.o)
    0x0800035e   0x0800035e   0x00000020   Code   RO         1233    .text               mc_w.l(llushr.o)
    0x0800037e   0x0800037e   0x00000000   Code   RO         1235    .text               mc_w.l(iusefp.o)
    0x0800037e   0x0800037e   0x0000014e   Code   RO         1236    .text               mf_w.l(dadd.o)
    0x080004cc   0x080004cc   0x000000e4   Code   RO         1238    .text               mf_w.l(dmul.o)
    0x080005b0   0x080005b0   0x000000de   Code   RO         1240    .text               mf_w.l(ddiv.o)
    0x0800068e   0x0800068e   0x00000030   Code   RO         1242    .text               mf_w.l(dfixul.o)
    0x080006be   0x080006be   0x00000002   PAD
    0x080006c0   0x080006c0   0x00000030   Code   RO         1244    .text               mf_w.l(cdrcmple.o)
    0x080006f0   0x080006f0   0x00000030   Code   RO         1246    .text               mc_w.l(init.o)
    0x08000720   0x08000720   0x00000024   Code   RO         1248    .text               mc_w.l(llsshr.o)
    0x08000744   0x08000744   0x000000ba   Code   RO         1250    .text               mf_w.l(depilogue.o)
    0x080007fe   0x080007fe   0x00000002   PAD
    0x08000800   0x08000800   0x000000b8   Code   RO          836    .text.BlockWrite    lcd.o
    0x080008b8   0x080008b8   0x00000002   Code   RO           73    .text.BusFault_Handler  stm32g4xx_it.o
    0x080008ba   0x080008ba   0x00000002   PAD
    0x080008bc   0x080008bc   0x0000000c   Code   RO           85    .text.DMA1_Channel1_IRQHandler  stm32g4xx_it.o
    0x080008c8   0x080008c8   0x0000000c   Code   RO           87    .text.DMA1_Channel2_IRQHandler  stm32g4xx_it.o
    0x080008d4   0x080008d4   0x00000002   Code   RO           79    .text.DebugMon_Handler  stm32g4xx_it.o
    0x080008d6   0x080008d6   0x00000002   PAD
    0x080008d8   0x080008d8   0x000000b2   Code   RO          844    .text.DrawPixel     lcd.o
    0x0800098a   0x0800098a   0x00000002   PAD
    0x0800098c   0x0800098c   0x000000e8   Code   RO          854    .text.DrawScaledPic  lcd.o
    0x08000a74   0x08000a74   0x0000000a   Code   RO           15    .text.Error_Handler  main.o
    0x08000a7e   0x08000a7e   0x00000002   PAD
    0x08000a80   0x08000a80   0x0000006e   Code   RO          679    .text.HAL_DMA_Abort  stm32g4xx_hal_dma.o
    0x08000aee   0x08000aee   0x00000002   PAD
    0x08000af0   0x08000af0   0x0000007e   Code   RO          681    .text.HAL_DMA_Abort_IT  stm32g4xx_hal_dma.o
    0x08000b6e   0x08000b6e   0x00000002   PAD
    0x08000b70   0x08000b70   0x00000004   Code   RO          693    .text.HAL_DMA_GetError  stm32g4xx_hal_dma.o
    0x08000b74   0x08000b74   0x0000009c   Code   RO          685    .text.HAL_DMA_IRQHandler  stm32g4xx_hal_dma.o
    0x08000c10   0x08000c10   0x00000122   Code   RO          671    .text.HAL_DMA_Init  stm32g4xx_hal_dma.o
    0x08000d32   0x08000d32   0x00000002   PAD
    0x08000d34   0x08000d34   0x000000e2   Code   RO          677    .text.HAL_DMA_Start_IT  stm32g4xx_hal_dma.o
    0x08000e16   0x08000e16   0x00000002   PAD
    0x08000e18   0x08000e18   0x00000028   Code   RO          397    .text.HAL_Delay     stm32g4xx_hal.o
    0x08000e40   0x08000e40   0x000001a0   Code   RO          621    .text.HAL_GPIO_Init  stm32g4xx_hal_gpio.o
    0x08000fe0   0x08000fe0   0x0000000a   Code   RO          625    .text.HAL_GPIO_ReadPin  stm32g4xx_hal_gpio.o
    0x08000fea   0x08000fea   0x00000002   PAD
    0x08000fec   0x08000fec   0x0000000c   Code   RO          627    .text.HAL_GPIO_WritePin  stm32g4xx_hal_gpio.o
    0x08000ff8   0x08000ff8   0x0000000c   Code   RO          389    .text.HAL_GetTick   stm32g4xx_hal.o
    0x08001004   0x08001004   0x0000001a   Code   RO          387    .text.HAL_IncTick   stm32g4xx_hal.o
    0x0800101e   0x0800101e   0x00000002   PAD
    0x08001020   0x08001020   0x0000001e   Code   RO          377    .text.HAL_Init      stm32g4xx_hal.o
    0x0800103e   0x0800103e   0x00000002   PAD
    0x08001040   0x08001040   0x0000005a   Code   RO          379    .text.HAL_InitTick  stm32g4xx_hal.o
    0x0800109a   0x0800109a   0x00000002   PAD
    0x0800109c   0x0800109c   0x00000034   Code   RO          100    .text.HAL_MspInit   stm32g4xx_hal_msp.o
    0x080010d0   0x080010d0   0x00000022   Code   RO          765    .text.HAL_NVIC_EnableIRQ  stm32g4xx_hal_cortex.o
    0x080010f2   0x080010f2   0x00000002   PAD
    0x080010f4   0x080010f4   0x00000056   Code   RO          763    .text.HAL_NVIC_SetPriority  stm32g4xx_hal_cortex.o
    0x0800114a   0x0800114a   0x00000002   PAD
    0x0800114c   0x0800114c   0x00000020   Code   RO          761    .text.HAL_NVIC_SetPriorityGrouping  stm32g4xx_hal_cortex.o
    0x0800116c   0x0800116c   0x000000f2   Code   RO          112    .text.HAL_PWREx_ControlVoltageScaling  stm32g4xx_hal_pwr_ex.o
    0x0800125e   0x0800125e   0x00000002   PAD
    0x08001260   0x08001260   0x00000012   Code   RO          182    .text.HAL_PWREx_DisableUCPDDeadBattery  stm32g4xx_hal_pwr_ex.o
    0x08001272   0x08001272   0x00000002   PAD
    0x08001274   0x08001274   0x00000328   Code   RO          502    .text.HAL_RCCEx_PeriphCLKConfig  stm32g4xx_hal_rcc_ex.o
    0x0800159c   0x0800159c   0x00000312   Code   RO          468    .text.HAL_RCC_ClockConfig  stm32g4xx_hal_rcc.o
    0x080018ae   0x080018ae   0x00000002   PAD
    0x080018b0   0x080018b0   0x0000002a   Code   RO          476    .text.HAL_RCC_GetPCLK1Freq  stm32g4xx_hal_rcc.o
    0x080018da   0x080018da   0x00000002   PAD
    0x080018dc   0x080018dc   0x0000002a   Code   RO          478    .text.HAL_RCC_GetPCLK2Freq  stm32g4xx_hal_rcc.o
    0x08001906   0x08001906   0x00000002   PAD
    0x08001908   0x08001908   0x00000082   Code   RO          470    .text.HAL_RCC_GetSysClockFreq  stm32g4xx_hal_rcc.o
    0x0800198a   0x0800198a   0x00000002   PAD
    0x0800198c   0x0800198c   0x00000484   Code   RO          466    .text.HAL_RCC_OscConfig  stm32g4xx_hal_rcc.o
    0x08001e10   0x08001e10   0x0000002c   Code   RO          773    .text.HAL_SYSTICK_Config  stm32g4xx_hal_cortex.o
    0x08001e3c   0x08001e3c   0x00000036   Code   RO          354    .text.HAL_UARTEx_DisableFifoMode  stm32g4xx_hal_uart_ex.o
    0x08001e72   0x08001e72   0x00000002   PAD
    0x08001e74   0x08001e74   0x00000002   Code   RO          282    .text.HAL_UARTEx_RxEventCallback  stm32g4xx_hal_uart.o
    0x08001e76   0x08001e76   0x00000002   PAD
    0x08001e78   0x08001e78   0x00000002   Code   RO          340    .text.HAL_UARTEx_RxFifoFullCallback  stm32g4xx_hal_uart_ex.o
    0x08001e7a   0x08001e7a   0x00000002   PAD
    0x08001e7c   0x08001e7c   0x00000092   Code   RO          358    .text.HAL_UARTEx_SetRxFifoThreshold  stm32g4xx_hal_uart_ex.o
    0x08001f0e   0x08001f0e   0x00000002   PAD
    0x08001f10   0x08001f10   0x00000092   Code   RO          356    .text.HAL_UARTEx_SetTxFifoThreshold  stm32g4xx_hal_uart_ex.o
    0x08001fa2   0x08001fa2   0x00000002   PAD
    0x08001fa4   0x08001fa4   0x00000002   Code   RO          342    .text.HAL_UARTEx_TxFifoEmptyCallback  stm32g4xx_hal_uart_ex.o
    0x08001fa6   0x08001fa6   0x00000002   PAD
    0x08001fa8   0x08001fa8   0x00000002   Code   RO          338    .text.HAL_UARTEx_WakeupCallback  stm32g4xx_hal_uart_ex.o
    0x08001faa   0x08001faa   0x00000002   PAD
    0x08001fac   0x08001fac   0x0000010e   Code   RO          248    .text.HAL_UART_DMAStop  stm32g4xx_hal_uart.o
    0x080020ba   0x080020ba   0x00000002   PAD
    0x080020bc   0x080020bc   0x00000002   Code   RO          280    .text.HAL_UART_ErrorCallback  stm32g4xx_hal_uart.o
    0x080020be   0x080020be   0x00000002   PAD
    0x080020c0   0x080020c0   0x0000039e   Code   RO          276    .text.HAL_UART_IRQHandler  stm32g4xx_hal_uart.o
    0x0800245e   0x0800245e   0x00000002   PAD
    0x08002460   0x08002460   0x00000062   Code   RO          192    .text.HAL_UART_Init  stm32g4xx_hal_uart.o
    0x080024c2   0x080024c2   0x00000002   PAD
    0x080024c4   0x080024c4   0x0000010e   Code   RO           52    .text.HAL_UART_MspInit  usart.o
    0x080025d2   0x080025d2   0x00000002   PAD
    0x080025d4   0x080025d4   0x00000102   Code   RO          240    .text.HAL_UART_Receive_DMA  stm32g4xx_hal_uart.o
    0x080026d6   0x080026d6   0x00000002   PAD
    0x080026d8   0x080026d8   0x00000002   Code   RO          288    .text.HAL_UART_RxCpltCallback  stm32g4xx_hal_uart.o
    0x080026da   0x080026da   0x00000002   PAD
    0x080026dc   0x080026dc   0x00000002   Code   RO          290    .text.HAL_UART_RxHalfCpltCallback  stm32g4xx_hal_uart.o
    0x080026de   0x080026de   0x00000002   PAD
    0x080026e0   0x080026e0   0x00000104   Code   RO          212    .text.HAL_UART_Transmit  stm32g4xx_hal_uart.o
    0x080027e4   0x080027e4   0x00000002   Code   RO          284    .text.HAL_UART_TxCpltCallback  stm32g4xx_hal_uart.o
    0x080027e6   0x080027e6   0x00000002   PAD
    0x080027e8   0x080027e8   0x00000002   Code   RO           69    .text.HardFault_Handler  stm32g4xx_it.o
    0x080027ea   0x080027ea   0x00000002   PAD
    0x080027ec   0x080027ec   0x00000078   Code   RO          873    .text.Interface_1   mylcd.o
    0x08002864   0x08002864   0x0000005c   Code   RO          875    .text.Interface_2   mylcd.o
    0x080028c0   0x080028c0   0x000000a2   Code   RO          877    .text.Interface_3   mylcd.o
    0x08002962   0x08002962   0x00000002   PAD
    0x08002964   0x08002964   0x000001fc   Code   RO          879    .text.Interface_4   mylcd.o
    0x08002b60   0x08002b60   0x0000006c   Code   RO          912    .text.KEY_Scan      key.o
    0x08002bcc   0x08002bcc   0x0000009e   Code   RO          842    .text.LCD_Fill_Pic  lcd.o
    0x08002c6a   0x08002c6a   0x00000002   PAD
    0x08002c6c   0x08002c6c   0x000001e4   Code   RO          840    .text.LCD_Initial   lcd.o
    0x08002e50   0x08002e50   0x0000018e   Code   RO          850    .text.LCD_PutString  lcd.o
    0x08002fde   0x08002fde   0x00000002   PAD
    0x08002fe0   0x08002fe0   0x0000010c   Code   RO          832    .text.LCD_WR_REG    lcd.o
    0x080030ec   0x080030ec   0x00000026   Code   RO          903    .text.LED_ALL_OFF   led.o
    0x08003112   0x08003112   0x00000002   PAD
    0x08003114   0x08003114   0x000000c6   Code   RO          838    .text.Lcd_ColorBox  lcd.o
    0x080031da   0x080031da   0x00000002   PAD
    0x080031dc   0x080031dc   0x00000200   Code   RO          834    .text.Lcd_SetCursor  lcd.o
    0x080033dc   0x080033dc   0x00000056   Code   RO           41    .text.MX_DMA_Init   dma.o
    0x08003432   0x08003432   0x00000002   PAD
    0x08003434   0x08003434   0x00000118   Code   RO           32    .text.MX_GPIO_Init  gpio.o
    0x0800354c   0x0800354c   0x00000082   Code   RO           50    .text.MX_USART1_UART_Init  usart.o
    0x080035ce   0x080035ce   0x00000002   PAD
    0x080035d0   0x080035d0   0x00000002   Code   RO           71    .text.MemManage_Handler  stm32g4xx_it.o
    0x080035d2   0x080035d2   0x00000002   PAD
    0x080035d4   0x080035d4   0x00000002   Code   RO           67    .text.NMI_Handler   stm32g4xx_it.o
    0x080035d6   0x080035d6   0x00000002   PAD
    0x080035d8   0x080035d8   0x00000002   Code   RO           81    .text.PendSV_Handler  stm32g4xx_it.o
    0x080035da   0x080035da   0x00000002   PAD
    0x080035dc   0x080035dc   0x00000002   Code   RO           77    .text.SVC_Handler   stm32g4xx_it.o
    0x080035de   0x080035de   0x00000002   PAD
    0x080035e0   0x080035e0   0x00000004   Code   RO           83    .text.SysTick_Handler  stm32g4xx_it.o
    0x080035e4   0x080035e4   0x00000012   Code   RO          807    .text.SystemInit    system_stm32g4xx.o
    0x080035f6   0x080035f6   0x00000002   PAD
    0x080035f8   0x080035f8   0x000000e6   Code   RO          196    .text.UART_AdvFeatureConfig  stm32g4xx_hal_uart.o
    0x080036de   0x080036de   0x00000002   PAD
    0x080036e0   0x080036e0   0x000000be   Code   RO          200    .text.UART_CheckIdleState  stm32g4xx_hal_uart.o
    0x0800379e   0x0800379e   0x00000002   PAD
    0x080037a0   0x080037a0   0x00000010   Code   RO          278    .text.UART_DMAAbortOnError  stm32g4xx_hal_uart.o
    0x080037b0   0x080037b0   0x000000c8   Code   RO          238    .text.UART_DMAError  stm32g4xx_hal_uart.o
    0x08003878   0x08003878   0x00000082   Code   RO          322    .text.UART_DMAReceiveCplt  stm32g4xx_hal_uart.o
    0x080038fa   0x080038fa   0x00000002   PAD
    0x080038fc   0x080038fc   0x0000001a   Code   RO          324    .text.UART_DMARxHalfCplt  stm32g4xx_hal_uart.o
    0x08003916   0x08003916   0x00000002   PAD
    0x08003918   0x08003918   0x000002c0   Code   RO          198    .text.UART_SetConfig  stm32g4xx_hal_uart.o
    0x08003bd8   0x08003bd8   0x0000013e   Code   RO          214    .text.UART_WaitOnFlagUntilTimeout  stm32g4xx_hal_uart.o
    0x08003d16   0x08003d16   0x00000002   PAD
    0x08003d18   0x08003d18   0x0000018c   Code   RO           89    .text.USART1_IRQHandler  stm32g4xx_it.o
    0x08003ea4   0x08003ea4   0x00000002   Code   RO           75    .text.UsageFault_Handler  stm32g4xx_it.o
    0x08003ea6   0x08003ea6   0x00000002   PAD
    0x08003ea8   0x08003ea8   0x0000002c   Code   RO          867    .text.fputc         mylcd.o
    0x08003ed4   0x08003ed4   0x00000194   Code   RO           11    .text.main          main.o
    0x08004068   0x08004068   0x00000046   Code   RO          871    .text.mode2LED      mylcd.o
    0x080040ae   0x080040ae   0x00000002   PAD
    0x080040b0   0x080040b0   0x00000020   Code   RO         1175    i.__0printf         mc_w.l(printfa.o)
    0x080040d0   0x080040d0   0x00000028   Code   RO         1177    i.__0sprintf        mc_w.l(printfa.o)
    0x080040f8   0x080040f8   0x0000000e   Code   RO         1254    i.__scatterload_copy  mc_w.l(handlers.o)
    0x08004106   0x08004106   0x00000002   Code   RO         1255    i.__scatterload_null  mc_w.l(handlers.o)
    0x08004108   0x08004108   0x0000000e   Code   RO         1256    i.__scatterload_zeroinit  mc_w.l(handlers.o)
    0x08004116   0x08004116   0x00000002   PAD
    0x08004118   0x08004118   0x00000184   Code   RO         1182    i._fp_digits        mc_w.l(printfa.o)
    0x0800429c   0x0800429c   0x000006dc   Code   RO         1183    i._printf_core      mc_w.l(printfa.o)
    0x08004978   0x08004978   0x00000024   Code   RO         1184    i._printf_post_padding  mc_w.l(printfa.o)
    0x0800499c   0x0800499c   0x0000002e   Code   RO         1185    i._printf_pre_padding  mc_w.l(printfa.o)
    0x080049ca   0x080049ca   0x0000000a   Code   RO         1187    i._sputc            mc_w.l(printfa.o)
    0x080049d4   0x080049d4   0x00000024   Code   RO          922    i.puts              mc_w.l(puts.o)
    0x080049f8   0x080049f8   0x00007080   Data   RO          895    .rodata.ABCPics     mypic.o
    0x0800ba78   0x0800ba78   0x00000010   Data   RO          812    .rodata.AHBPrescTable  system_stm32g4xx.o
    0x0800ba88   0x0800ba88   0x00000008   Data   RO          813    .rodata.APBPrescTable  system_stm32g4xx.o
    0x0800ba90   0x0800ba90   0x00017700   Data   RO          894    .rodata.NumberPics  mypic.o
    0x08023190   0x08023190   0x00000018   Data   RO          326    .rodata.UARTPrescTable  stm32g4xx_hal_uart.o
    0x080231a8   0x080231a8   0x000004c9   Data   RO          857    .rodata.codeGB_16   lcd.o
    0x08023671   0x08023671   0x00000003   PAD
    0x08023674   0x08023674   0x00000010   Data   RO          327    .rodata.cst16       stm32g4xx_hal_uart.o
    0x08023684   0x08023684   0x00000010   Data   RO          368    .rodata.cst8        stm32g4xx_hal_uart_ex.o
    0x08023694   0x08023694   0x00000600   Data   RO          856    .rodata.nAsciiDot   lcd.o
    0x08023c94   0x08023c94   0x0003843f   Data   RO          885    .rodata.person_info  mylcd.o
    0x0805c0d3   0x0805c0d3   0x0000000f   Data   RO           91    .rodata.str1.1      stm32g4xx_it.o
    0x0805c0e2   0x0805c0e2   0x0000006d   Data   RO          884    .rodata.str1.1      mylcd.o
    0x0805c14f   0x0805c14f   0x00000001   PAD
    0x0805c150   0x0805c150   0x00000020   Data   RO         1253    Region$$Table       anon$$obj.o


    Execution Region RW_IRAM1 (Exec base: 0x20000000, Load base: 0x0805c170, Size: 0x00000790, Max: 0x00020000, ABSOLUTE)

    Exec Addr    Load Addr    Size         Type   Attr      Idx    E Section Name        Object

    0x20000000   0x0805c170   0x00000004   Data   RW         1219    .data               mc_w.l(stdout.o)
    0x20000004   0x0805c174   0x00000004   Data   RW          811    .data.SystemCoreClock  system_stm32g4xx.o
    0x20000008   0x0805c178   0x00000014   Data   RW          883    .data.text_content  mylcd.o
    0x2000001c   0x0805c18c   0x00000004   Data   RW          454    .data.uwTickFreq    stm32g4xx_hal.o
    0x20000020   0x0805c190   0x00000004   Data   RW          453    .data.uwTickPrio    stm32g4xx_hal.o
    0x20000024   0x0805c194   0x00000004   PAD
    0x20000028        -       0x00000004   Zero   RW           20    .bss.check_flag     main.o
    0x2000002c        -       0x00000004   Zero   RW           19    .bss.check_number   main.o
    0x20000030        -       0x00000001   Zero   RW           17    .bss.data_len       main.o
    0x20000031        -       0x000000ff   Zero   RW           22    .bss.data_str       main.o
    0x20000130        -       0x00000060   Zero   RW           57    .bss.hdma_usart1_rx  usart.o
    0x20000190        -       0x00000060   Zero   RW           58    .bss.hdma_usart1_tx  usart.o
    0x200001f0        -       0x00000094   Zero   RW           56    .bss.huart1         usart.o
    0x20000284        -       0x00000004   Zero   RW           18    .bss.mode           main.o
    0x20000288        -       0x000000ff   Zero   RW           21    .bss.receive_buff   main.o
    0x20000387   0x0805c194   0x00000001   PAD
    0x20000388        -       0x00000004   Zero   RW          455    .bss.uwTick         stm32g4xx_hal.o
    0x2000038c   0x0805c194   0x00000004   PAD
    0x20000390        -       0x00000400   Zero   RW            1    STACK               startup_stm32g474xx.o


==============================================================================

Image component sizes


      Code (inc. data)   RO Data    RW Data    ZI Data      Debug   Object Name

        86          0          0          0          0       4144   dma.o
       280          0          0          0          0       2538   gpio.o
       108          0          0          0          0       1207   key.o
      2612          0       2761          0          0      13349   lcd.o
        38          0          0          0          0       1341   led.o
       414         64          0          0        523       3098   main.o
       996         60     230572         20          0       4624   mylcd.o
         0          0     124800          0          0        480   mypic.o
        36          8        472          0       1024        844   startup_stm32g474xx.o
       198          0          0          8          4       9533   stm32g4xx_hal.o
       196          0          0          0          0      10851   stm32g4xx_hal_cortex.o
       912          0          0          0          0       8866   stm32g4xx_hal_dma.o
       438          0          0          0          0       5222   stm32g4xx_hal_gpio.o
        52          0          0          0          0       1776   stm32g4xx_hal_msp.o
       260          0          0          0          0       9253   stm32g4xx_hal_pwr_ex.o
      2156          0          0          0          0      10096   stm32g4xx_hal_rcc.o
       808          0          0          0          0      10997   stm32g4xx_hal_rcc_ex.o
      3636         46         40          0          0      35511   stm32g4xx_hal_uart.o
       352          0         16          0          0      10837   stm32g4xx_hal_uart_ex.o
       440         20         15          0          0       4151   stm32g4xx_it.o
        18          0         24          4          0       2792   system_stm32g4xx.o
       400          0          0          0        340       9330   usart.o

    ----------------------------------------------------------------------
     14548        198     358736         32       1900     160840   Object Totals
         0          0         32          0          0          0   (incl. Generated)
       112          0          4          0          9          0   (incl. Padding)

    ----------------------------------------------------------------------

      Code (inc. data)   RO Data    RW Data    ZI Data      Debug   Library Member Name

         0          0          0          0          0          0   entry.o
         0          0          0          0          0          0   entry10a.o
         0          0          0          0          0          0   entry11a.o
         8          4          0          0          0          0   entry2.o
         4          0          0          0          0          0   entry5.o
         0          0          0          0          0          0   entry7b.o
         0          0          0          0          0          0   entry8b.o
         8          4          0          0          0          0   entry9a.o
        30          0          0          0          0          0   handlers.o
        48         10          0          0          0         68   init.o
         0          0          0          0          0          0   iusefp.o
        30          0          0          0          0         68   llshl.o
        36          0          0          0          0         68   llsshr.o
        32          0          0          0          0         68   llushr.o
        36          0          0          0          0         68   memcpya.o
        36          0          0          0          0        108   memseta.o
      2308         96          0          0          0        604   printfa.o
        36          6          0          0          0         80   puts.o
         0          0          0          4          0          0   stdout.o
        30          0          0          0          0         80   strncmp.o
        24          0          0          0          0         76   strncpy.o
        36          0          0          0          0         80   strstr.o
        44          0          0          0          0         80   uidiv.o
        98          0          0          0          0         92   uldiv.o
        48          0          0          0          0         68   cdrcmple.o
       334          0          0          0          0        148   dadd.o
       222          0          0          0          0        100   ddiv.o
       186          0          0          0          0        176   depilogue.o
        48          0          0          0          0         68   dfixul.o
       228          0          0          0          0         96   dmul.o

    ----------------------------------------------------------------------
      3916        120          0          4          0       2196   Library Totals
         6          0          0          0          0          0   (incl. Padding)

    ----------------------------------------------------------------------

      Code (inc. data)   RO Data    RW Data    ZI Data      Debug   Library Name

      2844        120          0          4          0       1540   mc_w.l
      1066          0          0          0          0        656   mf_w.l

    ----------------------------------------------------------------------
      3916        120          0          4          0       2196   Library Totals

    ----------------------------------------------------------------------

==============================================================================


      Code (inc. data)   RO Data    RW Data    ZI Data      Debug   

     18464        318     358736         36       1900     161664   Grand Totals
     18464        318     358736         36       1900     161664   ELF Image Totals
     18464        318     358736         36          0          0   ROM Totals

==============================================================================

    Total RO  Size (Code + RO Data)               377200 ( 368.36kB)
    Total RW  Size (RW Data + ZI Data)              1936 (   1.89kB)
    Total ROM Size (Code + RO Data + RW Data)     377236 ( 368.39kB)

==============================================================================

